../Drivers/CMSIS/Include/core_cm3.h:1511:22:__NVIC_EnableIRQ	16	static
../Core/Src/drive_time.c:23:6:Timer2_Init	8	static
../Core/Src/drive_time.c:43:6:Timer3_Init	8	static
../Core/Src/drive_time.c:63:6:TIM3_IRQHandler	8	static
../Core/Src/drive_time.c:84:10:millis	4	static
../Core/Src/drive_time.c:88:9:IsTickChange	4	static
../Core/Src/drive_time.c:97:9:IsSecondChange	4	static
../Core/Src/drive_time.c:106:6:TIM2_IRQHandler	16	static
../Core/Src/drive_time.c:161:6:reset_timer	16	static
../Core/Src/drive_time.c:174:6:reset_timer_one_channel	16	static
../Core/Src/drive_time.c:181:6:Delay_SetTimer	16	static
../Core/Src/drive_time.c:188:9:Delay_GetTimer	16	static
../Core/Src/drive_time.c:201:9:check_timedelay	16	static
