../Core/Src/i2c_drive.c:23:9:DS1302_DecodeBCD	16	static
../Core/Src/i2c_drive.c:32:9:DS1307_DecodeBCD	16	static
../Core/Src/i2c_drive.c:36:9:DS1307_EncodeBCD	16	static
../Core/Src/i2c_drive.c:39:6:I2C_WriteBuffer	16	static
../Core/Src/i2c_drive.c:46:6:I2C_ReadBuff	16	static
../Core/Src/i2c_drive.c:54:6:DS1307_SetRegByte	32	static
../Core/Src/i2c_drive.c:58:9:DS1307_GetRegByte	32	static
../Core/Src/i2c_drive.c:68:6:DS1307_SetClockHalt	24	static
../Core/Src/i2c_drive.c:78:6:DS1307_SetTimeZone	16	static
../Core/Src/i2c_drive.c:82:6:DS1307_config	8	static
../Core/Src/i2c_drive.c:86:6:DS1307_settime	24	static
../Core/Src/i2c_drive.c:97:6:RTC_Get_Time	96	static
../Core/Src/i2c_drive.c:105:6:DS1307_gettime	16	static
../Core/Src/i2c_drive.c:120:6:I2C_Stop	4	static
../Core/Src/i2c_drive.c:125:6:I2C_Init	8	static
../Core/Src/i2c_drive.c:140:6:Master_Tranmit	16	static
../Core/Src/i2c_drive.c:156:9:Master_Receive	16	static
../Core/Src/i2c_drive.c:186:6:reset_buffer	24	static
../Core/Src/i2c_drive.c:193:6:settimer	32	static
../Core/Src/i2c_drive.c:215:6:gettime	40	static
../Core/Src/i2c_drive.c:254:6:Task_LED_UV	16	static
../Core/Src/i2c_drive.c:293:6:Task_FAN_QUARTER	16	static
../Core/Src/i2c_drive.c:323:6:Realtime_UpdateWithDayOfWeek	16	static
../Core/Src/i2c_drive.c:338:6:Mobus_write_singleCoil	24	static
../Core/Src/i2c_drive.c:350:10:MAX6675_ReadTemp	16	static
