../Core/Src/wizchip_conf.c:66:9:wizchip_cris_enter	4	static
../Core/Src/wizchip_conf.c:76:9:wizchip_cris_exit	4	static
../Core/Src/wizchip_conf.c:84:7:wizchip_cs_select	8	static
../Core/Src/wizchip_conf.c:95:7:wizchip_cs_deselect	8	static
../Core/Src/wizchip_conf.c:108:10:wizchip_bus_readdata	16	static
../Core/Src/wizchip_conf.c:123:7:wizchip_bus_writedata	24	static
../Core/Src/wizchip_conf.c:187:9:wizchip_spi_readbyte	4	static
../Core/Src/wizchip_conf.c:195:7:wizchip_spi_writebyte	16	static
../Core/Src/wizchip_conf.c:205:7:wizchip_spi_readburst	32	static
../Core/Src/wizchip_conf.c:224:7:wizchip_spi_writeburst	24	static
../Core/Src/wizchip_conf.c:241:6:wizchip_qspi_read	24	static
../Core/Src/wizchip_conf.c:248:6:wizchip_qspi_write	24	static
../Core/Src/wizchip_conf.c:307:6:reg_wizchip_cris_cbfunc	16	static
../Core/Src/wizchip_conf.c:321:6:reg_wizchip_cs_cbfunc	16	static
../Core/Src/wizchip_conf.c:416:6:reg_wizchip_spi_cbfunc	16	static
../Core/Src/wizchip_conf.c:434:6:reg_wizchip_spiburst_cbfunc	16	static
../Core/Src/wizchip_conf.c:468:8:ctlwizchip	40	static
../Core/Src/wizchip_conf.c:600:8:ctlnetwork	16	static
../Core/Src/wizchip_conf.c:642:6:wizchip_sw_reset	32	static
../Core/Src/wizchip_conf.c:696:8:wizchip_init	24	static
../Core/Src/wizchip_conf.c:780:6:wizchip_clrinterrupt	24	static
../Core/Src/wizchip_conf.c:826:11:wizchip_getinterrupt	16	static
../Core/Src/wizchip_conf.c:863:6:wizchip_setinterruptmask	24	static
../Core/Src/wizchip_conf.c:892:11:wizchip_getinterruptmask	16	static
../Core/Src/wizchip_conf.c:927:8:wizphy_getphylink	16	static
../Core/Src/wizchip_conf.c:957:8:wizphy_getphypmode	16	static
../Core/Src/wizchip_conf.c:1067:6:wizphy_reset	16	static
../Core/Src/wizchip_conf.c:1077:6:wizphy_setphyconf	24	static
../Core/Src/wizchip_conf.c:1107:6:wizphy_getphyconf	24	static
../Core/Src/wizchip_conf.c:1146:6:wizphy_getphystat	24	static
../Core/Src/wizchip_conf.c:1153:8:wizphy_setphypmode	24	static
../Core/Src/wizchip_conf.c:1386:6:wizchip_setnetinfo	16	static
../Core/Src/wizchip_conf.c:1399:6:wizchip_getnetinfo	16	static
../Core/Src/wizchip_conf.c:1412:8:wizchip_setnetmode	24	static
../Core/Src/wizchip_conf.c:1426:14:wizchip_getnetmode	8	static
../Core/Src/wizchip_conf.c:1431:6:wizchip_settimeout	16	static
../Core/Src/wizchip_conf.c:1437:6:wizchip_gettimeout	24	static
