Archive member included to satisfy reference by file (symbol)

C:/Users/Admin/STM32CubeIDE_1.16.0/STM32CubeIDE/plugins/com.st.stm32cube.ide.mcu.externaltools.gnu-tools-for-stm32.12.3.rel1.win32_1.0.200.202406191623/tools/bin/../lib/gcc/arm-none-eabi/12.3.1/../../../../arm-none-eabi/lib/thumb/v7e-m+fp/hard\libc_nano.a(libc_a-exit.o)
                              C:/Users/Admin/STM32CubeIDE_1.16.0/STM32CubeIDE/plugins/com.st.stm32cube.ide.mcu.externaltools.gnu-tools-for-stm32.12.3.rel1.win32_1.0.200.202406191623/tools/bin/../lib/gcc/arm-none-eabi/12.3.1/../../../../arm-none-eabi/lib/thumb/v7e-m+fp/hard/crt0.o (exit)
C:/Users/Admin/STM32CubeIDE_1.16.0/STM32CubeIDE/plugins/com.st.stm32cube.ide.mcu.externaltools.gnu-tools-for-stm32.12.3.rel1.win32_1.0.200.202406191623/tools/bin/../lib/gcc/arm-none-eabi/12.3.1/../../../../arm-none-eabi/lib/thumb/v7e-m+fp/hard\libc_nano.a(libc_a-findfp.o)
                              C:/Users/Admin/STM32CubeIDE_1.16.0/STM32CubeIDE/plugins/com.st.stm32cube.ide.mcu.externaltools.gnu-tools-for-stm32.12.3.rel1.win32_1.0.200.202406191623/tools/bin/../lib/gcc/arm-none-eabi/12.3.1/../../../../arm-none-eabi/lib/thumb/v7e-m+fp/hard\libc_nano.a(libc_a-exit.o) (__stdio_exit_handler)
C:/Users/Admin/STM32CubeIDE_1.16.0/STM32CubeIDE/plugins/com.st.stm32cube.ide.mcu.externaltools.gnu-tools-for-stm32.12.3.rel1.win32_1.0.200.202406191623/tools/bin/../lib/gcc/arm-none-eabi/12.3.1/../../../../arm-none-eabi/lib/thumb/v7e-m+fp/hard\libc_nano.a(libc_a-fwalk.o)
                              C:/Users/Admin/STM32CubeIDE_1.16.0/STM32CubeIDE/plugins/com.st.stm32cube.ide.mcu.externaltools.gnu-tools-for-stm32.12.3.rel1.win32_1.0.200.202406191623/tools/bin/../lib/gcc/arm-none-eabi/12.3.1/../../../../arm-none-eabi/lib/thumb/v7e-m+fp/hard\libc_nano.a(libc_a-findfp.o) (_fwalk_sglue)
C:/Users/Admin/STM32CubeIDE_1.16.0/STM32CubeIDE/plugins/com.st.stm32cube.ide.mcu.externaltools.gnu-tools-for-stm32.12.3.rel1.win32_1.0.200.202406191623/tools/bin/../lib/gcc/arm-none-eabi/12.3.1/../../../../arm-none-eabi/lib/thumb/v7e-m+fp/hard\libc_nano.a(libc_a-stdio.o)
                              C:/Users/Admin/STM32CubeIDE_1.16.0/STM32CubeIDE/plugins/com.st.stm32cube.ide.mcu.externaltools.gnu-tools-for-stm32.12.3.rel1.win32_1.0.200.202406191623/tools/bin/../lib/gcc/arm-none-eabi/12.3.1/../../../../arm-none-eabi/lib/thumb/v7e-m+fp/hard\libc_nano.a(libc_a-findfp.o) (__sread)
C:/Users/Admin/STM32CubeIDE_1.16.0/STM32CubeIDE/plugins/com.st.stm32cube.ide.mcu.externaltools.gnu-tools-for-stm32.12.3.rel1.win32_1.0.200.202406191623/tools/bin/../lib/gcc/arm-none-eabi/12.3.1/../../../../arm-none-eabi/lib/thumb/v7e-m+fp/hard\libc_nano.a(libc_a-memset.o)
                              C:/Users/Admin/STM32CubeIDE_1.16.0/STM32CubeIDE/plugins/com.st.stm32cube.ide.mcu.externaltools.gnu-tools-for-stm32.12.3.rel1.win32_1.0.200.202406191623/tools/bin/../lib/gcc/arm-none-eabi/12.3.1/../../../../arm-none-eabi/lib/thumb/v7e-m+fp/hard/crt0.o (memset)
C:/Users/Admin/STM32CubeIDE_1.16.0/STM32CubeIDE/plugins/com.st.stm32cube.ide.mcu.externaltools.gnu-tools-for-stm32.12.3.rel1.win32_1.0.200.202406191623/tools/bin/../lib/gcc/arm-none-eabi/12.3.1/../../../../arm-none-eabi/lib/thumb/v7e-m+fp/hard\libc_nano.a(libc_a-closer.o)
                              C:/Users/Admin/STM32CubeIDE_1.16.0/STM32CubeIDE/plugins/com.st.stm32cube.ide.mcu.externaltools.gnu-tools-for-stm32.12.3.rel1.win32_1.0.200.202406191623/tools/bin/../lib/gcc/arm-none-eabi/12.3.1/../../../../arm-none-eabi/lib/thumb/v7e-m+fp/hard\libc_nano.a(libc_a-stdio.o) (_close_r)
C:/Users/Admin/STM32CubeIDE_1.16.0/STM32CubeIDE/plugins/com.st.stm32cube.ide.mcu.externaltools.gnu-tools-for-stm32.12.3.rel1.win32_1.0.200.202406191623/tools/bin/../lib/gcc/arm-none-eabi/12.3.1/../../../../arm-none-eabi/lib/thumb/v7e-m+fp/hard\libc_nano.a(libc_a-reent.o)
                              C:/Users/Admin/STM32CubeIDE_1.16.0/STM32CubeIDE/plugins/com.st.stm32cube.ide.mcu.externaltools.gnu-tools-for-stm32.12.3.rel1.win32_1.0.200.202406191623/tools/bin/../lib/gcc/arm-none-eabi/12.3.1/../../../../arm-none-eabi/lib/thumb/v7e-m+fp/hard\libc_nano.a(libc_a-closer.o) (errno)
C:/Users/Admin/STM32CubeIDE_1.16.0/STM32CubeIDE/plugins/com.st.stm32cube.ide.mcu.externaltools.gnu-tools-for-stm32.12.3.rel1.win32_1.0.200.202406191623/tools/bin/../lib/gcc/arm-none-eabi/12.3.1/../../../../arm-none-eabi/lib/thumb/v7e-m+fp/hard\libc_nano.a(libc_a-impure.o)
                              C:/Users/Admin/STM32CubeIDE_1.16.0/STM32CubeIDE/plugins/com.st.stm32cube.ide.mcu.externaltools.gnu-tools-for-stm32.12.3.rel1.win32_1.0.200.202406191623/tools/bin/../lib/gcc/arm-none-eabi/12.3.1/../../../../arm-none-eabi/lib/thumb/v7e-m+fp/hard\libc_nano.a(libc_a-reent.o) (_impure_ptr)
C:/Users/Admin/STM32CubeIDE_1.16.0/STM32CubeIDE/plugins/com.st.stm32cube.ide.mcu.externaltools.gnu-tools-for-stm32.12.3.rel1.win32_1.0.200.202406191623/tools/bin/../lib/gcc/arm-none-eabi/12.3.1/../../../../arm-none-eabi/lib/thumb/v7e-m+fp/hard\libc_nano.a(libc_a-lseekr.o)
[...]
Memory Configuration

Name             Origin             Length             Attributes
CCMRAM           0x10000000         0x00010000         xrw
RAM              0x20000000         0x00020000         xrw
FLASH            0x08000000         0x00080000         xr
*default*        0x00000000         0xffffffff

Linker script and memory map

LOAD C:/Users/Admin/STM32CubeIDE_1.16.0/STM32CubeIDE/plugins/com.st.stm32cube.ide.mcu.externaltools.gnu-tools-for-stm32.12.3.rel1.win32_1.0.200.202406191623/tools/bin/../lib/gcc/arm-none-eabi/12.3.1/thumb/v7e-m+fp/hard/crti.o
LOAD C:/Users/Admin/STM32CubeIDE_1.16.0/STM32CubeIDE/plugins/com.st.stm32cube.ide.mcu.externaltools.gnu-tools-for-stm32.12.3.rel1.win32_1.0.200.202406191623/tools/bin/../lib/gcc/arm-none-eabi/12.3.1/thumb/v7e-m+fp/hard/crtbegin.o
LOAD C:/Users/Admin/STM32CubeIDE_1.16.0/STM32CubeIDE/plugins/com.st.stm32cube.ide.mcu.externaltools.gnu-tools-for-stm32.12.3.rel1.win32_1.0.200.202406191623/tools/bin/../lib/gcc/arm-none-eabi/12.3.1/../../../../arm-none-eabi/lib/thumb/v7e-m+fp/hard/crt0.o
LOAD ./Core/Src/drive.o
LOAD ./Core/Src/drive_time.o
LOAD ./Core/Src/main.o
LOAD ./Core/Src/mgr_hmi.o
LOAD ./Core/Src/stm32f4xx_hal_msp.o
LOAD ./Core/Src/stm32f4xx_it.o
LOAD ./Core/Src/syscalls.o
LOAD ./Core/Src/sysmem.o
LOAD ./Core/Src/system_stm32f4xx.o
LOAD ./Core/Startup/startup_stm32f407vetx.o
LOAD ./Drivers/STM32F4xx_HAL_Driver/Src/stm32f4xx_hal.o
LOAD ./Drivers/STM32F4xx_HAL_Driver/Src/stm32f4xx_hal_cortex.o
LOAD ./Drivers/STM32F4xx_HAL_Driver/Src/stm32f4xx_hal_dma.o
LOAD ./Drivers/STM32F4xx_HAL_Driver/Src/stm32f4xx_hal_dma_ex.o
LOAD ./Drivers/STM32F4xx_HAL_Driver/Src/stm32f4xx_hal_exti.o
LOAD ./Drivers/STM32F4xx_HAL_Driver/Src/stm32f4xx_hal_flash.o
LOAD ./Drivers/STM32F4xx_HAL_Driver/Src/stm32f4xx_hal_flash_ex.o
LOAD ./Drivers/STM32F4xx_HAL_Driver/Src/stm32f4xx_hal_flash_ramfunc.o
LOAD ./Drivers/STM32F4xx_HAL_Driver/Src/stm32f4xx_hal_gpio.o
LOAD ./Drivers/STM32F4xx_HAL_Driver/Src/stm32f4xx_hal_pcd.o
LOAD ./Drivers/STM32F4xx_HAL_Driver/Src/stm32f4xx_hal_pcd_ex.o
LOAD ./Drivers/STM32F4xx_HAL_Driver/Src/stm32f4xx_hal_pwr.o
LOAD ./Drivers/STM32F4xx_HAL_Driver/Src/stm32f4xx_hal_pwr_ex.o
LOAD ./Drivers/STM32F4xx_HAL_Driver/Src/stm32f4xx_hal_rcc.o
LOAD ./Drivers/STM32F4xx_HAL_Driver/Src/stm32f4xx_hal_rcc_ex.o
LOAD ./Drivers/STM32F4xx_HAL_Driver/Src/stm32f4xx_hal_tim.o
LOAD ./Drivers/STM32F4xx_HAL_Driver/Src/stm32f4xx_hal_tim_ex.o
LOAD ./Drivers/STM32F4xx_HAL_Driver/Src/stm32f4xx_hal_uart.o
LOAD ./Drivers/STM32F4xx_HAL_Driver/Src/stm32f4xx_ll_usb.o
LOAD ./Middlewares/ST/STM32_USB_Device_Library/Class/CDC/Src/usbd_cdc.o
LOAD ./Middlewares/ST/STM32_USB_Device_Library/Core/Src/usbd_core.o
LOAD ./Middlewares/ST/STM32_USB_Device_Library/Core/Src/usbd_ctlreq.o
LOAD ./Middlewares/ST/STM32_USB_Device_Library/Core/Src/usbd_ioreq.o
LOAD ./USB_DEVICE/App/usb_device.o
LOAD ./USB_DEVICE/App/usbd_cdc_if.o
LOAD ./USB_DEVICE/App/usbd_desc.o
LOAD ./USB_DEVICE/Target/usbd_conf.o
LOAD ./modbus/Common.o
LOAD ./modbus/RS232.o
LOAD ./modbus/delay.o
LOAD ./modbus/modbusSlave.o
LOAD ./modbus/modbus_crc.o
START GROUP
LOAD C:/Users/Admin/STM32CubeIDE_1.16.0/STM32CubeIDE/plugins/com.st.stm32cube.ide.mcu.externaltools.gnu-tools-for-stm32.12.3.rel1.win32_1.0.200.202406191623/tools/bin/../lib/gcc/arm-none-eabi/12.3.1/../../../../arm-none-eabi/lib/thumb/v7e-m+fp/hard\libc_nano.a
LOAD C:/Users/Admin/STM32CubeIDE_1.16.0/STM32CubeIDE/plugins/com.st.stm32cube.ide.mcu.externaltools.gnu-tools-for-stm32.12.3.rel1.win32_1.0.200.202406191623/tools/bin/../lib/gcc/arm-none-eabi/12.3.1/../../../../arm-none-eabi/lib/thumb/v7e-m+fp/hard\libm.a
END GROUP
START GROUP
LOAD C:/Users/Admin/STM32CubeIDE_1.16.0/STM32CubeIDE/plugins/com.st.stm32cube.ide.mcu.externaltools.gnu-tools-for-stm32.12.3.rel1.win32_1.0.200.202406191623/tools/bin/../lib/gcc/arm-none-eabi/12.3.1/thumb/v7e-m+fp/hard\libgcc.a
LOAD C:/Users/Admin/STM32CubeIDE_1.16.0/STM32CubeIDE/plugins/com.st.stm32cube.ide.mcu.externaltools.gnu-tools-for-stm32.12.3.rel1.win32_1.0.200.202406191623/tools/bin/../lib/gcc/arm-none-eabi/12.3.1/../../../../arm-none-eabi/lib/thumb/v7e-m+fp/hard\libc_nano.a
END GROUP
START GROUP
LOAD C:/Users/Admin/STM32CubeIDE_1.16.0/STM32CubeIDE/plugins/com.st.stm32cube.ide.mcu.externaltools.gnu-tools-for-stm32.12.3.rel1.win32_1.0.200.202406191623/tools/bin/../lib/gcc/arm-none-eabi/12.3.1/thumb/v7e-m+fp/hard\libgcc.a
LOAD C:/Users/Admin/STM32CubeIDE_1.16.0/STM32CubeIDE/plugins/com.st.stm32cube.ide.mcu.externaltools.gnu-tools-for-stm32.12.3.rel1.win32_1.0.200.202406191623/tools/bin/../lib/gcc/arm-none-eabi/12.3.1/../../../../arm-none-eabi/lib/thumb/v7e-m+fp/hard\libc_nano.a
LOAD C:/Users/Admin/STM32CubeIDE_1.16.0/STM32CubeIDE/plugins/com.st.stm32cube.ide.mcu.externaltools.gnu-tools-for-stm32.12.3.rel1.win32_1.0.200.202406191623/tools/bin/../lib/gcc/arm-none-eabi/12.3.1/../../../../arm-none-eabi/lib/thumb/v7e-m+fp/hard\libnosys.a
END GROUP
START GROUP
LOAD C:/Users/Admin/STM32CubeIDE_1.16.0/STM32CubeIDE/plugins/com.st.stm32cube.ide.mcu.externaltools.gnu-tools-for-stm32.12.3.rel1.win32_1.0.200.202406191623/tools/bin/../lib/gcc/arm-none-eabi/12.3.1/thumb/v7e-m+fp/hard\libgcc.a
LOAD C:/Users/Admin/STM32CubeIDE_1.16.0/STM32CubeIDE/plugins/com.st.stm32cube.ide.mcu.externaltools.gnu-tools-for-stm32.12.3.rel1.win32_1.0.200.202406191623/tools/bin/../lib/gcc/arm-none-eabi/12.3.1/../../../../arm-none-eabi/lib/thumb/v7e-m+fp/hard\libc_nano.a
LOAD C:/Users/Admin/STM32CubeIDE_1.16.0/STM32CubeIDE/plugins/com.st.stm32cube.ide.mcu.externaltools.gnu-tools-for-stm32.12.3.rel1.win32_1.0.200.202406191623/tools/bin/../lib/gcc/arm-none-eabi/12.3.1/../../../../arm-none-eabi/lib/thumb/v7e-m+fp/hard\libnosys.a
END GROUP
LOAD C:/Users/Admin/STM32CubeIDE_1.16.0/STM32CubeIDE/plugins/com.st.stm32cube.ide.mcu.externaltools.gnu-tools-for-stm32.12.3.rel1.win32_1.0.200.202406191623/tools/bin/../lib/gcc/arm-none-eabi/12.3.1/thumb/v7e-m+fp/hard/crtend.o
LOAD C:/Users/Admin/STM32CubeIDE_1.16.0/STM32CubeIDE/plugins/com.st.stm32cube.ide.mcu.externaltools.gnu-tools-for-stm32.12.3.rel1.win32_1.0.200.202406191623/tools/bin/../lib/gcc/arm-none-eabi/12.3.1/thumb/v7e-m+fp/hard/crtn.o
                0x20020000                        _estack = (ORIGIN (RAM) + LENGTH (RAM))
                0x00000200                        _Min_Heap_Size = 0x200
                0x00000400                        _Min_Stack_Size = 0x400

.isr_vector     0x08000000      0x188
                0x08000000                        . = ALIGN (0x4)
 *(.isr_vector)
 .isr_vector    0x08000000      0x188 ./Core/Startup/startup_stm32f407vetx.o
                0x08000000                g_pfnVectors
                0x08000188                        . = ALIGN (0x4)

.text           0x08000188     0xc64c
                0x08000188                        . = ALIGN (0x4)
 *(.text)
 .text          0x08000188       0x40 C:/Users/Admin/STM32CubeIDE_1.16.0/STM32CubeIDE/plugins/com.st.stm32cube.ide.mcu.externaltools.gnu-tools-for-stm32.12.3.rel1.win32_1.0.200.202406191623/tools/bin/../lib/gcc/arm-none-eabi/12.3.1/thumb/v7e-m+fp/hard/crtbegin.o
 .text          0x080001c8       0x30 C:/Users/Admin/STM32CubeIDE_1.16.0/STM32CubeIDE/plugins/com.st.stm32cube.ide.mcu.externaltools.gnu-tools-for-stm32.12.3.rel1.win32_1.0.200.202406191623/tools/bin/../lib/gcc/arm-none-eabi/12.3.1/thumb/v7e-m+fp/hard\libgcc.a(_aeabi_uldivmod.o)
                0x080001c8                __aeabi_uldivmod
 .text          0x080001f8      0x2bc C:/Users/Admin/STM32CubeIDE_1.16.0/STM32CubeIDE/plugins/com.st.stm32cube.ide.mcu.externaltools.gnu-tools-for-stm32.12.3.rel1.win32_1.0.200.202406191623/tools/bin/../lib/gcc/arm-none-eabi/12.3.1/thumb/v7e-m+fp/hard\libgcc.a(_udivmoddi4.o)
                0x080001f8                __udivmoddi4
 .text          0x080004b4        0x4 C:/Users/Admin/STM32CubeIDE_1.16.0/STM32CubeIDE/plugins/com.st.stm32cube.ide.mcu.externaltools.gnu-tools-for-stm32.12.3.rel1.win32_1.0.200.202406191623/tools/bin/../lib/gcc/arm-none-eabi/12.3.1/thumb/v7e-m+fp/hard\libgcc.a(_dvmd_tls.o)
                0x080004b4                __aeabi_idiv0
                0x080004b4                __aeabi_ldiv0
 *(.text*)
 .text.Init_Timer_chanal
                0x080004b8       0x80 ./Core/Src/drive.o
                0x080004b8                Init_Timer_chanal
 .text.Robot_Init
                0x08000538      0x1c8 ./Core/Src/drive.o
                0x08000538                Robot_Init
 .text.MC_MoveAbsolute
                0x08000700      0x1f4 ./Core/Src/drive.o
                0x08000700                MC_MoveAbsolute
 .text.MC_Stop  0x080008f4       0x38 ./Core/Src/drive.o
                0x080008f4                MC_Stop
 .text.MC_MoveLinear
                0x0800092c      0x118 ./Core/Src/drive.o
                0x0800092c                MC_MoveLinear
 .text.MC_MoveHandle
                0x08000a44       0xe8 ./Core/Src/drive.o
                0x08000a44                MC_MoveHandle
 .text.Rotbot_controler
                0x08000b2c      0x330 ./Core/Src/drive.o
                0x08000b2c                Rotbot_controler
 .text.MC_Control_Interrupt
                0x08000e5c       0x48 ./Core/Src/drive.o
                0x08000e5c                MC_Control_Interrupt
 .text.Set_Direction_OX
                0x08000ea4       0x24 ./Core/Src/drive.o
                0x08000ea4                Set_Direction_OX
 .text.Set_Direction_OY
                0x08000ec8       0x24 ./Core/Src/drive.o
                0x08000ec8                Set_Direction_OY
 .text.Set_Direction_OZ
                0x08000eec       0x24 ./Core/Src/drive.o
                0x08000eec                Set_Direction_OZ
 .text.TIM7_Interrupt
                0x08000f10       0x94 ./Core/Src/drive_time.o
                0x08000f10                TIM7_Interrupt
 .text.Delay_SetTimer
                0x08000fa4       0x70 ./Core/Src/drive_time.o
                0x08000fa4                Delay_SetTimer
 .text.Delay_GetTimer
                0x08001014       0x70 ./Core/Src/drive_time.o
                0x08001014                Delay_GetTimer
 .text.main     0x08001084       0x80 ./Core/Src/main.o
                0x08001084                main
 .text.SystemClock_Config
                0x08001104       0xd0 ./Core/Src/main.o
                0x08001104                SystemClock_Config
 .text.MX_TIM1_Init
                0x080011d4      0x170 ./Core/Src/main.o
 .text.MX_TIM2_Init
                0x08001344       0xec ./Core/Src/main.o
 .text.MX_TIM3_Init
                0x08001430      0x11c ./Core/Src/main.o
 .text.MX_TIM4_Init
                0x0800154c       0xec ./Core/Src/main.o
 .text.MX_TIM5_Init
                0x08001638       0xec ./Core/Src/main.o
 .text.MX_TIM7_Init
                0x08001724       0x6c ./Core/Src/main.o
 .text.MX_TIM8_Init
                0x08001790      0x170 ./Core/Src/main.o
 .text.MX_USART2_UART_Init
                0x08001900       0x54 ./Core/Src/main.o
 .text.MX_DMA_Init
                0x08001954       0x40 ./Core/Src/main.o
 .text.MX_GPIO_Init
                0x08001994      0x14c ./Core/Src/main.o
 .text.Error_Handler
                0x08001ae0        0xc ./Core/Src/main.o
                0x08001ae0                Error_Handler
 .text.Init_hmi
                0x08001aec       0x20 ./Core/Src/mgr_hmi.o
                0x08001aec                Init_hmi
 .text.Task_scan_HMI
                0x08001b0c      0x150 ./Core/Src/mgr_hmi.o
                0x08001b0c                Task_scan_HMI
 .text.Task_Run_HMI
                0x08001c5c       0xb0 ./Core/Src/mgr_hmi.o
                0x08001c5c                Task_Run_HMI
 .text.Handle_Left
                0x08001d0c       0x1e ./Core/Src/mgr_hmi.o
                0x08001d0c                Handle_Left
 .text.Handle_Right
                0x08001d2a       0x1e ./Core/Src/mgr_hmi.o
                0x08001d2a                Handle_Right
 .text.Handle_In
                0x08001d48       0x1e ./Core/Src/mgr_hmi.o
                0x08001d48                Handle_In
 .text.Handle_Out
                0x08001d66       0x1e ./Core/Src/mgr_hmi.o
                0x08001d66                Handle_Out
 .text.Handle_Up
                0x08001d84       0x1e ./Core/Src/mgr_hmi.o
                0x08001d84                Handle_Up
 .text.Handle_Down
                0x08001da2       0x1e ./Core/Src/mgr_hmi.o
                0x08001da2                Handle_Down
 .text.Pick_handle1
                0x08001dc0        0xe ./Core/Src/mgr_hmi.o
                0x08001dc0                Pick_handle1
 .text.Release_handle1
                0x08001dce        0xe ./Core/Src/mgr_hmi.o
                0x08001dce                Release_handle1
 .text.Pick_handle2
                0x08001ddc        0xe ./Core/Src/mgr_hmi.o
                0x08001ddc                Pick_handle2
 .text.Release_handle2
                0x08001dea        0xe ./Core/Src/mgr_hmi.o
                0x08001dea                Release_handle2
 .text.Save_1   0x08001df8       0x74 ./Core/Src/mgr_hmi.o
                0x08001df8                Save_1
 .text.Save_2   0x08001e6c       0x74 ./Core/Src/mgr_hmi.o
                0x08001e6c                Save_2
 .text.Save_3   0x08001ee0       0x80 ./Core/Src/mgr_hmi.o
                0x08001ee0                Save_3
 .text.Setmove_point
                0x08001f60      0x1f8 ./Core/Src/mgr_hmi.o
                0x08001f60                Setmove_point
 .text.Save_Glass_1
                0x08002158       0x18 ./Core/Src/mgr_hmi.o
                0x08002158                Save_Glass_1
 .text.Save_Glass_2
                0x08002170       0x18 ./Core/Src/mgr_hmi.o
                0x08002170                Save_Glass_2
 .text.Save_Glass_3
                0x08002188       0x18 ./Core/Src/mgr_hmi.o
                0x08002188                Save_Glass_3
 .text.Save_Cover_1
                0x080021a0       0x18 ./Core/Src/mgr_hmi.o
                0x080021a0                Save_Cover_1
 .text.Save_Cover_2
                0x080021b8       0x18 ./Core/Src/mgr_hmi.o
                0x080021b8                Save_Cover_2
 .text.Save_Cover_3
                0x080021d0       0x18 ./Core/Src/mgr_hmi.o
                0x080021d0                Save_Cover_3
 .text.Save_Tray_1
                0x080021e8       0x18 ./Core/Src/mgr_hmi.o
                0x080021e8                Save_Tray_1
 .text.Save_Tray_2
                0x08002200       0x18 ./Core/Src/mgr_hmi.o
                0x08002200                Save_Tray_2
 .text.Save_Tray_3
                0x08002218       0x18 ./Core/Src/mgr_hmi.o
                0x08002218                Save_Tray_3
 .text.Handle_Set
                0x08002230       0x2c ./Core/Src/mgr_hmi.o
                0x08002230                Handle_Set
 .text.Handle_Home
                0x0800225c        0xe ./Core/Src/mgr_hmi.o
                0x0800225c                Handle_Home
 *fill*         0x0800226a        0x2 
 .text.HAL_MspInit
                0x0800226c       0x50 ./Core/Src/stm32f4xx_hal_msp.o
                0x0800226c                HAL_MspInit
 .text.HAL_TIM_Base_MspInit
                0x080022bc      0x154 ./Core/Src/stm32f4xx_hal_msp.o
                0x080022bc                HAL_TIM_Base_MspInit
 .text.HAL_TIM_MspPostInit
                0x08002410      0x114 ./Core/Src/stm32f4xx_hal_msp.o
                0x08002410                HAL_TIM_MspPostInit
 .text.HAL_UART_MspInit
                0x08002524      0x104 ./Core/Src/stm32f4xx_hal_msp.o
                0x08002524                HAL_UART_MspInit
 .text.NMI_Handler
                0x08002628        0x8 ./Core/Src/stm32f4xx_it.o
                0x08002628                NMI_Handler
 .text.HardFault_Handler
                0x08002630        0x8 ./Core/Src/stm32f4xx_it.o
                0x08002630                HardFault_Handler
 .text.MemManage_Handler
                0x08002638        0x8 ./Core/Src/stm32f4xx_it.o
                0x08002638                MemManage_Handler
 .text.BusFault_Handler
                0x08002640        0x8 ./Core/Src/stm32f4xx_it.o
                0x08002640                BusFault_Handler
 .text.UsageFault_Handler
                0x08002648        0x8 ./Core/Src/stm32f4xx_it.o
                0x08002648                UsageFault_Handler
 .text.SVC_Handler
                0x08002650        0xe ./Core/Src/stm32f4xx_it.o
                0x08002650                SVC_Handler
 .text.DebugMon_Handler
                0x0800265e        0xe ./Core/Src/stm32f4xx_it.o
                0x0800265e                DebugMon_Handler
 .text.PendSV_Handler
                0x0800266c        0xe ./Core/Src/stm32f4xx_it.o
                0x0800266c                PendSV_Handler
 .text.SysTick_Handler
                0x0800267a        0xc ./Core/Src/stm32f4xx_it.o
                0x0800267a                SysTick_Handler
 *fill*         0x08002686        0x2 
 .text.DMA1_Stream5_IRQHandler
                0x08002688       0x14 ./Core/Src/stm32f4xx_it.o
                0x08002688                DMA1_Stream5_IRQHandler
 .text.USART2_IRQHandler
                0x0800269c       0x14 ./Core/Src/stm32f4xx_it.o
                0x0800269c                USART2_IRQHandler
 .text.TIM7_IRQHandler
                0x080026b0       0x18 ./Core/Src/stm32f4xx_it.o
                0x080026b0                TIM7_IRQHandler
 .text.OTG_FS_IRQHandler
                0x080026c8       0x14 ./Core/Src/stm32f4xx_it.o
                0x080026c8                OTG_FS_IRQHandler
 .text.SystemInit
                0x080026dc       0x24 ./Core/Src/system_stm32f4xx.o
                0x080026dc                SystemInit
 .text.Reset_Handler
                0x08002700       0x50 ./Core/Startup/startup_stm32f407vetx.o
                0x08002700                Reset_Handler
 .text.Default_Handler
                0x08002750        0x2 ./Core/Startup/startup_stm32f407vetx.o
                0x08002750                RTC_Alarm_IRQHandler
                0x08002750                HASH_RNG_IRQHandler
                0x08002750                EXTI2_IRQHandler
                0x08002750                TIM8_CC_IRQHandler
                0x08002750                TIM1_CC_IRQHandler
                0x08002750                DMA2_Stream5_IRQHandler
                0x08002750                PVD_IRQHandler
                0x08002750                SDIO_IRQHandler
                0x08002750                TAMP_STAMP_IRQHandler
                0x08002750                CAN2_RX1_IRQHandler
                0x08002750                EXTI3_IRQHandler
                0x08002750                TIM8_TRG_COM_TIM14_IRQHandler
                0x08002750                TIM1_UP_TIM10_IRQHandler
                0x08002750                TIM8_UP_TIM13_IRQHandler
                0x08002750                I2C3_ER_IRQHandler
                0x08002750                EXTI0_IRQHandler
                0x08002750                I2C2_EV_IRQHandler
                0x08002750                DMA1_Stream2_IRQHandler
                0x08002750                CAN1_RX0_IRQHandler
                0x08002750                FPU_IRQHandler
                0x08002750                OTG_HS_WKUP_IRQHandler
                0x08002750                CAN2_SCE_IRQHandler
                0x08002750                DMA2_Stream2_IRQHandler
                0x08002750                SPI1_IRQHandler
                0x08002750                TIM6_DAC_IRQHandler
                0x08002750                TIM1_BRK_TIM9_IRQHandler
                0x08002750                DCMI_IRQHandler
                0x08002750                CAN2_RX0_IRQHandler
                0x08002750                DMA2_Stream3_IRQHandler
                0x08002750                USART6_IRQHandler
                0x08002750                USART3_IRQHandler
                0x08002750                CAN1_RX1_IRQHandler
                0x08002750                UART5_IRQHandler
                0x08002750                DMA2_Stream0_IRQHandler
                0x08002750                TIM4_IRQHandler
                0x08002750                I2C1_EV_IRQHandler
                0x08002750                DMA1_Stream6_IRQHandler
                0x08002750                DMA1_Stream1_IRQHandler
                0x08002750                UART4_IRQHandler
                0x08002750                TIM3_IRQHandler
                0x08002750                RCC_IRQHandler
                0x08002750                TIM8_BRK_TIM12_IRQHandler
                0x08002750                Default_Handler
                0x08002750                EXTI15_10_IRQHandler
                0x08002750                ADC_IRQHandler
                0x08002750                DMA1_Stream7_IRQHandler
                0x08002750                CAN2_TX_IRQHandler
                0x08002750                TIM5_IRQHandler
                0x08002750                DMA2_Stream7_IRQHandler
                0x08002750                I2C3_EV_IRQHandler
                0x08002750                EXTI9_5_IRQHandler
                0x08002750                RTC_WKUP_IRQHandler
                0x08002750                ETH_WKUP_IRQHandler
                0x08002750                SPI2_IRQHandler
                0x08002750                OTG_HS_EP1_IN_IRQHandler
                0x08002750                DMA1_Stream0_IRQHandler
                0x08002750                CAN1_TX_IRQHandler
                0x08002750                EXTI4_IRQHandler
                0x08002750                FSMC_IRQHandler
                0x08002750                ETH_IRQHandler
                0x08002750                OTG_HS_EP1_OUT_IRQHandler
                0x08002750                WWDG_IRQHandler
                0x08002750                TIM2_IRQHandler
                0x08002750                OTG_FS_WKUP_IRQHandler
                0x08002750                TIM1_TRG_COM_TIM11_IRQHandler
                0x08002750                OTG_HS_IRQHandler
                0x08002750                EXTI1_IRQHandler
                0x08002750                I2C2_ER_IRQHandler
                0x08002750                DMA2_Stream1_IRQHandler
                0x08002750                CAN1_SCE_IRQHandler
                0x08002750                FLASH_IRQHandler
                0x08002750                DMA2_Stream4_IRQHandler
                0x08002750                USART1_IRQHandler
                0x08002750                SPI3_IRQHandler
                0x08002750                DMA1_Stream4_IRQHandler
                0x08002750                I2C1_ER_IRQHandler
                0x08002750                DMA2_Stream6_IRQHandler
                0x08002750                DMA1_Stream3_IRQHandler
 *fill*         0x08002752        0x2 
 .text.HAL_Init
                0x08002754       0x44 ./Drivers/STM32F4xx_HAL_Driver/Src/stm32f4xx_hal.o
                0x08002754                HAL_Init
 .text.HAL_InitTick
                0x08002798       0x60 ./Drivers/STM32F4xx_HAL_Driver/Src/stm32f4xx_hal.o
                0x08002798                HAL_InitTick
 .text.HAL_IncTick
                0x080027f8       0x28 ./Drivers/STM32F4xx_HAL_Driver/Src/stm32f4xx_hal.o
                0x080027f8                HAL_IncTick
 .text.HAL_GetTick
                0x08002820       0x18 ./Drivers/STM32F4xx_HAL_Driver/Src/stm32f4xx_hal.o
                0x08002820                HAL_GetTick
 .text.HAL_Delay
                0x08002838       0x48 ./Drivers/STM32F4xx_HAL_Driver/Src/stm32f4xx_hal.o
                0x08002838                HAL_Delay
 .text.__NVIC_SetPriorityGrouping
                0x08002880       0x48 ./Drivers/STM32F4xx_HAL_Driver/Src/stm32f4xx_hal_cortex.o
 .text.__NVIC_GetPriorityGrouping
                0x080028c8       0x1c ./Drivers/STM32F4xx_HAL_Driver/Src/stm32f4xx_hal_cortex.o
 .text.__NVIC_EnableIRQ
                0x080028e4       0x3c ./Drivers/STM32F4xx_HAL_Driver/Src/stm32f4xx_hal_cortex.o
 .text.__NVIC_SetPriority
                0x08002920       0x54 ./Drivers/STM32F4xx_HAL_Driver/Src/stm32f4xx_hal_cortex.o
 .text.NVIC_EncodePriority
                0x08002974       0x66 ./Drivers/STM32F4xx_HAL_Driver/Src/stm32f4xx_hal_cortex.o
 *fill*         0x080029da        0x2 
 .text.SysTick_Config
                0x080029dc       0x44 ./Drivers/STM32F4xx_HAL_Driver/Src/stm32f4xx_hal_cortex.o
 .text.HAL_NVIC_SetPriorityGrouping
                0x08002a20       0x16 ./Drivers/STM32F4xx_HAL_Driver/Src/stm32f4xx_hal_cortex.o
                0x08002a20                HAL_NVIC_SetPriorityGrouping
 .text.HAL_NVIC_SetPriority
                0x08002a36       0x38 ./Drivers/STM32F4xx_HAL_Driver/Src/stm32f4xx_hal_cortex.o
                0x08002a36                HAL_NVIC_SetPriority
 .text.HAL_NVIC_EnableIRQ
                0x08002a6e       0x1c ./Drivers/STM32F4xx_HAL_Driver/Src/stm32f4xx_hal_cortex.o
                0x08002a6e                HAL_NVIC_EnableIRQ
 .text.HAL_SYSTICK_Config
                0x08002a8a       0x18 ./Drivers/STM32F4xx_HAL_Driver/Src/stm32f4xx_hal_cortex.o
                0x08002a8a                HAL_SYSTICK_Config
 *fill*         0x08002aa2        0x2 
 .text.HAL_DMA_Init
                0x08002aa4      0x15c ./Drivers/STM32F4xx_HAL_Driver/Src/stm32f4xx_hal_dma.o
                0x08002aa4                HAL_DMA_Init
 .text.HAL_DMA_Start_IT
                0x08002c00       0xb0 ./Drivers/STM32F4xx_HAL_Driver/Src/stm32f4xx_hal_dma.o
                0x08002c00                HAL_DMA_Start_IT
 .text.HAL_DMA_Abort
                0x08002cb0       0xe0 ./Drivers/STM32F4xx_HAL_Driver/Src/stm32f4xx_hal_dma.o
                0x08002cb0                HAL_DMA_Abort
 .text.HAL_DMA_Abort_IT
                0x08002d90       0x44 ./Drivers/STM32F4xx_HAL_Driver/Src/stm32f4xx_hal_dma.o
                0x08002d90                HAL_DMA_Abort_IT
 .text.HAL_DMA_IRQHandler
                0x08002dd4      0x314 ./Drivers/STM32F4xx_HAL_Driver/Src/stm32f4xx_hal_dma.o
                0x08002dd4                HAL_DMA_IRQHandler
 .text.DMA_SetConfig
                0x080030e8       0x5c ./Drivers/STM32F4xx_HAL_Driver/Src/stm32f4xx_hal_dma.o
 .text.DMA_CalcBaseAndBitshift
                0x08003144       0x6c ./Drivers/STM32F4xx_HAL_Driver/Src/stm32f4xx_hal_dma.o
 .text.DMA_CheckFifoParam
                0x080031b0       0xf8 ./Drivers/STM32F4xx_HAL_Driver/Src/stm32f4xx_hal_dma.o
 .text.HAL_GPIO_Init
                0x080032a8      0x338 ./Drivers/STM32F4xx_HAL_Driver/Src/stm32f4xx_hal_gpio.o
                0x080032a8                HAL_GPIO_Init
 .text.HAL_GPIO_ReadPin
                0x080035e0       0x30 ./Drivers/STM32F4xx_HAL_Driver/Src/stm32f4xx_hal_gpio.o
                0x080035e0                HAL_GPIO_ReadPin
 .text.HAL_GPIO_WritePin
                0x08003610       0x32 ./Drivers/STM32F4xx_HAL_Driver/Src/stm32f4xx_hal_gpio.o
                0x08003610                HAL_GPIO_WritePin
 .text.HAL_PCD_Init
                0x08003642      0x21e ./Drivers/STM32F4xx_HAL_Driver/Src/stm32f4xx_hal_pcd.o
                0x08003642                HAL_PCD_Init
 .text.HAL_PCD_Start
                0x08003860       0x6a ./Drivers/STM32F4xx_HAL_Driver/Src/stm32f4xx_hal_pcd.o
                0x08003860                HAL_PCD_Start
 .text.HAL_PCD_IRQHandler
                0x080038ca      0x942 ./Drivers/STM32F4xx_HAL_Driver/Src/stm32f4xx_hal_pcd.o
                0x080038ca                HAL_PCD_IRQHandler
 .text.HAL_PCD_SetAddress
                0x0800420c       0x48 ./Drivers/STM32F4xx_HAL_Driver/Src/stm32f4xx_hal_pcd.o
                0x0800420c                HAL_PCD_SetAddress
 .text.HAL_PCD_EP_Open
                0x08004254       0xd4 ./Drivers/STM32F4xx_HAL_Driver/Src/stm32f4xx_hal_pcd.o
                0x08004254                HAL_PCD_EP_Open
 .text.HAL_PCD_EP_Close
                0x08004328       0x94 ./Drivers/STM32F4xx_HAL_Driver/Src/stm32f4xx_hal_pcd.o
                0x08004328                HAL_PCD_EP_Close
 .text.HAL_PCD_EP_Receive
                0x080043bc       0x76 ./Drivers/STM32F4xx_HAL_Driver/Src/stm32f4xx_hal_pcd.o
                0x080043bc                HAL_PCD_EP_Receive
 .text.HAL_PCD_EP_GetRxCount
                0x08004432       0x30 ./Drivers/STM32F4xx_HAL_Driver/Src/stm32f4xx_hal_pcd.o
                0x08004432                HAL_PCD_EP_GetRxCount
 .text.HAL_PCD_EP_Transmit
                0x08004462       0x74 ./Drivers/STM32F4xx_HAL_Driver/Src/stm32f4xx_hal_pcd.o
                0x08004462                HAL_PCD_EP_Transmit
 .text.HAL_PCD_EP_SetStall
                0x080044d6       0xc6 ./Drivers/STM32F4xx_HAL_Driver/Src/stm32f4xx_hal_pcd.o
                0x080044d6                HAL_PCD_EP_SetStall
 .text.HAL_PCD_EP_ClrStall
                0x0800459c       0xac ./Drivers/STM32F4xx_HAL_Driver/Src/stm32f4xx_hal_pcd.o
                0x0800459c                HAL_PCD_EP_ClrStall
 .text.HAL_PCD_EP_Abort
                0x08004648       0x62 ./Drivers/STM32F4xx_HAL_Driver/Src/stm32f4xx_hal_pcd.o
                0x08004648                HAL_PCD_EP_Abort
 .text.PCD_WriteEmptyTxFifo
                0x080046aa      0x118 ./Drivers/STM32F4xx_HAL_Driver/Src/stm32f4xx_hal_pcd.o
 *fill*         0x080047c2        0x2 
 .text.PCD_EP_OutXfrComplete_int
                0x080047c4      0x1d0 ./Drivers/STM32F4xx_HAL_Driver/Src/stm32f4xx_hal_pcd.o
 .text.PCD_EP_OutSetupPacket_int
                0x08004994       0x8c ./Drivers/STM32F4xx_HAL_Driver/Src/stm32f4xx_hal_pcd.o
 .text.HAL_PCDEx_SetTxFiFo
                0x08004a20       0x8e ./Drivers/STM32F4xx_HAL_Driver/Src/stm32f4xx_hal_pcd_ex.o
                0x08004a20                HAL_PCDEx_SetTxFiFo
 .text.HAL_PCDEx_SetRxFiFo
                0x08004aae       0x22 ./Drivers/STM32F4xx_HAL_Driver/Src/stm32f4xx_hal_pcd_ex.o
                0x08004aae                HAL_PCDEx_SetRxFiFo
 .text.HAL_PCDEx_LPM_Callback
                0x08004ad0       0x18 ./Drivers/STM32F4xx_HAL_Driver/Src/stm32f4xx_hal_pcd_ex.o
                0x08004ad0                HAL_PCDEx_LPM_Callback
 .text.HAL_RCC_OscConfig
                0x08004ae8      0x4f0 ./Drivers/STM32F4xx_HAL_Driver/Src/stm32f4xx_hal_rcc.o
                0x08004ae8                HAL_RCC_OscConfig
 .text.HAL_RCC_ClockConfig
                0x08004fd8      0x1cc ./Drivers/STM32F4xx_HAL_Driver/Src/stm32f4xx_hal_rcc.o
                0x08004fd8                HAL_RCC_ClockConfig
 .text.HAL_RCC_GetSysClockFreq
                0x080051a4      0x20c ./Drivers/STM32F4xx_HAL_Driver/Src/stm32f4xx_hal_rcc.o
                0x080051a4                HAL_RCC_GetSysClockFreq
 .text.HAL_RCC_GetHCLKFreq
                0x080053b0       0x18 ./Drivers/STM32F4xx_HAL_Driver/Src/stm32f4xx_hal_rcc.o
                0x080053b0                HAL_RCC_GetHCLKFreq
 .text.HAL_RCC_GetPCLK1Freq
                0x080053c8       0x28 ./Drivers/STM32F4xx_HAL_Driver/Src/stm32f4xx_hal_rcc.o
                0x080053c8                HAL_RCC_GetPCLK1Freq
 .text.HAL_RCC_GetPCLK2Freq
                0x080053f0       0x28 ./Drivers/STM32F4xx_HAL_Driver/Src/stm32f4xx_hal_rcc.o
                0x080053f0                HAL_RCC_GetPCLK2Freq
 .text.HAL_TIM_Base_Init
                0x08005418       0x9e ./Drivers/STM32F4xx_HAL_Driver/Src/stm32f4xx_hal_tim.o
                0x08005418                HAL_TIM_Base_Init
 *fill*         0x080054b6        0x2 
 .text.HAL_TIM_Base_Start_IT
                0x080054b8       0xe0 ./Drivers/STM32F4xx_HAL_Driver/Src/stm32f4xx_hal_tim.o
                0x080054b8                HAL_TIM_Base_Start_IT
 .text.HAL_TIM_PWM_Init
                0x08005598       0x9e ./Drivers/STM32F4xx_HAL_Driver/Src/stm32f4xx_hal_tim.o
                0x08005598                HAL_TIM_PWM_Init
 .text.HAL_TIM_PWM_MspInit
                0x08005636       0x14 ./Drivers/STM32F4xx_HAL_Driver/Src/stm32f4xx_hal_tim.o
                0x08005636                HAL_TIM_PWM_MspInit
 *fill*         0x0800564a        0x2 
 .text.HAL_TIM_PWM_Start
                0x0800564c      0x190 ./Drivers/STM32F4xx_HAL_Driver/Src/stm32f4xx_hal_tim.o
                0x0800564c                HAL_TIM_PWM_Start
 .text.HAL_TIM_PWM_Stop
                0x080057dc       0xe0 ./Drivers/STM32F4xx_HAL_Driver/Src/stm32f4xx_hal_tim.o
                0x080057dc                HAL_TIM_PWM_Stop
 .text.HAL_TIM_IRQHandler
                0x080058bc      0x1e0 ./Drivers/STM32F4xx_HAL_Driver/Src/stm32f4xx_hal_tim.o
                0x080058bc                HAL_TIM_IRQHandler
 .text.HAL_TIM_PWM_ConfigChannel
                0x08005a9c      0x184 ./Drivers/STM32F4xx_HAL_Driver/Src/stm32f4xx_hal_tim.o
                0x08005a9c                HAL_TIM_PWM_ConfigChannel
 .text.HAL_TIM_ConfigClockSource
                0x08005c20      0x18e ./Drivers/STM32F4xx_HAL_Driver/Src/stm32f4xx_hal_tim.o
                0x08005c20                HAL_TIM_ConfigClockSource
 .text.HAL_TIM_SlaveConfigSynchro
                0x08005dae       0x84 ./Drivers/STM32F4xx_HAL_Driver/Src/stm32f4xx_hal_tim.o
                0x08005dae                HAL_TIM_SlaveConfigSynchro
 .text.HAL_TIM_PeriodElapsedCallback
                0x08005e32       0x14 ./Drivers/STM32F4xx_HAL_Driver/Src/stm32f4xx_hal_tim.o
                0x08005e32                HAL_TIM_PeriodElapsedCallback
 .text.HAL_TIM_OC_DelayElapsedCallback
                0x08005e46       0x14 ./Drivers/STM32F4xx_HAL_Driver/Src/stm32f4xx_hal_tim.o
                0x08005e46                HAL_TIM_OC_DelayElapsedCallback
 .text.HAL_TIM_IC_CaptureCallback
                0x08005e5a       0x14 ./Drivers/STM32F4xx_HAL_Driver/Src/stm32f4xx_hal_tim.o
                0x08005e5a                HAL_TIM_IC_CaptureCallback
 .text.HAL_TIM_PWM_PulseFinishedCallback
                0x08005e6e       0x14 ./Drivers/STM32F4xx_HAL_Driver/Src/stm32f4xx_hal_tim.o
                0x08005e6e                HAL_TIM_PWM_PulseFinishedCallback
 .text.HAL_TIM_TriggerCallback
                0x08005e82       0x14 ./Drivers/STM32F4xx_HAL_Driver/Src/stm32f4xx_hal_tim.o
                0x08005e82                HAL_TIM_TriggerCallback
 *fill*         0x08005e96        0x2 
 .text.TIM_Base_SetConfig
                0x08005e98      0x14c ./Drivers/STM32F4xx_HAL_Driver/Src/stm32f4xx_hal_tim.o
                0x08005e98                TIM_Base_SetConfig
 .text.TIM_OC1_SetConfig
                0x08005fe4       0xe0 ./Drivers/STM32F4xx_HAL_Driver/Src/stm32f4xx_hal_tim.o
 .text.TIM_OC2_SetConfig
                0x080060c4       0xec ./Drivers/STM32F4xx_HAL_Driver/Src/stm32f4xx_hal_tim.o
                0x080060c4                TIM_OC2_SetConfig
 .text.TIM_OC3_SetConfig
                0x080061b0       0xe8 ./Drivers/STM32F4xx_HAL_Driver/Src/stm32f4xx_hal_tim.o
 .text.TIM_OC4_SetConfig
                0x08006298       0xac ./Drivers/STM32F4xx_HAL_Driver/Src/stm32f4xx_hal_tim.o
 .text.TIM_SlaveTimer_SetConfig
                0x08006344      0x122 ./Drivers/STM32F4xx_HAL_Driver/Src/stm32f4xx_hal_tim.o
 .text.TIM_TI1_ConfigInputStage
                0x08006466       0x5e ./Drivers/STM32F4xx_HAL_Driver/Src/stm32f4xx_hal_tim.o
 .text.TIM_TI2_ConfigInputStage
                0x080064c4       0x60 ./Drivers/STM32F4xx_HAL_Driver/Src/stm32f4xx_hal_tim.o
 .text.TIM_ITRx_SetConfig
                0x08006524       0x36 ./Drivers/STM32F4xx_HAL_Driver/Src/stm32f4xx_hal_tim.o
 .text.TIM_ETR_SetConfig
                0x0800655a       0x40 ./Drivers/STM32F4xx_HAL_Driver/Src/stm32f4xx_hal_tim.o
                0x0800655a                TIM_ETR_SetConfig
 .text.TIM_CCxChannelCmd
                0x0800659a       0x4a ./Drivers/STM32F4xx_HAL_Driver/Src/stm32f4xx_hal_tim.o
                0x0800659a                TIM_CCxChannelCmd
 .text.HAL_TIMEx_MasterConfigSynchronization
                0x080065e4       0xf8 ./Drivers/STM32F4xx_HAL_Driver/Src/stm32f4xx_hal_tim_ex.o
                0x080065e4                HAL_TIMEx_MasterConfigSynchronization
 .text.HAL_TIMEx_ConfigBreakDeadTime
                0x080066dc       0xa4 ./Drivers/STM32F4xx_HAL_Driver/Src/stm32f4xx_hal_tim_ex.o
                0x080066dc                HAL_TIMEx_ConfigBreakDeadTime
 .text.HAL_TIMEx_CommutCallback
                0x08006780       0x14 ./Drivers/STM32F4xx_HAL_Driver/Src/stm32f4xx_hal_tim_ex.o
                0x08006780                HAL_TIMEx_CommutCallback
 .text.HAL_TIMEx_BreakCallback
                0x08006794       0x14 ./Drivers/STM32F4xx_HAL_Driver/Src/stm32f4xx_hal_tim_ex.o
                0x08006794                HAL_TIMEx_BreakCallback
 .text.HAL_UART_Init
                0x080067a8       0xa0 ./Drivers/STM32F4xx_HAL_Driver/Src/stm32f4xx_hal_uart.o
                0x080067a8                HAL_UART_Init
 .text.HAL_UART_Transmit
                0x08006848      0x116 ./Drivers/STM32F4xx_HAL_Driver/Src/stm32f4xx_hal_uart.o
                0x08006848                HAL_UART_Transmit
 .text.HAL_UARTEx_ReceiveToIdle_DMA
                0x0800695e       0xb2 ./Drivers/STM32F4xx_HAL_Driver/Src/stm32f4xx_hal_uart.o
                0x0800695e                HAL_UARTEx_ReceiveToIdle_DMA
 .text.HAL_UART_IRQHandler
                0x08006a10      0x554 ./Drivers/STM32F4xx_HAL_Driver/Src/stm32f4xx_hal_uart.o
                0x08006a10                HAL_UART_IRQHandler
 .text.HAL_UART_TxCpltCallback
                0x08006f64       0x14 ./Drivers/STM32F4xx_HAL_Driver/Src/stm32f4xx_hal_uart.o
                0x08006f64                HAL_UART_TxCpltCallback
 .text.HAL_UART_RxCpltCallback
                0x08006f78       0x14 ./Drivers/STM32F4xx_HAL_Driver/Src/stm32f4xx_hal_uart.o
                0x08006f78                HAL_UART_RxCpltCallback
 .text.HAL_UART_RxHalfCpltCallback
                0x08006f8c       0x14 ./Drivers/STM32F4xx_HAL_Driver/Src/stm32f4xx_hal_uart.o
                0x08006f8c                HAL_UART_RxHalfCpltCallback
 .text.HAL_UART_ErrorCallback
                0x08006fa0       0x14 ./Drivers/STM32F4xx_HAL_Driver/Src/stm32f4xx_hal_uart.o
                0x08006fa0                HAL_UART_ErrorCallback
 .text.UART_DMAReceiveCplt
                0x08006fb4      0x12c ./Drivers/STM32F4xx_HAL_Driver/Src/stm32f4xx_hal_uart.o
 .text.UART_DMARxHalfCplt
                0x080070e0       0x3c ./Drivers/STM32F4xx_HAL_Driver/Src/stm32f4xx_hal_uart.o
 .text.UART_DMAError
                0x0800711c       0x94 ./Drivers/STM32F4xx_HAL_Driver/Src/stm32f4xx_hal_uart.o
 .text.UART_WaitOnFlagUntilTimeout
                0x080071b0       0xb2 ./Drivers/STM32F4xx_HAL_Driver/Src/stm32f4xx_hal_uart.o
 *fill*         0x08007262        0x2 
 .text.UART_Start_Receive_DMA
                0x08007264      0x14c ./Drivers/STM32F4xx_HAL_Driver/Src/stm32f4xx_hal_uart.o
                0x08007264                UART_Start_Receive_DMA
 .text.UART_EndTxTransfer
                0x080073b0       0x50 ./Drivers/STM32F4xx_HAL_Driver/Src/stm32f4xx_hal_uart.o
 .text.UART_EndRxTransfer
                0x08007400       0xc6 ./Drivers/STM32F4xx_HAL_Driver/Src/stm32f4xx_hal_uart.o
 .text.UART_DMAAbortOnError
                0x080074c6       0x22 ./Drivers/STM32F4xx_HAL_Driver/Src/stm32f4xx_hal_uart.o
 .text.UART_Transmit_IT
                0x080074e8       0xa0 ./Drivers/STM32F4xx_HAL_Driver/Src/stm32f4xx_hal_uart.o
 .text.UART_EndTransmit_IT
                0x08007588       0x30 ./Drivers/STM32F4xx_HAL_Driver/Src/stm32f4xx_hal_uart.o
 .text.UART_Receive_IT
                0x080075b8      0x17c ./Drivers/STM32F4xx_HAL_Driver/Src/stm32f4xx_hal_uart.o
 .text.UART_SetConfig
                0x08007734      0x4e8 ./Drivers/STM32F4xx_HAL_Driver/Src/stm32f4xx_hal_uart.o
 .text.USB_CoreInit
                0x08007c1c       0xc8 ./Drivers/STM32F4xx_HAL_Driver/Src/stm32f4xx_ll_usb.o
                0x08007c1c                USB_CoreInit
 .text.USB_SetTurnaroundTime
                0x08007ce4      0x144 ./Drivers/STM32F4xx_HAL_Driver/Src/stm32f4xx_ll_usb.o
                0x08007ce4                USB_SetTurnaroundTime
 .text.USB_EnableGlobalInt
                0x08007e28       0x22 ./Drivers/STM32F4xx_HAL_Driver/Src/stm32f4xx_ll_usb.o
                0x08007e28                USB_EnableGlobalInt
 .text.USB_DisableGlobalInt
                0x08007e4a       0x22 ./Drivers/STM32F4xx_HAL_Driver/Src/stm32f4xx_ll_usb.o
                0x08007e4a                USB_DisableGlobalInt
 .text.USB_SetCurrentMode
                0x08007e6c       0x98 ./Drivers/STM32F4xx_HAL_Driver/Src/stm32f4xx_ll_usb.o
                0x08007e6c                USB_SetCurrentMode
 .text.USB_DevInit
                0x08007f04      0x2c8 ./Drivers/STM32F4xx_HAL_Driver/Src/stm32f4xx_ll_usb.o
                0x08007f04                USB_DevInit
 .text.USB_FlushTxFifo
                0x080081cc       0x64 ./Drivers/STM32F4xx_HAL_Driver/Src/stm32f4xx_ll_usb.o
                0x080081cc                USB_FlushTxFifo
 .text.USB_FlushRxFifo
                0x08008230       0x5c ./Drivers/STM32F4xx_HAL_Driver/Src/stm32f4xx_ll_usb.o
                0x08008230                USB_FlushRxFifo
 .text.USB_SetDevSpeed
                0x0800828c       0x32 ./Drivers/STM32F4xx_HAL_Driver/Src/stm32f4xx_ll_usb.o
                0x0800828c                USB_SetDevSpeed
 .text.USB_GetDevSpeed
                0x080082be       0x4a ./Drivers/STM32F4xx_HAL_Driver/Src/stm32f4xx_ll_usb.o
                0x080082be                USB_GetDevSpeed
 .text.USB_ActivateEndpoint
                0x08008308      0x10e ./Drivers/STM32F4xx_HAL_Driver/Src/stm32f4xx_ll_usb.o
                0x08008308                USB_ActivateEndpoint
 *fill*         0x08008416        0x2 
 .text.USB_DeactivateEndpoint
                0x08008418      0x1b8 ./Drivers/STM32F4xx_HAL_Driver/Src/stm32f4xx_ll_usb.o
                0x08008418                USB_DeactivateEndpoint
 .text.USB_EPStartXfer
                0x080085d0      0x53c ./Drivers/STM32F4xx_HAL_Driver/Src/stm32f4xx_ll_usb.o
                0x080085d0                USB_EPStartXfer
 .text.USB_EPStopXfer
                0x08008b0c      0x154 ./Drivers/STM32F4xx_HAL_Driver/Src/stm32f4xx_ll_usb.o
                0x08008b0c                USB_EPStopXfer
 .text.USB_WritePacket
                0x08008c60       0x7c ./Drivers/STM32F4xx_HAL_Driver/Src/stm32f4xx_ll_usb.o
                0x08008c60                USB_WritePacket
 .text.USB_ReadPacket
                0x08008cdc       0xb0 ./Drivers/STM32F4xx_HAL_Driver/Src/stm32f4xx_ll_usb.o
                0x08008cdc                USB_ReadPacket
 .text.USB_EPSetStall
                0x08008d8c       0xdc ./Drivers/STM32F4xx_HAL_Driver/Src/stm32f4xx_ll_usb.o
                0x08008d8c                USB_EPSetStall
 .text.USB_EPClearStall
                0x08008e68       0xcc ./Drivers/STM32F4xx_HAL_Driver/Src/stm32f4xx_ll_usb.o
                0x08008e68                USB_EPClearStall
 .text.USB_SetDevAddress
                0x08008f34       0x4c ./Drivers/STM32F4xx_HAL_Driver/Src/stm32f4xx_ll_usb.o
                0x08008f34                USB_SetDevAddress
 .text.USB_DevConnect
                0x08008f80       0x42 ./Drivers/STM32F4xx_HAL_Driver/Src/stm32f4xx_ll_usb.o
                0x08008f80                USB_DevConnect
 .text.USB_DevDisconnect
                0x08008fc2       0x42 ./Drivers/STM32F4xx_HAL_Driver/Src/stm32f4xx_ll_usb.o
                0x08008fc2                USB_DevDisconnect
 .text.USB_ReadInterrupts
                0x08009004       0x26 ./Drivers/STM32F4xx_HAL_Driver/Src/stm32f4xx_ll_usb.o
                0x08009004                USB_ReadInterrupts
 .text.USB_ReadDevAllOutEpInterrupt
                0x0800902a       0x34 ./Drivers/STM32F4xx_HAL_Driver/Src/stm32f4xx_ll_usb.o
                0x0800902a                USB_ReadDevAllOutEpInterrupt
 .text.USB_ReadDevAllInEpInterrupt
                0x0800905e       0x34 ./Drivers/STM32F4xx_HAL_Driver/Src/stm32f4xx_ll_usb.o
                0x0800905e                USB_ReadDevAllInEpInterrupt
 .text.USB_ReadDevOutEPInterrupt
                0x08009092       0x3c ./Drivers/STM32F4xx_HAL_Driver/Src/stm32f4xx_ll_usb.o
                0x08009092                USB_ReadDevOutEPInterrupt
 .text.USB_ReadDevInEPInterrupt
                0x080090ce       0x5c ./Drivers/STM32F4xx_HAL_Driver/Src/stm32f4xx_ll_usb.o
                0x080090ce                USB_ReadDevInEPInterrupt
 .text.USB_GetMode
                0x0800912a       0x1c ./Drivers/STM32F4xx_HAL_Driver/Src/stm32f4xx_ll_usb.o
                0x0800912a                USB_GetMode
 .text.USB_ActivateSetup
                0x08009146       0x46 ./Drivers/STM32F4xx_HAL_Driver/Src/stm32f4xx_ll_usb.o
                0x08009146                USB_ActivateSetup
 .text.USB_EP0_OutStart
                0x0800918c       0xbc ./Drivers/STM32F4xx_HAL_Driver/Src/stm32f4xx_ll_usb.o
                0x0800918c                USB_EP0_OutStart
 .text.USB_CoreReset
                0x08009248       0x70 ./Drivers/STM32F4xx_HAL_Driver/Src/stm32f4xx_ll_usb.o
 .text.USBD_CDC_Init
                0x080092b8      0x1f0 ./Middlewares/ST/STM32_USB_Device_Library/Class/CDC/Src/usbd_cdc.o
 .text.USBD_CDC_DeInit
                0x080094a8      0x104 ./Middlewares/ST/STM32_USB_Device_Library/Class/CDC/Src/usbd_cdc.o
 .text.USBD_CDC_Setup
                0x080095ac      0x1b8 ./Middlewares/ST/STM32_USB_Device_Library/Class/CDC/Src/usbd_cdc.o
 .text.USBD_CDC_DataIn
                0x08009764       0xfe ./Middlewares/ST/STM32_USB_Device_Library/Class/CDC/Src/usbd_cdc.o
 .text.USBD_CDC_DataOut
                0x08009862       0x70 ./Middlewares/ST/STM32_USB_Device_Library/Class/CDC/Src/usbd_cdc.o
 .text.USBD_CDC_EP0_RxReady
                0x080098d2       0x74 ./Middlewares/ST/STM32_USB_Device_Library/Class/CDC/Src/usbd_cdc.o
 *fill*         0x08009946        0x2 
 .text.USBD_CDC_GetFSCfgDesc
                0x08009948       0x70 ./Middlewares/ST/STM32_USB_Device_Library/Class/CDC/Src/usbd_cdc.o
 .text.USBD_CDC_GetHSCfgDesc
                0x080099b8       0x70 ./Middlewares/ST/STM32_USB_Device_Library/Class/CDC/Src/usbd_cdc.o
 .text.USBD_CDC_GetOtherSpeedCfgDesc
                0x08009a28       0x70 ./Middlewares/ST/STM32_USB_Device_Library/Class/CDC/Src/usbd_cdc.o
 .text.USBD_CDC_GetDeviceQualifierDescriptor
                0x08009a98       0x20 ./Middlewares/ST/STM32_USB_Device_Library/Class/CDC/Src/usbd_cdc.o
                0x08009a98                USBD_CDC_GetDeviceQualifierDescriptor
 .text.USBD_CDC_RegisterInterface
                0x08009ab8       0x34 ./Middlewares/ST/STM32_USB_Device_Library/Class/CDC/Src/usbd_cdc.o
                0x08009ab8                USBD_CDC_RegisterInterface
 .text.USBD_CDC_SetTxBuffer
                0x08009aec       0x44 ./Middlewares/ST/STM32_USB_Device_Library/Class/CDC/Src/usbd_cdc.o
                0x08009aec                USBD_CDC_SetTxBuffer
 .text.USBD_CDC_SetRxBuffer
                0x08009b30       0x3a ./Middlewares/ST/STM32_USB_Device_Library/Class/CDC/Src/usbd_cdc.o
                0x08009b30                USBD_CDC_SetRxBuffer
 *fill*         0x08009b6a        0x2 
 .text.USBD_CDC_ReceivePacket
                0x08009b6c       0x6c ./Middlewares/ST/STM32_USB_Device_Library/Class/CDC/Src/usbd_cdc.o
                0x08009b6c                USBD_CDC_ReceivePacket
 .text.USBD_Init
                0x08009bd8       0x60 ./Middlewares/ST/STM32_USB_Device_Library/Core/Src/usbd_core.o
                0x08009bd8                USBD_Init
 .text.USBD_RegisterClass
                0x08009c38       0x6c ./Middlewares/ST/STM32_USB_Device_Library/Core/Src/usbd_core.o
                0x08009c38                USBD_RegisterClass
 .text.USBD_Start
                0x08009ca4       0x18 ./Middlewares/ST/STM32_USB_Device_Library/Core/Src/usbd_core.o
                0x08009ca4                USBD_Start
 .text.USBD_RunTestMode
                0x08009cbc       0x16 ./Middlewares/ST/STM32_USB_Device_Library/Core/Src/usbd_core.o
                0x08009cbc                USBD_RunTestMode
 .text.USBD_SetClassConfig
                0x08009cd2       0x38 ./Middlewares/ST/STM32_USB_Device_Library/Core/Src/usbd_core.o
                0x08009cd2                USBD_SetClassConfig
 .text.USBD_ClrClassConfig
                0x08009d0a       0x34 ./Middlewares/ST/STM32_USB_Device_Library/Core/Src/usbd_core.o
                0x08009d0a                USBD_ClrClassConfig
 .text.USBD_LL_SetupStage
                0x08009d3e       0xaa ./Middlewares/ST/STM32_USB_Device_Library/Core/Src/usbd_core.o
                0x08009d3e                USBD_LL_SetupStage
 .text.USBD_LL_DataOutStage
                0x08009de8      0x178 ./Middlewares/ST/STM32_USB_Device_Library/Core/Src/usbd_core.o
                0x08009de8                USBD_LL_DataOutStage
 .text.USBD_LL_DataInStage
                0x08009f60      0x176 ./Middlewares/ST/STM32_USB_Device_Library/Core/Src/usbd_core.o
                0x08009f60                USBD_LL_DataInStage
 .text.USBD_LL_Reset
                0x0800a0d6       0xa6 ./Middlewares/ST/STM32_USB_Device_Library/Core/Src/usbd_core.o
                0x0800a0d6                USBD_LL_Reset
 .text.USBD_LL_SetSpeed
                0x0800a17c       0x20 ./Middlewares/ST/STM32_USB_Device_Library/Core/Src/usbd_core.o
                0x0800a17c                USBD_LL_SetSpeed
 .text.USBD_LL_Suspend
                0x0800a19c       0x38 ./Middlewares/ST/STM32_USB_Device_Library/Core/Src/usbd_core.o
                0x0800a19c                USBD_LL_Suspend
 .text.USBD_LL_Resume
                0x0800a1d4       0x30 ./Middlewares/ST/STM32_USB_Device_Library/Core/Src/usbd_core.o
                0x0800a1d4                USBD_LL_Resume
 .text.USBD_LL_SOF
                0x0800a204       0x40 ./Middlewares/ST/STM32_USB_Device_Library/Core/Src/usbd_core.o
                0x0800a204                USBD_LL_SOF
 .text.USBD_LL_IsoINIncomplete
                0x0800a244       0x64 ./Middlewares/ST/STM32_USB_Device_Library/Core/Src/usbd_core.o
                0x0800a244                USBD_LL_IsoINIncomplete
 .text.USBD_LL_IsoOUTIncomplete
                0x0800a2a8       0x64 ./Middlewares/ST/STM32_USB_Device_Library/Core/Src/usbd_core.o
                0x0800a2a8                USBD_LL_IsoOUTIncomplete
 .text.USBD_LL_DevConnected
                0x0800a30c       0x16 ./Middlewares/ST/STM32_USB_Device_Library/Core/Src/usbd_core.o
                0x0800a30c                USBD_LL_DevConnected
 .text.USBD_LL_DevDisconnected
                0x0800a322       0x46 ./Middlewares/ST/STM32_USB_Device_Library/Core/Src/usbd_core.o
                0x0800a322                USBD_LL_DevDisconnected
 .text.USBD_CoreFindIF
                0x0800a368       0x1a ./Middlewares/ST/STM32_USB_Device_Library/Core/Src/usbd_core.o
                0x0800a368                USBD_CoreFindIF
 .text.USBD_CoreFindEP
                0x0800a382       0x1a ./Middlewares/ST/STM32_USB_Device_Library/Core/Src/usbd_core.o
                0x0800a382                USBD_CoreFindEP
 .text.USBD_GetEpDesc
                0x0800a39c       0x70 ./Middlewares/ST/STM32_USB_Device_Library/Core/Src/usbd_core.o
                0x0800a39c                USBD_GetEpDesc
 .text.USBD_GetNextDesc
                0x0800a40c       0x38 ./Middlewares/ST/STM32_USB_Device_Library/Core/Src/usbd_core.o
                0x0800a40c                USBD_GetNextDesc
 .text.SWAPBYTE
                0x0800a444       0x3c ./Middlewares/ST/STM32_USB_Device_Library/Core/Src/usbd_ctlreq.o
 .text.USBD_StdDevReq
                0x0800a480       0xe4 ./Middlewares/ST/STM32_USB_Device_Library/Core/Src/usbd_ctlreq.o
                0x0800a480                USBD_StdDevReq
 .text.USBD_StdItfReq
                0x0800a564       0xd8 ./Middlewares/ST/STM32_USB_Device_Library/Core/Src/usbd_ctlreq.o
                0x0800a564                USBD_StdItfReq
 .text.USBD_StdEPReq
                0x0800a63c      0x33e ./Middlewares/ST/STM32_USB_Device_Library/Core/Src/usbd_ctlreq.o
                0x0800a63c                USBD_StdEPReq
 *fill*         0x0800a97a        0x2 
 .text.USBD_GetDescriptor
                0x0800a97c      0x2d4 ./Middlewares/ST/STM32_USB_Device_Library/Core/Src/usbd_ctlreq.o
 .text.USBD_SetAddress
                0x0800ac50       0x88 ./Middlewares/ST/STM32_USB_Device_Library/Core/Src/usbd_ctlreq.o
 .text.USBD_SetConfig
                0x0800acd8      0x154 ./Middlewares/ST/STM32_USB_Device_Library/Core/Src/usbd_ctlreq.o
 .text.USBD_GetConfig
                0x0800ae2c       0x6c ./Middlewares/ST/STM32_USB_Device_Library/Core/Src/usbd_ctlreq.o
 .text.USBD_GetStatus
                0x0800ae98       0x68 ./Middlewares/ST/STM32_USB_Device_Library/Core/Src/usbd_ctlreq.o
 .text.USBD_SetFeature
                0x0800af00       0x52 ./Middlewares/ST/STM32_USB_Device_Library/Core/Src/usbd_ctlreq.o
 .text.USBD_ClrFeature
                0x0800af52       0x44 ./Middlewares/ST/STM32_USB_Device_Library/Core/Src/usbd_ctlreq.o
 .text.USBD_ParseSetupRequest
                0x0800af96       0x74 ./Middlewares/ST/STM32_USB_Device_Library/Core/Src/usbd_ctlreq.o
                0x0800af96                USBD_ParseSetupRequest
 .text.USBD_CtlError
                0x0800b00a       0x22 ./Middlewares/ST/STM32_USB_Device_Library/Core/Src/usbd_ctlreq.o
                0x0800b00a                USBD_CtlError
 .text.USBD_GetString
                0x0800b02c       0xa4 ./Middlewares/ST/STM32_USB_Device_Library/Core/Src/usbd_ctlreq.o
                0x0800b02c                USBD_GetString
 .text.USBD_GetLen
                0x0800b0d0       0x34 ./Middlewares/ST/STM32_USB_Device_Library/Core/Src/usbd_ctlreq.o
 .text.USBD_CtlSendData
                0x0800b104       0x3c ./Middlewares/ST/STM32_USB_Device_Library/Core/Src/usbd_ioreq.o
                0x0800b104                USBD_CtlSendData
 .text.USBD_CtlContinueSendData
                0x0800b140       0x22 ./Middlewares/ST/STM32_USB_Device_Library/Core/Src/usbd_ioreq.o
                0x0800b140                USBD_CtlContinueSendData
 .text.USBD_CtlPrepareRx
                0x0800b162       0x42 ./Middlewares/ST/STM32_USB_Device_Library/Core/Src/usbd_ioreq.o
                0x0800b162                USBD_CtlPrepareRx
 .text.USBD_CtlContinueRx
                0x0800b1a4       0x22 ./Middlewares/ST/STM32_USB_Device_Library/Core/Src/usbd_ioreq.o
                0x0800b1a4                USBD_CtlContinueRx
 .text.USBD_CtlSendStatus
                0x0800b1c6       0x26 ./Middlewares/ST/STM32_USB_Device_Library/Core/Src/usbd_ioreq.o
                0x0800b1c6                USBD_CtlSendStatus
 .text.USBD_CtlReceiveStatus
                0x0800b1ec       0x26 ./Middlewares/ST/STM32_USB_Device_Library/Core/Src/usbd_ioreq.o
                0x0800b1ec                USBD_CtlReceiveStatus
 *fill*         0x0800b212        0x2 
 .text.MX_USB_DEVICE_Init
                0x0800b214       0x60 ./USB_DEVICE/App/usb_device.o
                0x0800b214                MX_USB_DEVICE_Init
 .text.CDC_Init_FS
                0x0800b274       0x28 ./USB_DEVICE/App/usbd_cdc_if.o
 .text.CDC_DeInit_FS
                0x0800b29c       0x10 ./USB_DEVICE/App/usbd_cdc_if.o
 .text.CDC_Control_FS
                0x0800b2ac       0xbc ./USB_DEVICE/App/usbd_cdc_if.o
 .text.CDC_Receive_FS
                0x0800b368       0x28 ./USB_DEVICE/App/usbd_cdc_if.o
 .text.CDC_TransmitCplt_FS
                0x0800b390       0x22 ./USB_DEVICE/App/usbd_cdc_if.o
 *fill*         0x0800b3b2        0x2 
 .text.USBD_FS_DeviceDescriptor
                0x0800b3b4       0x24 ./USB_DEVICE/App/usbd_desc.o
                0x0800b3b4                USBD_FS_DeviceDescriptor
 .text.USBD_FS_LangIDStrDescriptor
                0x0800b3d8       0x24 ./USB_DEVICE/App/usbd_desc.o
                0x0800b3d8                USBD_FS_LangIDStrDescriptor
 .text.USBD_FS_ProductStrDescriptor
                0x0800b3fc       0x3c ./USB_DEVICE/App/usbd_desc.o
                0x0800b3fc                USBD_FS_ProductStrDescriptor
 .text.USBD_FS_ManufacturerStrDescriptor
                0x0800b438       0x28 ./USB_DEVICE/App/usbd_desc.o
                0x0800b438                USBD_FS_ManufacturerStrDescriptor
 .text.USBD_FS_SerialStrDescriptor
                0x0800b460       0x24 ./USB_DEVICE/App/usbd_desc.o
                0x0800b460                USBD_FS_SerialStrDescriptor
 .text.USBD_FS_ConfigStrDescriptor
                0x0800b484       0x3c ./USB_DEVICE/App/usbd_desc.o
                0x0800b484                USBD_FS_ConfigStrDescriptor
 .text.USBD_FS_InterfaceStrDescriptor
                0x0800b4c0       0x3c ./USB_DEVICE/App/usbd_desc.o
                0x0800b4c0                USBD_FS_InterfaceStrDescriptor
 .text.Get_SerialNum
                0x0800b4fc       0x58 ./USB_DEVICE/App/usbd_desc.o
 .text.IntToUnicode
                0x0800b554       0x7e ./USB_DEVICE/App/usbd_desc.o
 *fill*         0x0800b5d2        0x2 
 .text.HAL_PCD_MspInit
                0x0800b5d4       0xa8 ./USB_DEVICE/Target/usbd_conf.o
                0x0800b5d4                HAL_PCD_MspInit
 .text.HAL_PCD_SetupStageCallback
                0x0800b67c       0x24 ./USB_DEVICE/Target/usbd_conf.o
                0x0800b67c                HAL_PCD_SetupStageCallback
 .text.HAL_PCD_DataOutStageCallback
                0x0800b6a0       0x36 ./USB_DEVICE/Target/usbd_conf.o
                0x0800b6a0                HAL_PCD_DataOutStageCallback
 .text.HAL_PCD_DataInStageCallback
                0x0800b6d6       0x34 ./USB_DEVICE/Target/usbd_conf.o
                0x0800b6d6                HAL_PCD_DataInStageCallback
 .text.HAL_PCD_SOFCallback
                0x0800b70a       0x1c ./USB_DEVICE/Target/usbd_conf.o
                0x0800b70a                HAL_PCD_SOFCallback
 .text.HAL_PCD_ResetCallback
                0x0800b726       0x50 ./USB_DEVICE/Target/usbd_conf.o
                0x0800b726                HAL_PCD_ResetCallback
 *fill*         0x0800b776        0x2 
 .text.HAL_PCD_SuspendCallback
                0x0800b778       0x4c ./USB_DEVICE/Target/usbd_conf.o
                0x0800b778                HAL_PCD_SuspendCallback
 .text.HAL_PCD_ResumeCallback
                0x0800b7c4       0x1c ./USB_DEVICE/Target/usbd_conf.o
                0x0800b7c4                HAL_PCD_ResumeCallback
 .text.HAL_PCD_ISOOUTIncompleteCallback
                0x0800b7e0       0x24 ./USB_DEVICE/Target/usbd_conf.o
                0x0800b7e0                HAL_PCD_ISOOUTIncompleteCallback
 .text.HAL_PCD_ISOINIncompleteCallback
                0x0800b804       0x24 ./USB_DEVICE/Target/usbd_conf.o
                0x0800b804                HAL_PCD_ISOINIncompleteCallback
 .text.HAL_PCD_ConnectCallback
                0x0800b828       0x1c ./USB_DEVICE/Target/usbd_conf.o
                0x0800b828                HAL_PCD_ConnectCallback
 .text.HAL_PCD_DisconnectCallback
                0x0800b844       0x1c ./USB_DEVICE/Target/usbd_conf.o
                0x0800b844                HAL_PCD_DisconnectCallback
 .text.USBD_LL_Init
                0x0800b860       0x98 ./USB_DEVICE/Target/usbd_conf.o
                0x0800b860                USBD_LL_Init
 .text.USBD_LL_Start
                0x0800b8f8       0x36 ./USB_DEVICE/Target/usbd_conf.o
                0x0800b8f8                USBD_LL_Start
 .text.USBD_LL_OpenEP
                0x0800b92e       0x4c ./USB_DEVICE/Target/usbd_conf.o
                0x0800b92e                USBD_LL_OpenEP
 .text.USBD_LL_CloseEP
                0x0800b97a       0x3e ./USB_DEVICE/Target/usbd_conf.o
                0x0800b97a                USBD_LL_CloseEP
 .text.USBD_LL_StallEP
                0x0800b9b8       0x3e ./USB_DEVICE/Target/usbd_conf.o
                0x0800b9b8                USBD_LL_StallEP
 .text.USBD_LL_ClearStallEP
                0x0800b9f6       0x3e ./USB_DEVICE/Target/usbd_conf.o
                0x0800b9f6                USBD_LL_ClearStallEP
 .text.USBD_LL_IsStallEP
                0x0800ba34       0x58 ./USB_DEVICE/Target/usbd_conf.o
                0x0800ba34                USBD_LL_IsStallEP
 .text.USBD_LL_SetUSBAddress
                0x0800ba8c       0x3e ./USB_DEVICE/Target/usbd_conf.o
                0x0800ba8c                USBD_LL_SetUSBAddress
 .text.USBD_LL_Transmit
                0x0800baca       0x42 ./USB_DEVICE/Target/usbd_conf.o
                0x0800baca                USBD_LL_Transmit
 .text.USBD_LL_PrepareReceive
                0x0800bb0c       0x42 ./USB_DEVICE/Target/usbd_conf.o
                0x0800bb0c                USBD_LL_PrepareReceive
 .text.USBD_LL_GetRxDataSize
                0x0800bb4e       0x26 ./USB_DEVICE/Target/usbd_conf.o
                0x0800bb4e                USBD_LL_GetRxDataSize
 .text.USBD_static_malloc
                0x0800bb74       0x1c ./USB_DEVICE/Target/usbd_conf.o
                0x0800bb74                USBD_static_malloc
 .text.USBD_static_free
                0x0800bb90       0x14 ./USB_DEVICE/Target/usbd_conf.o
                0x0800bb90                USBD_static_free
 .text.USBD_Get_USB_Status
                0x0800bba4       0x58 ./USB_DEVICE/Target/usbd_conf.o
                0x0800bba4                USBD_Get_USB_Status
 .text.HMI_Init
                0x0800bbfc       0x20 ./modbus/RS232.o
                0x0800bbfc                HMI_Init
 .text.DecodeModbusRtu
                0x0800bc1c       0x62 ./modbus/RS232.o
                0x0800bc1c                DecodeModbusRtu
 *fill*         0x0800bc7e        0x2 
 .text.HAL_UARTEx_RxEventCallback
                0x0800bc80       0xd0 ./modbus/RS232.o
                0x0800bc80                HAL_UARTEx_RxEventCallback
 .text.Get_Holding_Registers
                0x0800bd50       0x2c ./modbus/modbusSlave.o
                0x0800bd50                Get_Holding_Registers
 .text.Copy_Holding_Registers
                0x0800bd7c       0x44 ./modbus/modbusSlave.o
                0x0800bd7c                Copy_Holding_Registers
 .text.Reset_Tray
                0x0800bdc0       0x24 ./modbus/modbusSlave.o
                0x0800bdc0                Reset_Tray
 .text.sendData
                0x0800bde4       0x58 ./modbus/modbusSlave.o
                0x0800bde4                sendData
 .text.modbusException
                0x0800be3c       0x40 ./modbus/modbusSlave.o
                0x0800be3c                modbusException
 .text.readHoldingRegs
                0x0800be7c       0xe4 ./modbus/modbusSlave.o
                0x0800be7c                readHoldingRegs
 .text.readInputRegs
                0x0800bf60       0xe4 ./modbus/modbusSlave.o
                0x0800bf60                readInputRegs
 .text.readCoils
                0x0800c044      0x160 ./modbus/modbusSlave.o
                0x0800c044                readCoils
 .text.readInputs
                0x0800c1a4      0x160 ./modbus/modbusSlave.o
                0x0800c1a4                readInputs
 .text.writeHoldingRegs
                0x0800c304       0xf8 ./modbus/modbusSlave.o
                0x0800c304                writeHoldingRegs
 .text.writeSingleReg
                0x0800c3fc       0x94 ./modbus/modbusSlave.o
                0x0800c3fc                writeSingleReg
 .text.writeSingleCoil
                0x0800c490       0xf8 ./modbus/modbusSlave.o
                0x0800c490                writeSingleCoil
 .text.writeMultiCoils
                0x0800c588      0x170 ./modbus/modbusSlave.o
                0x0800c588                writeMultiCoils
 .text.crc16    0x0800c6f8       0x6c ./modbus/modbus_crc.o
                0x0800c6f8                crc16
 .text.memset   0x0800c764       0x10 C:/Users/Admin/STM32CubeIDE_1.16.0/STM32CubeIDE/plugins/com.st.stm32cube.ide.mcu.externaltools.gnu-tools-for-stm32.12.3.rel1.win32_1.0.200.202406191623/tools/bin/../lib/gcc/arm-none-eabi/12.3.1/../../../../arm-none-eabi/lib/thumb/v7e-m+fp/hard\libc_nano.a(libc_a-memset.o)
                0x0800c764                memset
 .text.__libc_init_array
                0x0800c774       0x48 C:/Users/Admin/STM32CubeIDE_1.16.0/STM32CubeIDE/plugins/com.st.stm32cube.ide.mcu.externaltools.gnu-tools-for-stm32.12.3.rel1.win32_1.0.200.202406191623/tools/bin/../lib/gcc/arm-none-eabi/12.3.1/../../../../arm-none-eabi/lib/thumb/v7e-m+fp/hard\libc_nano.a(libc_a-init.o)
                0x0800c774                __libc_init_array
 *(.glue_7)
 .glue_7        0x0800c7bc        0x0 linker stubs
 *(.glue_7t)
 .glue_7t       0x0800c7bc        0x0 linker stubs
 *(.eh_frame)
 .eh_frame      0x0800c7bc        0x0 C:/Users/Admin/STM32CubeIDE_1.16.0/STM32CubeIDE/plugins/com.st.stm32cube.ide.mcu.externaltools.gnu-tools-for-stm32.12.3.rel1.win32_1.0.200.202406191623/tools/bin/../lib/gcc/arm-none-eabi/12.3.1/thumb/v7e-m+fp/hard/crtbegin.o
 *(.init)
 .init          0x0800c7bc        0x4 C:/Users/Admin/STM32CubeIDE_1.16.0/STM32CubeIDE/plugins/com.st.stm32cube.ide.mcu.externaltools.gnu-tools-for-stm32.12.3.rel1.win32_1.0.200.202406191623/tools/bin/../lib/gcc/arm-none-eabi/12.3.1/thumb/v7e-m+fp/hard/crti.o
                0x0800c7bc                _init
 .init          0x0800c7c0        0x8 C:/Users/Admin/STM32CubeIDE_1.16.0/STM32CubeIDE/plugins/com.st.stm32cube.ide.mcu.externaltools.gnu-tools-for-stm32.12.3.rel1.win32_1.0.200.202406191623/tools/bin/../lib/gcc/arm-none-eabi/12.3.1/thumb/v7e-m+fp/hard/crtn.o
 *(.fini)
 .fini          0x0800c7c8        0x4 C:/Users/Admin/STM32CubeIDE_1.16.0/STM32CubeIDE/plugins/com.st.stm32cube.ide.mcu.externaltools.gnu-tools-for-stm32.12.3.rel1.win32_1.0.200.202406191623/tools/bin/../lib/gcc/arm-none-eabi/12.3.1/thumb/v7e-m+fp/hard/crti.o
                0x0800c7c8                _fini
 .fini          0x0800c7cc        0x8 C:/Users/Admin/STM32CubeIDE_1.16.0/STM32CubeIDE/plugins/com.st.stm32cube.ide.mcu.externaltools.gnu-tools-for-stm32.12.3.rel1.win32_1.0.200.202406191623/tools/bin/../lib/gcc/arm-none-eabi/12.3.1/thumb/v7e-m+fp/hard/crtn.o
                0x0800c7d4                        . = ALIGN (0x4)
                0x0800c7d4                        _etext = .

.vfp11_veneer   0x0800c7d4        0x0
 .vfp11_veneer  0x0800c7d4        0x0 linker stubs

.v4_bx          0x0800c7d4        0x0
 .v4_bx         0x0800c7d4        0x0 linker stubs

.iplt           0x0800c7d4        0x0
 .iplt          0x0800c7d4        0x0 C:/Users/Admin/STM32CubeIDE_1.16.0/STM32CubeIDE/plugins/com.st.stm32cube.ide.mcu.externaltools.gnu-tools-for-stm32.12.3.rel1.win32_1.0.200.202406191623/tools/bin/../lib/gcc/arm-none-eabi/12.3.1/thumb/v7e-m+fp/hard/crtbegin.o

.rodata         0x0800c7d4      0x4c4
                0x0800c7d4                        . = ALIGN (0x4)
 *(.rodata)
 .rodata        0x0800c7d4       0x46 ./USB_DEVICE/App/usbd_desc.o
 *(.rodata*)
 *fill*         0x0800c81a        0x2 
 .rodata.jerk_table
                0x0800c81c       0xc8 ./Core/Src/drive.o
                0x0800c81c                jerk_table
 .rodata.triangle_array
                0x0800c8e4      0x194 ./Core/Src/drive.o
                0x0800c8e4                triangle_array
 .rodata.AHBPrescTable
                0x0800ca78       0x10 ./Core/Src/system_stm32f4xx.o
                0x0800ca78                AHBPrescTable
 .rodata.APBPrescTable
                0x0800ca88        0x8 ./Core/Src/system_stm32f4xx.o
                0x0800ca88                APBPrescTable
 .rodata.flagBitshiftOffset.0
                0x0800ca90        0x8 ./Drivers/STM32F4xx_HAL_Driver/Src/stm32f4xx_hal_dma.o
 .rodata.table_crc_hi
                0x0800ca98      0x100 ./modbus/modbus_crc.o
 .rodata.table_crc_lo
                0x0800cb98      0x100 ./modbus/modbus_crc.o
                0x0800cc98                        . = ALIGN (0x4)

.ARM.extab      0x0800cc98        0x0
                0x0800cc98                        . = ALIGN (0x4)
 *(.ARM.extab* .gnu.linkonce.armextab.*)
                0x0800cc98                        . = ALIGN (0x4)

.ARM            0x0800cc98        0x8
                0x0800cc98                        . = ALIGN (0x4)
                0x0800cc98                        __exidx_start = .
 *(.ARM.exidx*)
 .ARM.exidx     0x0800cc98        0x8 C:/Users/Admin/STM32CubeIDE_1.16.0/STM32CubeIDE/plugins/com.st.stm32cube.ide.mcu.externaltools.gnu-tools-for-stm32.12.3.rel1.win32_1.0.200.202406191623/tools/bin/../lib/gcc/arm-none-eabi/12.3.1/thumb/v7e-m+fp/hard\libgcc.a(_udivmoddi4.o)
                0x0800cca0                        __exidx_end = .
                0x0800cca0                        . = ALIGN (0x4)

.preinit_array  0x0800cca0        0x0
                0x0800cca0                        . = ALIGN (0x4)
                0x0800cca0                        PROVIDE (__preinit_array_start = .)
 *(.preinit_array*)
                0x0800cca0                        PROVIDE (__preinit_array_end = .)
                0x0800cca0                        . = ALIGN (0x4)

.init_array     0x0800cca0        0x4
                0x0800cca0                        . = ALIGN (0x4)
                0x0800cca0                        PROVIDE (__init_array_start = .)
 *(SORT_BY_NAME(.init_array.*))
 *(.init_array*)
 .init_array    0x0800cca0        0x4 C:/Users/Admin/STM32CubeIDE_1.16.0/STM32CubeIDE/plugins/com.st.stm32cube.ide.mcu.externaltools.gnu-tools-for-stm32.12.3.rel1.win32_1.0.200.202406191623/tools/bin/../lib/gcc/arm-none-eabi/12.3.1/thumb/v7e-m+fp/hard/crtbegin.o
                0x0800cca4                        PROVIDE (__init_array_end = .)
                0x0800cca4                        . = ALIGN (0x4)

.fini_array     0x0800cca4        0x4
                0x0800cca4                        . = ALIGN (0x4)
                [!provide]                        PROVIDE (__fini_array_start = .)
 *(SORT_BY_NAME(.fini_array.*))
 *(.fini_array*)
 .fini_array    0x0800cca4        0x4 C:/Users/Admin/STM32CubeIDE_1.16.0/STM32CubeIDE/plugins/com.st.stm32cube.ide.mcu.externaltools.gnu-tools-for-stm32.12.3.rel1.win32_1.0.200.202406191623/tools/bin/../lib/gcc/arm-none-eabi/12.3.1/thumb/v7e-m+fp/hard/crtbegin.o
                [!provide]                        PROVIDE (__fini_array_end = .)
                0x0800cca8                        . = ALIGN (0x4)
                0x0800cca8                        _sidata = LOADADDR (.data)

.rel.dyn        0x0800cca8        0x0
 .rel.iplt      0x0800cca8        0x0 C:/Users/Admin/STM32CubeIDE_1.16.0/STM32CubeIDE/plugins/com.st.stm32cube.ide.mcu.externaltools.gnu-tools-for-stm32.12.3.rel1.win32_1.0.200.202406191623/tools/bin/../lib/gcc/arm-none-eabi/12.3.1/thumb/v7e-m+fp/hard/crtbegin.o

.data           0x20000000      0x1c0 load address 0x0800cca8
                0x20000000                        . = ALIGN (0x4)
                0x20000000                        _sdata = .
 *(.data)
 *(.data*)
 .data.Handel_buttonTable
                0x20000000       0x18 ./Core/Src/mgr_hmi.o
                0x20000000                Handel_buttonTable
 .data.motorMoveTable
                0x20000018       0x98 ./Core/Src/mgr_hmi.o
                0x20000018                motorMoveTable
 .data.SystemCoreClock
                0x200000b0        0x4 ./Core/Src/system_stm32f4xx.o
                0x200000b0                SystemCoreClock
 .data.uwTickPrio
                0x200000b4        0x4 ./Drivers/STM32F4xx_HAL_Driver/Src/stm32f4xx_hal.o
                0x200000b4                uwTickPrio
 .data.uwTickFreq
                0x200000b8        0x1 ./Drivers/STM32F4xx_HAL_Driver/Src/stm32f4xx_hal.o
                0x200000b8                uwTickFreq
 *fill*         0x200000b9        0x3 
 .data.USBD_CDC_DeviceQualifierDesc
                0x200000bc        0xa ./Middlewares/ST/STM32_USB_Device_Library/Class/CDC/Src/usbd_cdc.o
 *fill*         0x200000c6        0x2 
 .data.USBD_CDC
                0x200000c8       0x38 ./Middlewares/ST/STM32_USB_Device_Library/Class/CDC/Src/usbd_cdc.o
                0x200000c8                USBD_CDC
 .data.USBD_CDC_CfgDesc
                0x20000100       0x43 ./Middlewares/ST/STM32_USB_Device_Library/Class/CDC/Src/usbd_cdc.o
 .data.CDCInEpAdd
                0x20000143        0x1 ./Middlewares/ST/STM32_USB_Device_Library/Class/CDC/Src/usbd_cdc.o
 .data.CDCOutEpAdd
                0x20000144        0x1 ./Middlewares/ST/STM32_USB_Device_Library/Class/CDC/Src/usbd_cdc.o
 .data.CDCCmdEpAdd
                0x20000145        0x1 ./Middlewares/ST/STM32_USB_Device_Library/Class/CDC/Src/usbd_cdc.o
 *fill*         0x20000146        0x2 
 .data.USBD_Interface_fops_FS
                0x20000148       0x14 ./USB_DEVICE/App/usbd_cdc_if.o
                0x20000148                USBD_Interface_fops_FS
 .data.FS_Desc  0x2000015c       0x1c ./USB_DEVICE/App/usbd_desc.o
                0x2000015c                FS_Desc
 .data.USBD_FS_DeviceDesc
                0x20000178       0x12 ./USB_DEVICE/App/usbd_desc.o
                0x20000178                USBD_FS_DeviceDesc
 *fill*         0x2000018a        0x2 
 .data.USBD_LangIDDesc
                0x2000018c        0x4 ./USB_DEVICE/App/usbd_desc.o
                0x2000018c                USBD_LangIDDesc
 .data.USBD_StringSerial
                0x20000190       0x1a ./USB_DEVICE/App/usbd_desc.o
                0x20000190                USBD_StringSerial
 *fill*         0x200001aa        0x2 
 .data.Control_motor
                0x200001ac        0x4 ./modbus/RS232.o
                0x200001ac                Control_motor
 .data.Tab      0x200001b0        0x4 ./modbus/RS232.o
                0x200001b0                Tab
 .data.Save_Tray
                0x200001b4        0x4 ./modbus/RS232.o
                0x200001b4                Save_Tray
 .data.Motor_Lamp
                0x200001b8        0x4 ./modbus/RS232.o
                0x200001b8                Motor_Lamp
 .data.Worker_Control
                0x200001bc        0x4 ./modbus/RS232.o
                0x200001bc                Worker_Control
 *(.RamFunc)
 *(.RamFunc*)
                0x200001c0                        . = ALIGN (0x4)
                0x200001c0                        _edata = .
                0x0800ce68                        _siccmram = LOADADDR (.ccmram)

.igot.plt       0x200001c0        0x0 load address 0x0800ce68
 .igot.plt      0x200001c0        0x0 C:/Users/Admin/STM32CubeIDE_1.16.0/STM32CubeIDE/plugins/com.st.stm32cube.ide.mcu.externaltools.gnu-tools-for-stm32.12.3.rel1.win32_1.0.200.202406191623/tools/bin/../lib/gcc/arm-none-eabi/12.3.1/thumb/v7e-m+fp/hard/crtbegin.o

.ccmram         0x10000000        0x0 load address 0x0800ce68
                0x10000000                        . = ALIGN (0x4)
                0x10000000                        _sccmram = .
 *(.ccmram)
 *(.ccmram*)
                0x10000000                        . = ALIGN (0x4)
                0x10000000                        _eccmram = .
                0x10000000                        . = ALIGN (0x4)

.bss            0x200001c0     0x235c
                0x200001c0                        _sbss = .
                0x200001c0                        __bss_start__ = _sbss
 *(.bss)
 .bss           0x200001c0       0x1c C:/Users/Admin/STM32CubeIDE_1.16.0/STM32CubeIDE/plugins/com.st.stm32cube.ide.mcu.externaltools.gnu-tools-for-stm32.12.3.rel1.win32_1.0.200.202406191623/tools/bin/../lib/gcc/arm-none-eabi/12.3.1/thumb/v7e-m+fp/hard/crtbegin.o
 *(.bss*)
 .bss.Rotbot_axis
                0x200001dc       0xd8 ./Core/Src/drive.o
 .bss.TID_Timer
                0x200002b4       0x60 ./Core/Src/drive_time.o
                0x200002b4                TID_Timer
 .bss._tGloabal_milis
                0x20000314        0x4 ./Core/Src/drive_time.o
 .bss.htim1     0x20000318       0x48 ./Core/Src/main.o
                0x20000318                htim1
 .bss.htim2     0x20000360       0x48 ./Core/Src/main.o
                0x20000360                htim2
 .bss.htim3     0x200003a8       0x48 ./Core/Src/main.o
                0x200003a8                htim3
 .bss.htim4     0x200003f0       0x48 ./Core/Src/main.o
                0x200003f0                htim4
 .bss.htim5     0x20000438       0x48 ./Core/Src/main.o
                0x20000438                htim5
 .bss.htim7     0x20000480       0x48 ./Core/Src/main.o
                0x20000480                htim7
 .bss.htim8     0x200004c8       0x48 ./Core/Src/main.o
                0x200004c8                htim8
 .bss.huart2    0x20000510       0x48 ./Core/Src/main.o
                0x20000510                huart2
 .bss.hdma_usart2_rx
                0x20000558       0x60 ./Core/Src/main.o
                0x20000558                hdma_usart2_rx
 .bss.time_on   0x200005b8        0x1 ./Core/Src/main.o
                0x200005b8                time_on
 .bss.fisrtbit  0x200005b9        0x1 ./Core/Src/mgr_hmi.o
                0x200005b9                fisrtbit
 .bss.Emergency
                0x200005ba        0x1 ./Core/Src/mgr_hmi.o
                0x200005ba                Emergency
 .bss.save      0x200005bb        0x1 ./Core/Src/mgr_hmi.o
                0x200005bb                save
 .bss.hmi_btns  0x200005bc       0x48 ./Core/Src/mgr_hmi.o
                0x200005bc                hmi_btns
 .bss.uwTick    0x20000604        0x4 ./Drivers/STM32F4xx_HAL_Driver/Src/stm32f4xx_hal.o
                0x20000604                uwTick
 .bss.cfgidx.0  0x20000608        0x1 ./Middlewares/ST/STM32_USB_Device_Library/Core/Src/usbd_ctlreq.o
 *fill*         0x20000609        0x3 
 .bss.hUsbDeviceFS
                0x2000060c      0x2dc ./USB_DEVICE/App/usb_device.o
                0x2000060c                hUsbDeviceFS
 .bss.UserRxBufferFS
                0x200008e8      0x800 ./USB_DEVICE/App/usbd_cdc_if.o
                0x200008e8                UserRxBufferFS
 .bss.UserTxBufferFS
                0x200010e8      0x800 ./USB_DEVICE/App/usbd_cdc_if.o
                0x200010e8                UserTxBufferFS
 .bss.USBD_StrDesc
                0x200018e8      0x200 ./USB_DEVICE/App/usbd_desc.o
                0x200018e8                USBD_StrDesc
 .bss.hpcd_USB_OTG_FS
                0x20001ae8      0x4e4 ./USB_DEVICE/Target/usbd_conf.o
                0x20001ae8                hpcd_USB_OTG_FS
 .bss.mem.0     0x20001fcc      0x220 ./USB_DEVICE/Target/usbd_conf.o
 .bss.RxData    0x200021ec      0x100 ./modbus/RS232.o
                0x200021ec                RxData
 .bss.TxData    0x200022ec      0x100 ./modbus/RS232.o
                0x200022ec                TxData
 .bss.Holding_Registers_Database
                0x200023ec       0x64 ./modbus/modbusSlave.o
                0x200023ec                Holding_Registers_Database
 .bss.Coils_Database
                0x20002450       0x32 ./modbus/modbusSlave.o
                0x20002450                Coils_Database
 *fill*         0x20002482        0x2 
 .bss.Inputs_Database
                0x20002484       0x32 ./modbus/modbusSlave.o
                0x20002484                Inputs_Database
 *fill*         0x200024b6        0x2 
 .bss.Input_Registers_Database
                0x200024b8       0x64 ./modbus/modbusSlave.o
                0x200024b8                Input_Registers_Database
 *(COMMON)
                0x2000251c                        . = ALIGN (0x4)
                0x2000251c                        _ebss = .
                0x2000251c                        __bss_end__ = _ebss

._user_heap_stack
                0x2000251c      0x604
                0x20002520                        . = ALIGN (0x8)
 *fill*         0x2000251c        0x4 
                [!provide]                        PROVIDE (end = .)
                0x20002520                        PROVIDE (_end = .)
                0x20002720                        . = (. + _Min_Heap_Size)
 *fill*         0x20002520      0x200 
                0x20002b20                        . = (. + _Min_Stack_Size)
 *fill*         0x20002720      0x400 
                0x20002b20                        . = ALIGN (0x8)

/DISCARD/
 libc.a(*)
 libm.a(*)
 libgcc.a(*)

.ARM.attributes
                0x00000000       0x30
 *(.ARM.attributes)
 .ARM.attributes
                0x00000000       0x22 C:/Users/Admin/STM32CubeIDE_1.16.0/STM32CubeIDE/plugins/com.st.stm32cube.ide.mcu.externaltools.gnu-tools-for-stm32.12.3.rel1.win32_1.0.200.202406191623/tools/bin/../lib/gcc/arm-none-eabi/12.3.1/thumb/v7e-m+fp/hard/crti.o
 .ARM.attributes
                0x00000022       0x34 C:/Users/Admin/STM32CubeIDE_1.16.0/STM32CubeIDE/plugins/com.st.stm32cube.ide.mcu.externaltools.gnu-tools-for-stm32.12.3.rel1.win32_1.0.200.202406191623/tools/bin/../lib/gcc/arm-none-eabi/12.3.1/thumb/v7e-m+fp/hard/crtbegin.o
 .ARM.attributes
                0x00000056       0x34 ./Core/Src/drive.o
 .ARM.attributes
                0x0000008a       0x34 ./Core/Src/drive_time.o
 .ARM.attributes
                0x000000be       0x34 ./Core/Src/main.o
 .ARM.attributes
                0x000000f2       0x34 ./Core/Src/mgr_hmi.o
 .ARM.attributes
                0x00000126       0x34 ./Core/Src/stm32f4xx_hal_msp.o
 .ARM.attributes
                0x0000015a       0x34 ./Core/Src/stm32f4xx_it.o
 .ARM.attributes
                0x0000018e       0x34 ./Core/Src/system_stm32f4xx.o
 .ARM.attributes
                0x000001c2       0x21 ./Core/Startup/startup_stm32f407vetx.o
 .ARM.attributes
                0x000001e3       0x34 ./Drivers/STM32F4xx_HAL_Driver/Src/stm32f4xx_hal.o
 .ARM.attributes
                0x00000217       0x34 ./Drivers/STM32F4xx_HAL_Driver/Src/stm32f4xx_hal_cortex.o
 .ARM.attributes
                0x0000024b       0x34 ./Drivers/STM32F4xx_HAL_Driver/Src/stm32f4xx_hal_dma.o
 .ARM.attributes
                0x0000027f       0x34 ./Drivers/STM32F4xx_HAL_Driver/Src/stm32f4xx_hal_gpio.o
 .ARM.attributes
                0x000002b3       0x34 ./Drivers/STM32F4xx_HAL_Driver/Src/stm32f4xx_hal_pcd.o
 .ARM.attributes
                0x000002e7       0x34 ./Drivers/STM32F4xx_HAL_Driver/Src/stm32f4xx_hal_pcd_ex.o
 .ARM.attributes
                0x0000031b       0x34 ./Drivers/STM32F4xx_HAL_Driver/Src/stm32f4xx_hal_rcc.o
 .ARM.attributes
                0x0000034f       0x34 ./Drivers/STM32F4xx_HAL_Driver/Src/stm32f4xx_hal_tim.o
 .ARM.attributes
                0x00000383       0x34 ./Drivers/STM32F4xx_HAL_Driver/Src/stm32f4xx_hal_tim_ex.o
 .ARM.attributes
                0x000003b7       0x34 ./Drivers/STM32F4xx_HAL_Driver/Src/stm32f4xx_hal_uart.o
 .ARM.attributes
                0x000003eb       0x34 ./Drivers/STM32F4xx_HAL_Driver/Src/stm32f4xx_ll_usb.o
 .ARM.attributes
                0x0000041f       0x34 ./Middlewares/ST/STM32_USB_Device_Library/Class/CDC/Src/usbd_cdc.o
 .ARM.attributes
                0x00000453       0x34 ./Middlewares/ST/STM32_USB_Device_Library/Core/Src/usbd_core.o
 .ARM.attributes
                0x00000487       0x34 ./Middlewares/ST/STM32_USB_Device_Library/Core/Src/usbd_ctlreq.o
 .ARM.attributes
                0x000004bb       0x34 ./Middlewares/ST/STM32_USB_Device_Library/Core/Src/usbd_ioreq.o
 .ARM.attributes
                0x000004ef       0x34 ./USB_DEVICE/App/usb_device.o
 .ARM.attributes
                0x00000523       0x34 ./USB_DEVICE/App/usbd_cdc_if.o
 .ARM.attributes
                0x00000557       0x34 ./USB_DEVICE/App/usbd_desc.o
 .ARM.attributes
                0x0000058b       0x34 ./USB_DEVICE/Target/usbd_conf.o
 .ARM.attributes
                0x000005bf       0x34 ./modbus/RS232.o
 .ARM.attributes
                0x000005f3       0x34 ./modbus/modbusSlave.o
 .ARM.attributes
                0x00000627       0x34 ./modbus/modbus_crc.o
 .ARM.attributes
                0x0000065b       0x34 C:/Users/Admin/STM32CubeIDE_1.16.0/STM32CubeIDE/plugins/com.st.stm32cube.ide.mcu.externaltools.gnu-tools-for-stm32.12.3.rel1.win32_1.0.200.202406191623/tools/bin/../lib/gcc/arm-none-eabi/12.3.1/../../../../arm-none-eabi/lib/thumb/v7e-m+fp/hard\libc_nano.a(libc_a-memset.o)
 .ARM.attributes
                0x0000068f       0x34 C:/Users/Admin/STM32CubeIDE_1.16.0/STM32CubeIDE/plugins/com.st.stm32cube.ide.mcu.externaltools.gnu-tools-for-stm32.12.3.rel1.win32_1.0.200.202406191623/tools/bin/../lib/gcc/arm-none-eabi/12.3.1/../../../../arm-none-eabi/lib/thumb/v7e-m+fp/hard\libc_nano.a(libc_a-init.o)
 .ARM.attributes
                0x000006c3       0x22 C:/Users/Admin/STM32CubeIDE_1.16.0/STM32CubeIDE/plugins/com.st.stm32cube.ide.mcu.externaltools.gnu-tools-for-stm32.12.3.rel1.win32_1.0.200.202406191623/tools/bin/../lib/gcc/arm-none-eabi/12.3.1/thumb/v7e-m+fp/hard\libgcc.a(_aeabi_uldivmod.o)
 .ARM.attributes
                0x000006e5       0x34 C:/Users/Admin/STM32CubeIDE_1.16.0/STM32CubeIDE/plugins/com.st.stm32cube.ide.mcu.externaltools.gnu-tools-for-stm32.12.3.rel1.win32_1.0.200.202406191623/tools/bin/../lib/gcc/arm-none-eabi/12.3.1/thumb/v7e-m+fp/hard\libgcc.a(_udivmoddi4.o)
 .ARM.attributes
                0x00000719       0x22 C:/Users/Admin/STM32CubeIDE_1.16.0/STM32CubeIDE/plugins/com.st.stm32cube.ide.mcu.externaltools.gnu-tools-for-stm32.12.3.rel1.win32_1.0.200.202406191623/tools/bin/../lib/gcc/arm-none-eabi/12.3.1/thumb/v7e-m+fp/hard\libgcc.a(_dvmd_tls.o)
 .ARM.attributes
                0x0000073b       0x22 C:/Users/Admin/STM32CubeIDE_1.16.0/STM32CubeIDE/plugins/com.st.stm32cube.ide.mcu.externaltools.gnu-tools-for-stm32.12.3.rel1.win32_1.0.200.202406191623/tools/bin/../lib/gcc/arm-none-eabi/12.3.1/thumb/v7e-m+fp/hard/crtn.o
OUTPUT(usb_to_com.elf elf32-littlearm)
LOAD linker stubs
LOAD C:/Users/Admin/STM32CubeIDE_1.16.0/STM32CubeIDE/plugins/com.st.stm32cube.ide.mcu.externaltools.gnu-tools-for-stm32.12.3.rel1.win32_1.0.200.202406191623/tools/bin/../lib/gcc/arm-none-eabi/12.3.1/../../../../arm-none-eabi/lib/thumb/v7e-m+fp/hard\libc.a
LOAD C:/Users/Admin/STM32CubeIDE_1.16.0/STM32CubeIDE/plugins/com.st.stm32cube.ide.mcu.externaltools.gnu-tools-for-stm32.12.3.rel1.win32_1.0.200.202406191623/tools/bin/../lib/gcc/arm-none-eabi/12.3.1/../../../../arm-none-eabi/lib/thumb/v7e-m+fp/hard\libm.a
LOAD C:/Users/Admin/STM32CubeIDE_1.16.0/STM32CubeIDE/plugins/com.st.stm32cube.ide.mcu.externaltools.gnu-tools-for-stm32.12.3.rel1.win32_1.0.200.202406191623/tools/bin/../lib/gcc/arm-none-eabi/12.3.1/thumb/v7e-m+fp/hard\libgcc.a

.debug_info     0x00000000    0x1a4e3
 .debug_info    0x00000000      0xd82 ./Core/Src/drive.o
 .debug_info    0x00000d82      0x21f ./Core/Src/drive_time.o
 .debug_info    0x00000fa1     0x17c8 ./Core/Src/main.o
 .debug_info    0x00002769      0x9bf ./Core/Src/mgr_hmi.o
 .debug_info    0x00003128     0x10c4 ./Core/Src/stm32f4xx_hal_msp.o
 .debug_info    0x000041ec      0xe71 ./Core/Src/stm32f4xx_it.o
 .debug_info    0x0000505d      0x512 ./Core/Src/system_stm32f4xx.o
 .debug_info    0x0000556f       0x30 ./Core/Startup/startup_stm32f407vetx.o
 .debug_info    0x0000559f      0x944 ./Drivers/STM32F4xx_HAL_Driver/Src/stm32f4xx_hal.o
 .debug_info    0x00005ee3      0xd8c ./Drivers/STM32F4xx_HAL_Driver/Src/stm32f4xx_hal_cortex.o
 .debug_info    0x00006c6f      0x8e7 ./Drivers/STM32F4xx_HAL_Driver/Src/stm32f4xx_hal_dma.o
 .debug_info    0x00007556      0x6c3 ./Drivers/STM32F4xx_HAL_Driver/Src/stm32f4xx_hal_gpio.o
 .debug_info    0x00007c19     0x156f ./Drivers/STM32F4xx_HAL_Driver/Src/stm32f4xx_hal_pcd.o
 .debug_info    0x00009188      0x6ea ./Drivers/STM32F4xx_HAL_Driver/Src/stm32f4xx_hal_pcd_ex.o
 .debug_info    0x00009872      0x8c3 ./Drivers/STM32F4xx_HAL_Driver/Src/stm32f4xx_hal_rcc.o
 .debug_info    0x0000a135     0x299d ./Drivers/STM32F4xx_HAL_Driver/Src/stm32f4xx_hal_tim.o
 .debug_info    0x0000cad2     0x14db ./Drivers/STM32F4xx_HAL_Driver/Src/stm32f4xx_hal_tim_ex.o
 .debug_info    0x0000dfad     0x2f4f ./Drivers/STM32F4xx_HAL_Driver/Src/stm32f4xx_hal_uart.o
 .debug_info    0x00010efc     0x1993 ./Drivers/STM32F4xx_HAL_Driver/Src/stm32f4xx_ll_usb.o
 .debug_info    0x0001288f     0x12b1 ./Middlewares/ST/STM32_USB_Device_Library/Class/CDC/Src/usbd_cdc.o
 .debug_info    0x00013b40      0xe12 ./Middlewares/ST/STM32_USB_Device_Library/Core/Src/usbd_core.o
 .debug_info    0x00014952      0xaeb ./Middlewares/ST/STM32_USB_Device_Library/Core/Src/usbd_ctlreq.o
 .debug_info    0x0001543d      0x762 ./Middlewares/ST/STM32_USB_Device_Library/Core/Src/usbd_ioreq.o
 .debug_info    0x00015b9f      0x70e ./USB_DEVICE/App/usb_device.o
 .debug_info    0x000162ad      0x907 ./USB_DEVICE/App/usbd_cdc_if.o
 .debug_info    0x00016bb4      0x458 ./USB_DEVICE/App/usbd_desc.o
 .debug_info    0x0001700c     0x1c77 ./USB_DEVICE/Target/usbd_conf.o
 .debug_info    0x00018c83      0xbf7 ./modbus/RS232.o
 .debug_info    0x0001987a      0xb26 ./modbus/modbusSlave.o
 .debug_info    0x0001a3a0      0x143 ./modbus/modbus_crc.o

.debug_abbrev   0x00000000     0x42cd
 .debug_abbrev  0x00000000      0x2b1 ./Core/Src/drive.o
 .debug_abbrev  0x000002b1      0x15a ./Core/Src/drive_time.o
 .debug_abbrev  0x0000040b      0x2f3 ./Core/Src/main.o
 .debug_abbrev  0x000006fe      0x278 ./Core/Src/mgr_hmi.o
 .debug_abbrev  0x00000976      0x25e ./Core/Src/stm32f4xx_hal_msp.o
 .debug_abbrev  0x00000bd4      0x1ef ./Core/Src/stm32f4xx_it.o
 .debug_abbrev  0x00000dc3      0x11a ./Core/Src/system_stm32f4xx.o
 .debug_abbrev  0x00000edd       0x24 ./Core/Startup/startup_stm32f407vetx.o
 .debug_abbrev  0x00000f01      0x214 ./Drivers/STM32F4xx_HAL_Driver/Src/stm32f4xx_hal.o
 .debug_abbrev  0x00001115      0x31d ./Drivers/STM32F4xx_HAL_Driver/Src/stm32f4xx_hal_cortex.o
 .debug_abbrev  0x00001432      0x264 ./Drivers/STM32F4xx_HAL_Driver/Src/stm32f4xx_hal_dma.o
 .debug_abbrev  0x00001696      0x1d4 ./Drivers/STM32F4xx_HAL_Driver/Src/stm32f4xx_hal_gpio.o
 .debug_abbrev  0x0000186a      0x2b9 ./Drivers/STM32F4xx_HAL_Driver/Src/stm32f4xx_hal_pcd.o
 .debug_abbrev  0x00001b23      0x1da ./Drivers/STM32F4xx_HAL_Driver/Src/stm32f4xx_hal_pcd_ex.o
 .debug_abbrev  0x00001cfd      0x2b7 ./Drivers/STM32F4xx_HAL_Driver/Src/stm32f4xx_hal_rcc.o
 .debug_abbrev  0x00001fb4      0x278 ./Drivers/STM32F4xx_HAL_Driver/Src/stm32f4xx_hal_tim.o
 .debug_abbrev  0x0000222c      0x283 ./Drivers/STM32F4xx_HAL_Driver/Src/stm32f4xx_hal_tim_ex.o
 .debug_abbrev  0x000024af      0x30e ./Drivers/STM32F4xx_HAL_Driver/Src/stm32f4xx_hal_uart.o
 .debug_abbrev  0x000027bd      0x2b3 ./Drivers/STM32F4xx_HAL_Driver/Src/stm32f4xx_ll_usb.o
 .debug_abbrev  0x00002a70      0x2d2 ./Middlewares/ST/STM32_USB_Device_Library/Class/CDC/Src/usbd_cdc.o
 .debug_abbrev  0x00002d42      0x27c ./Middlewares/ST/STM32_USB_Device_Library/Core/Src/usbd_core.o
 .debug_abbrev  0x00002fbe      0x26f ./Middlewares/ST/STM32_USB_Device_Library/Core/Src/usbd_ctlreq.o
 .debug_abbrev  0x0000322d      0x19a ./Middlewares/ST/STM32_USB_Device_Library/Core/Src/usbd_ioreq.o
 .debug_abbrev  0x000033c7      0x195 ./USB_DEVICE/App/usb_device.o
 .debug_abbrev  0x0000355c      0x29d ./USB_DEVICE/App/usbd_cdc_if.o
 .debug_abbrev  0x000037f9      0x1e1 ./USB_DEVICE/App/usbd_desc.o
 .debug_abbrev  0x000039da      0x33f ./USB_DEVICE/Target/usbd_conf.o
 .debug_abbrev  0x00003d19      0x29d ./modbus/RS232.o
 .debug_abbrev  0x00003fb6      0x268 ./modbus/modbusSlave.o
 .debug_abbrev  0x0000421e       0xaf ./modbus/modbus_crc.o

.debug_aranges  0x00000000     0x1670
 .debug_aranges
                0x00000000       0x88 ./Core/Src/drive.o
 .debug_aranges
                0x00000088       0x48 ./Core/Src/drive_time.o
 .debug_aranges
                0x000000d0       0x80 ./Core/Src/main.o
 .debug_aranges
                0x00000150      0x120 ./Core/Src/mgr_hmi.o
 .debug_aranges
                0x00000270       0x48 ./Core/Src/stm32f4xx_hal_msp.o
 .debug_aranges
                0x000002b8       0x80 ./Core/Src/stm32f4xx_it.o
 .debug_aranges
                0x00000338       0x28 ./Core/Src/system_stm32f4xx.o
 .debug_aranges
                0x00000360       0x28 ./Core/Startup/startup_stm32f407vetx.o
 .debug_aranges
                0x00000388       0xf0 ./Drivers/STM32F4xx_HAL_Driver/Src/stm32f4xx_hal.o
 .debug_aranges
                0x00000478      0x130 ./Drivers/STM32F4xx_HAL_Driver/Src/stm32f4xx_hal_cortex.o
 .debug_aranges
                0x000005a8       0x90 ./Drivers/STM32F4xx_HAL_Driver/Src/stm32f4xx_hal_dma.o
 .debug_aranges
                0x00000638       0x58 ./Drivers/STM32F4xx_HAL_Driver/Src/stm32f4xx_hal_gpio.o
 .debug_aranges
                0x00000690      0x148 ./Drivers/STM32F4xx_HAL_Driver/Src/stm32f4xx_hal_pcd.o
 .debug_aranges
                0x000007d8       0x38 ./Drivers/STM32F4xx_HAL_Driver/Src/stm32f4xx_hal_pcd_ex.o
 .debug_aranges
                0x00000810       0x88 ./Drivers/STM32F4xx_HAL_Driver/Src/stm32f4xx_hal_rcc.o
 .debug_aranges
                0x00000898      0x3d0 ./Drivers/STM32F4xx_HAL_Driver/Src/stm32f4xx_hal_tim.o
 .debug_aranges
                0x00000c68      0x168 ./Drivers/STM32F4xx_HAL_Driver/Src/stm32f4xx_hal_tim_ex.o
 .debug_aranges
                0x00000dd0      0x208 ./Drivers/STM32F4xx_HAL_Driver/Src/stm32f4xx_hal_uart.o
 .debug_aranges
                0x00000fd8      0x1a0 ./Drivers/STM32F4xx_HAL_Driver/Src/stm32f4xx_ll_usb.o
 .debug_aranges
                0x00001178       0x90 ./Middlewares/ST/STM32_USB_Device_Library/Class/CDC/Src/usbd_cdc.o
 .debug_aranges
                0x00001208       0xd8 ./Middlewares/ST/STM32_USB_Device_Library/Core/Src/usbd_core.o
 .debug_aranges
                0x000012e0       0x90 ./Middlewares/ST/STM32_USB_Device_Library/Core/Src/usbd_ctlreq.o
 .debug_aranges
                0x00001370       0x50 ./Middlewares/ST/STM32_USB_Device_Library/Core/Src/usbd_ioreq.o
 .debug_aranges
                0x000013c0       0x20 ./USB_DEVICE/App/usb_device.o
 .debug_aranges
                0x000013e0       0x48 ./USB_DEVICE/App/usbd_cdc_if.o
 .debug_aranges
                0x00001428       0x60 ./USB_DEVICE/App/usbd_desc.o
 .debug_aranges
                0x00001488      0x110 ./USB_DEVICE/Target/usbd_conf.o
 .debug_aranges
                0x00001598       0x30 ./modbus/RS232.o
 .debug_aranges
                0x000015c8       0x88 ./modbus/modbusSlave.o
 .debug_aranges
                0x00001650       0x20 ./modbus/modbus_crc.o

.debug_rnglists
                0x00000000     0x113c
 .debug_rnglists
                0x00000000       0x67 ./Core/Src/drive.o
 .debug_rnglists
                0x00000067       0x32 ./Core/Src/drive_time.o
 .debug_rnglists
                0x00000099       0x64 ./Core/Src/main.o
 .debug_rnglists
                0x000000fd       0xd7 ./Core/Src/mgr_hmi.o
 .debug_rnglists
                0x000001d4       0x35 ./Core/Src/stm32f4xx_hal_msp.o
 .debug_rnglists
                0x00000209       0x5b ./Core/Src/stm32f4xx_it.o
 .debug_rnglists
                0x00000264       0x1a ./Core/Src/system_stm32f4xx.o
 .debug_rnglists
                0x0000027e       0x19 ./Core/Startup/startup_stm32f407vetx.o
 .debug_rnglists
                0x00000297       0xaf ./Drivers/STM32F4xx_HAL_Driver/Src/stm32f4xx_hal.o
 .debug_rnglists
                0x00000346       0xe0 ./Drivers/STM32F4xx_HAL_Driver/Src/stm32f4xx_hal_cortex.o
 .debug_rnglists
                0x00000426       0x70 ./Drivers/STM32F4xx_HAL_Driver/Src/stm32f4xx_hal_dma.o
 .debug_rnglists
                0x00000496       0x3f ./Drivers/STM32F4xx_HAL_Driver/Src/stm32f4xx_hal_gpio.o
 .debug_rnglists
                0x000004d5       0xfa ./Drivers/STM32F4xx_HAL_Driver/Src/stm32f4xx_hal_pcd.o
 .debug_rnglists
                0x000005cf       0x26 ./Drivers/STM32F4xx_HAL_Driver/Src/stm32f4xx_hal_pcd_ex.o
 .debug_rnglists
                0x000005f5       0x66 ./Drivers/STM32F4xx_HAL_Driver/Src/stm32f4xx_hal_rcc.o