Archive member included to satisfy reference by file (symbol)

C:/Users/Admin/STM32CubeIDE_1.16.0/STM32CubeIDE/plugins/com.st.stm32cube.ide.mcu.externaltools.gnu-tools-for-stm32.12.3.rel1.win32_1.0.200.202406191623/tools/bin/../lib/gcc/arm-none-eabi/12.3.1/../../../../arm-none-eabi/lib/thumb/v7e-m+fp/hard\libc_nano.a(libc_a-exit.o)
                              C:/Users/Admin/STM32CubeIDE_1.16.0/STM32CubeIDE/plugins/com.st.stm32cube.ide.mcu.externaltools.gnu-tools-for-stm32.12.3.rel1.win32_1.0.200.202406191623/tools/bin/../lib/gcc/arm-none-eabi/12.3.1/../../../../arm-none-eabi/lib/thumb/v7e-m+fp/hard/crt0.o (exit)
C:/Users/Admin/STM32CubeIDE_1.16.0/STM32CubeIDE/plugins/com.st.stm32cube.ide.mcu.externaltools.gnu-tools-for-stm32.12.3.rel1.win32_1.0.200.202406191623/tools/bin/../lib/gcc/arm-none-eabi/12.3.1/../../../../arm-none-eabi/lib/thumb/v7e-m+fp/hard\libc_nano.a(libc_a-findfp.o)
                              C:/Users/Admin/STM32CubeIDE_1.16.0/STM32CubeIDE/plugins/com.st.stm32cube.ide.mcu.externaltools.gnu-tools-for-stm32.12.3.rel1.win32_1.0.200.202406191623/tools/bin/../lib/gcc/arm-none-eabi/12.3.1/../../../../arm-none-eabi/lib/thumb/v7e-m+fp/hard\libc_nano.a(libc_a-exit.o) (__stdio_exit_handler)
C:/Users/Admin/STM32CubeIDE_1.16.0/STM32CubeIDE/plugins/com.st.stm32cube.ide.mcu.externaltools.gnu-tools-for-stm32.12.3.rel1.win32_1.0.200.202406191623/tools/bin/../lib/gcc/arm-none-eabi/12.3.1/../../../../arm-none-eabi/lib/thumb/v7e-m+fp/hard\libc_nano.a(libc_a-fwalk.o)
                              C:/Users/Admin/STM32CubeIDE_1.16.0/STM32CubeIDE/plugins/com.st.stm32cube.ide.mcu.externaltools.gnu-tools-for-stm32.12.3.rel1.win32_1.0.200.202406191623/tools/bin/../lib/gcc/arm-none-eabi/12.3.1/../../../../arm-none-eabi/lib/thumb/v7e-m+fp/hard\libc_nano.a(libc_a-findfp.o) (_fwalk_sglue)
C:/Users/Admin/STM32CubeIDE_1.16.0/STM32CubeIDE/plugins/com.st.stm32cube.ide.mcu.externaltools.gnu-tools-for-stm32.12.3.rel1.win32_1.0.200.202406191623/tools/bin/../lib/gcc/arm-none-eabi/12.3.1/../../../../arm-none-eabi/lib/thumb/v7e-m+fp/hard\libc_nano.a(libc_a-stdio.o)
                              C:/Users/Admin/STM32CubeIDE_1.16.0/STM32CubeIDE/plugins/com.st.stm32cube.ide.mcu.externaltools.gnu-tools-for-stm32.12.3.rel1.win32_1.0.200.202406191623/tools/bin/../lib/gcc/arm-none-eabi/12.3.1/../../../../arm-none-eabi/lib/thumb/v7e-m+fp/hard\libc_nano.a(libc_a-findfp.o) (__sread)
C:/Users/Admin/STM32CubeIDE_1.16.0/STM32CubeIDE/plugins/com.st.stm32cube.ide.mcu.externaltools.gnu-tools-for-stm32.12.3.rel1.win32_1.0.200.202406191623/tools/bin/../lib/gcc/arm-none-eabi/12.3.1/../../../../arm-none-eabi/lib/thumb/v7e-m+fp/hard\libc_nano.a(libc_a-memset.o)
                              C:/Users/Admin/STM32CubeIDE_1.16.0/STM32CubeIDE/plugins/com.st.stm32cube.ide.mcu.externaltools.gnu-tools-for-stm32.12.3.rel1.win32_1.0.200.202406191623/tools/bin/../lib/gcc/arm-none-eabi/12.3.1/../../../../arm-none-eabi/lib/thumb/v7e-m+fp/hard/crt0.o (memset)
C:/Users/Admin/STM32CubeIDE_1.16.0/STM32CubeIDE/plugins/com.st.stm32cube.ide.mcu.externaltools.gnu-tools-for-stm32.12.3.rel1.win32_1.0.200.202406191623/tools/bin/../lib/gcc/arm-none-eabi/12.3.1/../../../../arm-none-eabi/lib/thumb/v7e-m+fp/hard\libc_nano.a(libc_a-closer.o)
                              C:/Users/Admin/STM32CubeIDE_1.16.0/STM32CubeIDE/plugins/com.st.stm32cube.ide.mcu.externaltools.gnu-tools-for-stm32.12.3.rel1.win32_1.0.200.202406191623/tools/bin/../lib/gcc/arm-none-eabi/12.3.1/../../../../arm-none-eabi/lib/thumb/v7e-m+fp/hard\libc_nano.a(libc_a-stdio.o) (_close_r)
C:/Users/Admin/STM32CubeIDE_1.16.0/STM32CubeIDE/plugins/com.st.stm32cube.ide.mcu.externaltools.gnu-tools-for-stm32.12.3.rel1.win32_1.0.200.202406191623/tools/bin/../lib/gcc/arm-none-eabi/12.3.1/../../../../arm-none-eabi/lib/thumb/v7e-m+fp/hard\libc_nano.a(libc_a-reent.o)
                              C:/Users/Admin/STM32CubeIDE_1.16.0/STM32CubeIDE/plugins/com.st.stm32cube.ide.mcu.externaltools.gnu-tools-for-stm32.12.3.rel1.win32_1.0.200.202406191623/tools/bin/../lib/gcc/arm-none-eabi/12.3.1/../../../../arm-none-eabi/lib/thumb/v7e-m+fp/hard\libc_nano.a(libc_a-closer.o) (errno)
C:/Users/Admin/STM32CubeIDE_1.16.0/STM32CubeIDE/plugins/com.st.stm32cube.ide.mcu.externaltools.gnu-tools-for-stm32.12.3.rel1.win32_1.0.200.202406191623/tools/bin/../lib/gcc/arm-none-eabi/12.3.1/../../../../arm-none-eabi/lib/thumb/v7e-m+fp/hard\libc_nano.a(libc_a-impure.o)
                              C:/Users/Admin/STM32CubeIDE_1.16.0/STM32CubeIDE/plugins/com.st.stm32cube.ide.mcu.externaltools.gnu-tools-for-stm32.12.3.rel1.win32_1.0.200.202406191623/tools/bin/../lib/gcc/arm-none-eabi/12.3.1/../../../../arm-none-eabi/lib/thumb/v7e-m+fp/hard\libc_nano.a(libc_a-reent.o) (_impure_ptr)
C:/Users/Admin/STM32CubeIDE_1.16.0/STM32CubeIDE/plugins/com.st.stm32cube.ide.mcu.externaltools.gnu-tools-for-stm32.12.3.rel1.win32_1.0.200.202406191623/tools/bin/../lib/gcc/arm-none-eabi/12.3.1/../../../../arm-none-eabi/lib/thumb/v7e-m+fp/hard\libc_nano.a(libc_a-lseekr.o)
[...]
Memory Configuration

Name             Origin             Length             Attributes
CCMRAM           0x10000000         0x00010000         xrw
RAM              0x20000000         0x00020000         xrw
FLASH            0x08000000         0x00080000         xr
*default*        0x00000000         0xffffffff

Linker script and memory map

LOAD C:/Users/Admin/STM32CubeIDE_1.16.0/STM32CubeIDE/plugins/com.st.stm32cube.ide.mcu.externaltools.gnu-tools-for-stm32.12.3.rel1.win32_1.0.200.202406191623/tools/bin/../lib/gcc/arm-none-eabi/12.3.1/thumb/v7e-m+fp/hard/crti.o
LOAD C:/Users/Admin/STM32CubeIDE_1.16.0/STM32CubeIDE/plugins/com.st.stm32cube.ide.mcu.externaltools.gnu-tools-for-stm32.12.3.rel1.win32_1.0.200.202406191623/tools/bin/../lib/gcc/arm-none-eabi/12.3.1/thumb/v7e-m+fp/hard/crtbegin.o
LOAD C:/Users/Admin/STM32CubeIDE_1.16.0/STM32CubeIDE/plugins/com.st.stm32cube.ide.mcu.externaltools.gnu-tools-for-stm32.12.3.rel1.win32_1.0.200.202406191623/tools/bin/../lib/gcc/arm-none-eabi/12.3.1/../../../../arm-none-eabi/lib/thumb/v7e-m+fp/hard/crt0.o
LOAD ./Core/Src/drive.o
LOAD ./Core/Src/drive_time.o
LOAD ./Core/Src/main.o
LOAD ./Core/Src/mgr_hmi.o
LOAD ./Core/Src/stm32f4xx_hal_msp.o
LOAD ./Core/Src/stm32f4xx_it.o
LOAD ./Core/Src/syscalls.o
LOAD ./Core/Src/sysmem.o
LOAD ./Core/Src/system_stm32f4xx.o
LOAD ./Core/Startup/startup_stm32f407vetx.o
LOAD ./Drivers/STM32F4xx_HAL_Driver/Src/stm32f4xx_hal.o
LOAD ./Drivers/STM32F4xx_HAL_Driver/Src/stm32f4xx_hal_cortex.o
LOAD ./Drivers/STM32F4xx_HAL_Driver/Src/stm32f4xx_hal_dma.o
LOAD ./Drivers/STM32F4xx_HAL_Driver/Src/stm32f4xx_hal_dma_ex.o
LOAD ./Drivers/STM32F4xx_HAL_Driver/Src/stm32f4xx_hal_exti.o
LOAD ./Drivers/STM32F4xx_HAL_Driver/Src/stm32f4xx_hal_flash.o
LOAD ./Drivers/STM32F4xx_HAL_Driver/Src/stm32f4xx_hal_flash_ex.o
LOAD ./Drivers/STM32F4xx_HAL_Driver/Src/stm32f4xx_hal_flash_ramfunc.o
LOAD ./Drivers/STM32F4xx_HAL_Driver/Src/stm32f4xx_hal_gpio.o
LOAD ./Drivers/STM32F4xx_HAL_Driver/Src/stm32f4xx_hal_pcd.o
LOAD ./Drivers/STM32F4xx_HAL_Driver/Src/stm32f4xx_hal_pcd_ex.o
LOAD ./Drivers/STM32F4xx_HAL_Driver/Src/stm32f4xx_hal_pwr.o
LOAD ./Drivers/STM32F4xx_HAL_Driver/Src/stm32f4xx_hal_pwr_ex.o
LOAD ./Drivers/STM32F4xx_HAL_Driver/Src/stm32f4xx_hal_rcc.o
LOAD ./Drivers/STM32F4xx_HAL_Driver/Src/stm32f4xx_hal_rcc_ex.o
LOAD ./Drivers/STM32F4xx_HAL_Driver/Src/stm32f4xx_hal_tim.o
LOAD ./Drivers/STM32F4xx_HAL_Driver/Src/stm32f4xx_hal_tim_ex.o
LOAD ./Drivers/STM32F4xx_HAL_Driver/Src/stm32f4xx_hal_uart.o
LOAD ./Drivers/STM32F4xx_HAL_Driver/Src/stm32f4xx_ll_usb.o
LOAD ./Middlewares/ST/STM32_USB_Device_Library/Class/CDC/Src/usbd_cdc.o
LOAD ./Middlewares/ST/STM32_USB_Device_Library/Core/Src/usbd_core.o
LOAD ./Middlewares/ST/STM32_USB_Device_Library/Core/Src/usbd_ctlreq.o
LOAD ./Middlewares/ST/STM32_USB_Device_Library/Core/Src/usbd_ioreq.o
LOAD ./USB_DEVICE/App/usb_device.o
LOAD ./USB_DEVICE/App/usbd_cdc_if.o
LOAD ./USB_DEVICE/App/usbd_desc.o
LOAD ./USB_DEVICE/Target/usbd_conf.o
LOAD ./modbus/Common.o
LOAD ./modbus/RS232.o
LOAD ./modbus/delay.o
LOAD ./modbus/modbusSlave.o
LOAD ./modbus/modbus_crc.o
LOAD ./modbus/motor.o
START GROUP
LOAD C:/Users/Admin/STM32CubeIDE_1.16.0/STM32CubeIDE/plugins/com.st.stm32cube.ide.mcu.externaltools.gnu-tools-for-stm32.12.3.rel1.win32_1.0.200.202406191623/tools/bin/../lib/gcc/arm-none-eabi/12.3.1/../../../../arm-none-eabi/lib/thumb/v7e-m+fp/hard\libc_nano.a
LOAD C:/Users/Admin/STM32CubeIDE_1.16.0/STM32CubeIDE/plugins/com.st.stm32cube.ide.mcu.externaltools.gnu-tools-for-stm32.12.3.rel1.win32_1.0.200.202406191623/tools/bin/../lib/gcc/arm-none-eabi/12.3.1/../../../../arm-none-eabi/lib/thumb/v7e-m+fp/hard\libm.a
END GROUP
START GROUP
LOAD C:/Users/Admin/STM32CubeIDE_1.16.0/STM32CubeIDE/plugins/com.st.stm32cube.ide.mcu.externaltools.gnu-tools-for-stm32.12.3.rel1.win32_1.0.200.202406191623/tools/bin/../lib/gcc/arm-none-eabi/12.3.1/thumb/v7e-m+fp/hard\libgcc.a
LOAD C:/Users/Admin/STM32CubeIDE_1.16.0/STM32CubeIDE/plugins/com.st.stm32cube.ide.mcu.externaltools.gnu-tools-for-stm32.12.3.rel1.win32_1.0.200.202406191623/tools/bin/../lib/gcc/arm-none-eabi/12.3.1/../../../../arm-none-eabi/lib/thumb/v7e-m+fp/hard\libc_nano.a
END GROUP
START GROUP
LOAD C:/Users/Admin/STM32CubeIDE_1.16.0/STM32CubeIDE/plugins/com.st.stm32cube.ide.mcu.externaltools.gnu-tools-for-stm32.12.3.rel1.win32_1.0.200.202406191623/tools/bin/../lib/gcc/arm-none-eabi/12.3.1/thumb/v7e-m+fp/hard\libgcc.a
LOAD C:/Users/Admin/STM32CubeIDE_1.16.0/STM32CubeIDE/plugins/com.st.stm32cube.ide.mcu.externaltools.gnu-tools-for-stm32.12.3.rel1.win32_1.0.200.202406191623/tools/bin/../lib/gcc/arm-none-eabi/12.3.1/../../../../arm-none-eabi/lib/thumb/v7e-m+fp/hard\libc_nano.a
LOAD C:/Users/Admin/STM32CubeIDE_1.16.0/STM32CubeIDE/plugins/com.st.stm32cube.ide.mcu.externaltools.gnu-tools-for-stm32.12.3.rel1.win32_1.0.200.202406191623/tools/bin/../lib/gcc/arm-none-eabi/12.3.1/../../../../arm-none-eabi/lib/thumb/v7e-m+fp/hard\libnosys.a
END GROUP
START GROUP
LOAD C:/Users/Admin/STM32CubeIDE_1.16.0/STM32CubeIDE/plugins/com.st.stm32cube.ide.mcu.externaltools.gnu-tools-for-stm32.12.3.rel1.win32_1.0.200.202406191623/tools/bin/../lib/gcc/arm-none-eabi/12.3.1/thumb/v7e-m+fp/hard\libgcc.a
LOAD C:/Users/Admin/STM32CubeIDE_1.16.0/STM32CubeIDE/plugins/com.st.stm32cube.ide.mcu.externaltools.gnu-tools-for-stm32.12.3.rel1.win32_1.0.200.202406191623/tools/bin/../lib/gcc/arm-none-eabi/12.3.1/../../../../arm-none-eabi/lib/thumb/v7e-m+fp/hard\libc_nano.a
LOAD C:/Users/Admin/STM32CubeIDE_1.16.0/STM32CubeIDE/plugins/com.st.stm32cube.ide.mcu.externaltools.gnu-tools-for-stm32.12.3.rel1.win32_1.0.200.202406191623/tools/bin/../lib/gcc/arm-none-eabi/12.3.1/../../../../arm-none-eabi/lib/thumb/v7e-m+fp/hard\libnosys.a
END GROUP
LOAD C:/Users/Admin/STM32CubeIDE_1.16.0/STM32CubeIDE/plugins/com.st.stm32cube.ide.mcu.externaltools.gnu-tools-for-stm32.12.3.rel1.win32_1.0.200.202406191623/tools/bin/../lib/gcc/arm-none-eabi/12.3.1/thumb/v7e-m+fp/hard/crtend.o
LOAD C:/Users/Admin/STM32CubeIDE_1.16.0/STM32CubeIDE/plugins/com.st.stm32cube.ide.mcu.externaltools.gnu-tools-for-stm32.12.3.rel1.win32_1.0.200.202406191623/tools/bin/../lib/gcc/arm-none-eabi/12.3.1/thumb/v7e-m+fp/hard/crtn.o
                0x20020000                        _estack = (ORIGIN (RAM) + LENGTH (RAM))
                0x00000200                        _Min_Heap_Size = 0x200
                0x00000400                        _Min_Stack_Size = 0x400

.isr_vector     0x08000000      0x188
                0x08000000                        . = ALIGN (0x4)
 *(.isr_vector)
 .isr_vector    0x08000000      0x188 ./Core/Startup/startup_stm32f407vetx.o
                0x08000000                g_pfnVectors
                0x08000188                        . = ALIGN (0x4)

.text           0x08000188     0xc3dc
                0x08000188                        . = ALIGN (0x4)
 *(.text)
 .text          0x08000188       0x40 C:/Users/Admin/STM32CubeIDE_1.16.0/STM32CubeIDE/plugins/com.st.stm32cube.ide.mcu.externaltools.gnu-tools-for-stm32.12.3.rel1.win32_1.0.200.202406191623/tools/bin/../lib/gcc/arm-none-eabi/12.3.1/thumb/v7e-m+fp/hard/crtbegin.o
 .text          0x080001c8       0x30 C:/Users/Admin/STM32CubeIDE_1.16.0/STM32CubeIDE/plugins/com.st.stm32cube.ide.mcu.externaltools.gnu-tools-for-stm32.12.3.rel1.win32_1.0.200.202406191623/tools/bin/../lib/gcc/arm-none-eabi/12.3.1/thumb/v7e-m+fp/hard\libgcc.a(_aeabi_uldivmod.o)
                0x080001c8                __aeabi_uldivmod
 .text          0x080001f8      0x2bc C:/Users/Admin/STM32CubeIDE_1.16.0/STM32CubeIDE/plugins/com.st.stm32cube.ide.mcu.externaltools.gnu-tools-for-stm32.12.3.rel1.win32_1.0.200.202406191623/tools/bin/../lib/gcc/arm-none-eabi/12.3.1/thumb/v7e-m+fp/hard\libgcc.a(_udivmoddi4.o)
                0x080001f8                __udivmoddi4
 .text          0x080004b4        0x4 C:/Users/Admin/STM32CubeIDE_1.16.0/STM32CubeIDE/plugins/com.st.stm32cube.ide.mcu.externaltools.gnu-tools-for-stm32.12.3.rel1.win32_1.0.200.202406191623/tools/bin/../lib/gcc/arm-none-eabi/12.3.1/thumb/v7e-m+fp/hard\libgcc.a(_dvmd_tls.o)
                0x080004b4                __aeabi_idiv0
                0x080004b4                __aeabi_ldiv0
 *(.text*)
 .text.Init_Timer_chanal
                0x080004b8       0x80 ./Core/Src/drive.o
                0x080004b8                Init_Timer_chanal
 .text.Robot_Init
                0x08000538      0x1c8 ./Core/Src/drive.o
                0x08000538                Robot_Init
 .text.MC_MoveAbsolute
                0x08000700      0x1ec ./Core/Src/drive.o
                0x08000700                MC_MoveAbsolute
 .text.MC_Stop  0x080008ec       0x38 ./Core/Src/drive.o
                0x080008ec                MC_Stop
 .text.MC_MoveRelative
                0x08000924       0x2c ./Core/Src/drive.o
                0x08000924                MC_MoveRelative
 .text.MC_MoveLinear
                0x08000950      0x118 ./Core/Src/drive.o
                0x08000950                MC_MoveLinear
 .text.MC_MoveHandle
                0x08000a68       0xb4 ./Core/Src/drive.o
                0x08000a68                MC_MoveHandle
 .text.Rotbot_controler
                0x08000b1c      0x330 ./Core/Src/drive.o
                0x08000b1c                Rotbot_controler
 .text.MC_Control_Interrupt
                0x08000e4c       0x54 ./Core/Src/drive.o
                0x08000e4c                MC_Control_Interrupt
 .text.Set_Direction_OX
                0x08000ea0       0x24 ./Core/Src/drive.o
                0x08000ea0                Set_Direction_OX
 .text.Set_Direction_OY
                0x08000ec4       0x24 ./Core/Src/drive.o
                0x08000ec4                Set_Direction_OY
 .text.Set_Direction_OZ
                0x08000ee8       0x24 ./Core/Src/drive.o
                0x08000ee8                Set_Direction_OZ
 .text.TIM7_Interrupt
                0x08000f0c       0x94 ./Core/Src/drive_time.o
                0x08000f0c                TIM7_Interrupt
 .text.Delay_SetTimer
                0x08000fa0       0x70 ./Core/Src/drive_time.o
                0x08000fa0                Delay_SetTimer
 .text.Delay_GetTimer
                0x08001010       0x70 ./Core/Src/drive_time.o
                0x08001010                Delay_GetTimer
 .text.main     0x08001080       0x80 ./Core/Src/main.o
                0x08001080                main
 .text.SystemClock_Config
                0x08001100       0xd0 ./Core/Src/main.o
                0x08001100                SystemClock_Config
 .text.MX_TIM1_Init
                0x080011d0      0x170 ./Core/Src/main.o
 .text.MX_TIM2_Init
                0x08001340       0xe8 ./Core/Src/main.o
 .text.MX_TIM3_Init
                0x08001428      0x11c ./Core/Src/main.o
 .text.MX_TIM4_Init
                0x08001544       0xec ./Core/Src/main.o
 .text.MX_TIM5_Init
                0x08001630       0xec ./Core/Src/main.o
 .text.MX_TIM7_Init
                0x0800171c       0x6c ./Core/Src/main.o
 .text.MX_TIM8_Init
                0x08001788      0x170 ./Core/Src/main.o
 .text.MX_USART2_UART_Init
                0x080018f8       0x54 ./Core/Src/main.o
 .text.MX_DMA_Init
                0x0800194c       0x40 ./Core/Src/main.o
 .text.MX_GPIO_Init
                0x0800198c      0x14c ./Core/Src/main.o
 .text.Error_Handler
                0x08001ad8        0xc ./Core/Src/main.o
                0x08001ad8                Error_Handler
 .text.Task_scan_HMI
                0x08001ae4      0x154 ./Core/Src/mgr_hmi.o
                0x08001ae4                Task_scan_HMI
 .text.Handle_Left
                0x08001c38       0x1e ./Core/Src/mgr_hmi.o
                0x08001c38                Handle_Left
 .text.Handle_Right
                0x08001c56       0x20 ./Core/Src/mgr_hmi.o
                0x08001c56                Handle_Right
 .text.Handle_In
                0x08001c76       0x20 ./Core/Src/mgr_hmi.o
                0x08001c76                Handle_In
 .text.Handle_Out
                0x08001c96       0x1e ./Core/Src/mgr_hmi.o
                0x08001c96                Handle_Out
 .text.Handle_Up
                0x08001cb4       0x20 ./Core/Src/mgr_hmi.o
                0x08001cb4                Handle_Up
 .text.Handle_Down
                0x08001cd4       0x1e ./Core/Src/mgr_hmi.o
                0x08001cd4                Handle_Down
 .text.Save_Glass_1
                0x08001cf2       0x16 ./Core/Src/mgr_hmi.o
                0x08001cf2                Save_Glass_1
 .text.Save_Glass_2
                0x08001d08       0x16 ./Core/Src/mgr_hmi.o
                0x08001d08                Save_Glass_2
 .text.Save_Glass_3
                0x08001d1e       0x16 ./Core/Src/mgr_hmi.o
                0x08001d1e                Save_Glass_3
 .text.Save_Glass_All
                0x08001d34       0x16 ./Core/Src/mgr_hmi.o
                0x08001d34                Save_Glass_All
 .text.Save_Cover_1
                0x08001d4a       0x16 ./Core/Src/mgr_hmi.o
                0x08001d4a                Save_Cover_1
 .text.Save_Cover_2
                0x08001d60       0x16 ./Core/Src/mgr_hmi.o
                0x08001d60                Save_Cover_2
 .text.Save_Cover_3
                0x08001d76       0x16 ./Core/Src/mgr_hmi.o
                0x08001d76                Save_Cover_3
 .text.Save_Cover_All
                0x08001d8c       0x16 ./Core/Src/mgr_hmi.o
                0x08001d8c                Save_Cover_All
 *fill*         0x08001da2        0x2 
 .text.Handle_Set
                0x08001da4       0x34 ./Core/Src/mgr_hmi.o
                0x08001da4                Handle_Set
 .text.Handle_Home
                0x08001dd8       0x16 ./Core/Src/mgr_hmi.o
                0x08001dd8                Handle_Home
 *fill*         0x08001dee        0x2 
 .text.HAL_MspInit
                0x08001df0       0x50 ./Core/Src/stm32f4xx_hal_msp.o
                0x08001df0                HAL_MspInit
 .text.HAL_TIM_Base_MspInit
                0x08001e40      0x154 ./Core/Src/stm32f4xx_hal_msp.o
                0x08001e40                HAL_TIM_Base_MspInit
 .text.HAL_TIM_MspPostInit
                0x08001f94      0x114 ./Core/Src/stm32f4xx_hal_msp.o
                0x08001f94                HAL_TIM_MspPostInit
 .text.HAL_UART_MspInit
                0x080020a8      0x104 ./Core/Src/stm32f4xx_hal_msp.o
                0x080020a8                HAL_UART_MspInit
 .text.NMI_Handler
                0x080021ac        0x8 ./Core/Src/stm32f4xx_it.o
                0x080021ac                NMI_Handler
 .text.HardFault_Handler
                0x080021b4        0x8 ./Core/Src/stm32f4xx_it.o
                0x080021b4                HardFault_Handler
 .text.MemManage_Handler
                0x080021bc        0x8 ./Core/Src/stm32f4xx_it.o
                0x080021bc                MemManage_Handler
 .text.BusFault_Handler
                0x080021c4        0x8 ./Core/Src/stm32f4xx_it.o
                0x080021c4                BusFault_Handler
 .text.UsageFault_Handler
                0x080021cc        0x8 ./Core/Src/stm32f4xx_it.o
                0x080021cc                UsageFault_Handler
 .text.SVC_Handler
                0x080021d4        0xe ./Core/Src/stm32f4xx_it.o
                0x080021d4                SVC_Handler
 .text.DebugMon_Handler
                0x080021e2        0xe ./Core/Src/stm32f4xx_it.o
                0x080021e2                DebugMon_Handler
 .text.PendSV_Handler
                0x080021f0        0xe ./Core/Src/stm32f4xx_it.o
                0x080021f0                PendSV_Handler
 .text.SysTick_Handler
                0x080021fe        0xc ./Core/Src/stm32f4xx_it.o
                0x080021fe                SysTick_Handler
 *fill*         0x0800220a        0x2 
 .text.DMA1_Stream5_IRQHandler
                0x0800220c       0x14 ./Core/Src/stm32f4xx_it.o
                0x0800220c                DMA1_Stream5_IRQHandler
 .text.USART2_IRQHandler
                0x08002220       0x14 ./Core/Src/stm32f4xx_it.o
                0x08002220                USART2_IRQHandler
 .text.TIM7_IRQHandler
                0x08002234       0x18 ./Core/Src/stm32f4xx_it.o
                0x08002234                TIM7_IRQHandler
 .text.OTG_FS_IRQHandler
                0x0800224c       0x14 ./Core/Src/stm32f4xx_it.o
                0x0800224c                OTG_FS_IRQHandler
 .text.SystemInit
                0x08002260       0x24 ./Core/Src/system_stm32f4xx.o
                0x08002260                SystemInit
 .text.Reset_Handler
                0x08002284       0x50 ./Core/Startup/startup_stm32f407vetx.o
                0x08002284                Reset_Handler
 .text.Default_Handler
                0x080022d4        0x2 ./Core/Startup/startup_stm32f407vetx.o
                0x080022d4                RTC_Alarm_IRQHandler
                0x080022d4                HASH_RNG_IRQHandler
                0x080022d4                EXTI2_IRQHandler
                0x080022d4                TIM8_CC_IRQHandler
                0x080022d4                TIM1_CC_IRQHandler
                0x080022d4                DMA2_Stream5_IRQHandler
                0x080022d4                PVD_IRQHandler
                0x080022d4                SDIO_IRQHandler
                0x080022d4                TAMP_STAMP_IRQHandler
                0x080022d4                CAN2_RX1_IRQHandler
                0x080022d4                EXTI3_IRQHandler
                0x080022d4                TIM8_TRG_COM_TIM14_IRQHandler
                0x080022d4                TIM1_UP_TIM10_IRQHandler
                0x080022d4                TIM8_UP_TIM13_IRQHandler
                0x080022d4                I2C3_ER_IRQHandler
                0x080022d4                EXTI0_IRQHandler
                0x080022d4                I2C2_EV_IRQHandler
                0x080022d4                DMA1_Stream2_IRQHandler
                0x080022d4                CAN1_RX0_IRQHandler
                0x080022d4                FPU_IRQHandler
                0x080022d4                OTG_HS_WKUP_IRQHandler
                0x080022d4                CAN2_SCE_IRQHandler
                0x080022d4                DMA2_Stream2_IRQHandler
                0x080022d4                SPI1_IRQHandler
                0x080022d4                DCMI_IRQHandler
                0x080022d4                CAN2_RX0_IRQHandler
                0x080022d4                DMA2_Stream3_IRQHandler
                0x080022d4                USART6_IRQHandler
                0x080022d4                USART3_IRQHandler
                0x080022d4                CAN1_RX1_IRQHandler
                0x080022d4                UART5_IRQHandler
                0x080022d4                DMA2_Stream0_IRQHandler
                0x080022d4                TIM4_IRQHandler
                0x080022d4                I2C1_EV_IRQHandler
                0x080022d4                DMA1_Stream6_IRQHandler
                0x080022d4                DMA1_Stream1_IRQHandler
                0x080022d4                UART4_IRQHandler
                0x080022d4                TIM3_IRQHandler
                0x080022d4                RCC_IRQHandler
                0x080022d4                TIM8_BRK_TIM12_IRQHandler
                0x080022d4                Default_Handler
                0x080022d4                EXTI15_10_IRQHandler
                0x080022d4                ADC_IRQHandler
                0x080022d4                DMA1_Stream7_IRQHandler
                0x080022d4                CAN2_TX_IRQHandler
                0x080022d4                DMA2_Stream7_IRQHandler
                0x080022d4                I2C3_EV_IRQHandler
                0x080022d4                EXTI9_5_IRQHandler
                0x080022d4                RTC_WKUP_IRQHandler
                0x080022d4                ETH_WKUP_IRQHandler
                0x080022d4                SPI2_IRQHandler
                0x080022d4                OTG_HS_EP1_IN_IRQHandler
                0x080022d4                DMA1_Stream0_IRQHandler
                0x080022d4                CAN1_TX_IRQHandler
                0x080022d4                EXTI4_IRQHandler
                0x080022d4                FSMC_IRQHandler
                0x080022d4                ETH_IRQHandler
                0x080022d4                OTG_HS_EP1_OUT_IRQHandler
                0x080022d4                WWDG_IRQHandler
                0x080022d4                OTG_FS_WKUP_IRQHandler
                0x080022d4                TIM1_TRG_COM_TIM11_IRQHandler
                0x080022d4                OTG_HS_IRQHandler
                0x080022d4                EXTI1_IRQHandler
                0x080022d4                I2C2_ER_IRQHandler
                0x080022d4                DMA2_Stream1_IRQHandler
                0x080022d4                CAN1_SCE_IRQHandler
                0x080022d4                FLASH_IRQHandler
                0x080022d4                DMA2_Stream4_IRQHandler
                0x080022d4                USART1_IRQHandler
                0x080022d4                SPI3_IRQHandler
                0x080022d4                DMA1_Stream4_IRQHandler
                0x080022d4                I2C1_ER_IRQHandler
                0x080022d4                DMA2_Stream6_IRQHandler
                0x080022d4                DMA1_Stream3_IRQHandler
 *fill*         0x080022d6        0x2 
 .text.HAL_Init
                0x080022d8       0x44 ./Drivers/STM32F4xx_HAL_Driver/Src/stm32f4xx_hal.o
                0x080022d8                HAL_Init
 .text.HAL_InitTick
                0x0800231c       0x60 ./Drivers/STM32F4xx_HAL_Driver/Src/stm32f4xx_hal.o
                0x0800231c                HAL_InitTick
 .text.HAL_IncTick
                0x0800237c       0x28 ./Drivers/STM32F4xx_HAL_Driver/Src/stm32f4xx_hal.o
                0x0800237c                HAL_IncTick
 .text.HAL_GetTick
                0x080023a4       0x18 ./Drivers/STM32F4xx_HAL_Driver/Src/stm32f4xx_hal.o
                0x080023a4                HAL_GetTick
 .text.HAL_Delay
                0x080023bc       0x48 ./Drivers/STM32F4xx_HAL_Driver/Src/stm32f4xx_hal.o
                0x080023bc                HAL_Delay
 .text.__NVIC_SetPriorityGrouping
                0x08002404       0x48 ./Drivers/STM32F4xx_HAL_Driver/Src/stm32f4xx_hal_cortex.o
 .text.__NVIC_GetPriorityGrouping
                0x0800244c       0x1c ./Drivers/STM32F4xx_HAL_Driver/Src/stm32f4xx_hal_cortex.o
 .text.__NVIC_EnableIRQ
                0x08002468       0x3c ./Drivers/STM32F4xx_HAL_Driver/Src/stm32f4xx_hal_cortex.o
 .text.__NVIC_SetPriority
                0x080024a4       0x54 ./Drivers/STM32F4xx_HAL_Driver/Src/stm32f4xx_hal_cortex.o
 .text.NVIC_EncodePriority
                0x080024f8       0x66 ./Drivers/STM32F4xx_HAL_Driver/Src/stm32f4xx_hal_cortex.o
 *fill*         0x0800255e        0x2 
 .text.SysTick_Config
                0x08002560       0x44 ./Drivers/STM32F4xx_HAL_Driver/Src/stm32f4xx_hal_cortex.o
 .text.HAL_NVIC_SetPriorityGrouping
                0x080025a4       0x16 ./Drivers/STM32F4xx_HAL_Driver/Src/stm32f4xx_hal_cortex.o
                0x080025a4                HAL_NVIC_SetPriorityGrouping
 .text.HAL_NVIC_SetPriority
                0x080025ba       0x38 ./Drivers/STM32F4xx_HAL_Driver/Src/stm32f4xx_hal_cortex.o
                0x080025ba                HAL_NVIC_SetPriority
 .text.HAL_NVIC_EnableIRQ
                0x080025f2       0x1c ./Drivers/STM32F4xx_HAL_Driver/Src/stm32f4xx_hal_cortex.o
                0x080025f2                HAL_NVIC_EnableIRQ
 .text.HAL_SYSTICK_Config
                0x0800260e       0x18 ./Drivers/STM32F4xx_HAL_Driver/Src/stm32f4xx_hal_cortex.o
                0x0800260e                HAL_SYSTICK_Config
 *fill*         0x08002626        0x2 
 .text.HAL_DMA_Init
                0x08002628      0x15c ./Drivers/STM32F4xx_HAL_Driver/Src/stm32f4xx_hal_dma.o
                0x08002628                HAL_DMA_Init
 .text.HAL_DMA_Start_IT
                0x08002784       0xb0 ./Drivers/STM32F4xx_HAL_Driver/Src/stm32f4xx_hal_dma.o
                0x08002784                HAL_DMA_Start_IT
 .text.HAL_DMA_Abort
                0x08002834       0xe0 ./Drivers/STM32F4xx_HAL_Driver/Src/stm32f4xx_hal_dma.o
                0x08002834                HAL_DMA_Abort
 .text.HAL_DMA_Abort_IT
                0x08002914       0x44 ./Drivers/STM32F4xx_HAL_Driver/Src/stm32f4xx_hal_dma.o
                0x08002914                HAL_DMA_Abort_IT
 .text.HAL_DMA_IRQHandler
                0x08002958      0x314 ./Drivers/STM32F4xx_HAL_Driver/Src/stm32f4xx_hal_dma.o
                0x08002958                HAL_DMA_IRQHandler
 .text.DMA_SetConfig
                0x08002c6c       0x5c ./Drivers/STM32F4xx_HAL_Driver/Src/stm32f4xx_hal_dma.o
 .text.DMA_CalcBaseAndBitshift
                0x08002cc8       0x6c ./Drivers/STM32F4xx_HAL_Driver/Src/stm32f4xx_hal_dma.o
 .text.DMA_CheckFifoParam
                0x08002d34       0xf8 ./Drivers/STM32F4xx_HAL_Driver/Src/stm32f4xx_hal_dma.o
 .text.HAL_GPIO_Init
                0x08002e2c      0x338 ./Drivers/STM32F4xx_HAL_Driver/Src/stm32f4xx_hal_gpio.o
                0x08002e2c                HAL_GPIO_Init
 .text.HAL_GPIO_ReadPin
                0x08003164       0x30 ./Drivers/STM32F4xx_HAL_Driver/Src/stm32f4xx_hal_gpio.o
                0x08003164                HAL_GPIO_ReadPin
 .text.HAL_GPIO_WritePin
                0x08003194       0x32 ./Drivers/STM32F4xx_HAL_Driver/Src/stm32f4xx_hal_gpio.o
                0x08003194                HAL_GPIO_WritePin
 .text.HAL_PCD_Init
                0x080031c6      0x21e ./Drivers/STM32F4xx_HAL_Driver/Src/stm32f4xx_hal_pcd.o
                0x080031c6                HAL_PCD_Init
 .text.HAL_PCD_Start
                0x080033e4       0x6a ./Drivers/STM32F4xx_HAL_Driver/Src/stm32f4xx_hal_pcd.o
                0x080033e4                HAL_PCD_Start
 .text.HAL_PCD_IRQHandler
                0x0800344e      0x942 ./Drivers/STM32F4xx_HAL_Driver/Src/stm32f4xx_hal_pcd.o
                0x0800344e                HAL_PCD_IRQHandler
 .text.HAL_PCD_SetAddress
                0x08003d90       0x48 ./Drivers/STM32F4xx_HAL_Driver/Src/stm32f4xx_hal_pcd.o
                0x08003d90                HAL_PCD_SetAddress
 .text.HAL_PCD_EP_Open
                0x08003dd8       0xd4 ./Drivers/STM32F4xx_HAL_Driver/Src/stm32f4xx_hal_pcd.o
                0x08003dd8                HAL_PCD_EP_Open
 .text.HAL_PCD_EP_Close
                0x08003eac       0x94 ./Drivers/STM32F4xx_HAL_Driver/Src/stm32f4xx_hal_pcd.o
                0x08003eac                HAL_PCD_EP_Close
 .text.HAL_PCD_EP_Receive
                0x08003f40       0x76 ./Drivers/STM32F4xx_HAL_Driver/Src/stm32f4xx_hal_pcd.o
                0x08003f40                HAL_PCD_EP_Receive
 .text.HAL_PCD_EP_GetRxCount
                0x08003fb6       0x30 ./Drivers/STM32F4xx_HAL_Driver/Src/stm32f4xx_hal_pcd.o
                0x08003fb6                HAL_PCD_EP_GetRxCount
 .text.HAL_PCD_EP_Transmit
                0x08003fe6       0x74 ./Drivers/STM32F4xx_HAL_Driver/Src/stm32f4xx_hal_pcd.o
                0x08003fe6                HAL_PCD_EP_Transmit
 .text.HAL_PCD_EP_SetStall
                0x0800405a       0xc6 ./Drivers/STM32F4xx_HAL_Driver/Src/stm32f4xx_hal_pcd.o
                0x0800405a                HAL_PCD_EP_SetStall
 .text.HAL_PCD_EP_ClrStall
                0x08004120       0xac ./Drivers/STM32F4xx_HAL_Driver/Src/stm32f4xx_hal_pcd.o
                0x08004120                HAL_PCD_EP_ClrStall
 .text.HAL_PCD_EP_Abort
                0x080041cc       0x62 ./Drivers/STM32F4xx_HAL_Driver/Src/stm32f4xx_hal_pcd.o
                0x080041cc                HAL_PCD_EP_Abort
 .text.PCD_WriteEmptyTxFifo
                0x0800422e      0x118 ./Drivers/STM32F4xx_HAL_Driver/Src/stm32f4xx_hal_pcd.o
 *fill*         0x08004346        0x2 
 .text.PCD_EP_OutXfrComplete_int
                0x08004348      0x1d0 ./Drivers/STM32F4xx_HAL_Driver/Src/stm32f4xx_hal_pcd.o
 .text.PCD_EP_OutSetupPacket_int
                0x08004518       0x8c ./Drivers/STM32F4xx_HAL_Driver/Src/stm32f4xx_hal_pcd.o
 .text.HAL_PCDEx_SetTxFiFo
                0x080045a4       0x8e ./Drivers/STM32F4xx_HAL_Driver/Src/stm32f4xx_hal_pcd_ex.o
                0x080045a4                HAL_PCDEx_SetTxFiFo
 .text.HAL_PCDEx_SetRxFiFo
                0x08004632       0x22 ./Drivers/STM32F4xx_HAL_Driver/Src/stm32f4xx_hal_pcd_ex.o
                0x08004632                HAL_PCDEx_SetRxFiFo
 .text.HAL_PCDEx_LPM_Callback
                0x08004654       0x18 ./Drivers/STM32F4xx_HAL_Driver/Src/stm32f4xx_hal_pcd_ex.o
                0x08004654                HAL_PCDEx_LPM_Callback
 .text.HAL_RCC_OscConfig
                0x0800466c      0x4f0 ./Drivers/STM32F4xx_HAL_Driver/Src/stm32f4xx_hal_rcc.o
                0x0800466c                HAL_RCC_OscConfig
 .text.HAL_RCC_ClockConfig
                0x08004b5c      0x1cc ./Drivers/STM32F4xx_HAL_Driver/Src/stm32f4xx_hal_rcc.o
                0x08004b5c                HAL_RCC_ClockConfig
 .text.HAL_RCC_GetSysClockFreq
                0x08004d28      0x20c ./Drivers/STM32F4xx_HAL_Driver/Src/stm32f4xx_hal_rcc.o
                0x08004d28                HAL_RCC_GetSysClockFreq
 .text.HAL_RCC_GetHCLKFreq
                0x08004f34       0x18 ./Drivers/STM32F4xx_HAL_Driver/Src/stm32f4xx_hal_rcc.o
                0x08004f34                HAL_RCC_GetHCLKFreq
 .text.HAL_RCC_GetPCLK1Freq
                0x08004f4c       0x28 ./Drivers/STM32F4xx_HAL_Driver/Src/stm32f4xx_hal_rcc.o
                0x08004f4c                HAL_RCC_GetPCLK1Freq
 .text.HAL_RCC_GetPCLK2Freq
                0x08004f74       0x28 ./Drivers/STM32F4xx_HAL_Driver/Src/stm32f4xx_hal_rcc.o
                0x08004f74                HAL_RCC_GetPCLK2Freq
 .text.HAL_TIM_Base_Init
                0x08004f9c       0x9e ./Drivers/STM32F4xx_HAL_Driver/Src/stm32f4xx_hal_tim.o
                0x08004f9c                HAL_TIM_Base_Init
 *fill*         0x0800503a        0x2 
 .text.HAL_TIM_Base_Start_IT
                0x0800503c       0xe0 ./Drivers/STM32F4xx_HAL_Driver/Src/stm32f4xx_hal_tim.o
                0x0800503c                HAL_TIM_Base_Start_IT
 .text.HAL_TIM_PWM_Init
                0x0800511c       0x9e ./Drivers/STM32F4xx_HAL_Driver/Src/stm32f4xx_hal_tim.o
                0x0800511c                HAL_TIM_PWM_Init
 .text.HAL_TIM_PWM_MspInit
                0x080051ba       0x14 ./Drivers/STM32F4xx_HAL_Driver/Src/stm32f4xx_hal_tim.o
                0x080051ba                HAL_TIM_PWM_MspInit
 *fill*         0x080051ce        0x2 
 .text.HAL_TIM_PWM_Start
                0x080051d0      0x190 ./Drivers/STM32F4xx_HAL_Driver/Src/stm32f4xx_hal_tim.o
                0x080051d0                HAL_TIM_PWM_Start
 .text.HAL_TIM_PWM_Stop
                0x08005360       0xe0 ./Drivers/STM32F4xx_HAL_Driver/Src/stm32f4xx_hal_tim.o
                0x08005360                HAL_TIM_PWM_Stop
 .text.HAL_TIM_IRQHandler
                0x08005440      0x1e0 ./Drivers/STM32F4xx_HAL_Driver/Src/stm32f4xx_hal_tim.o
                0x08005440                HAL_TIM_IRQHandler
 .text.HAL_TIM_PWM_ConfigChannel
                0x08005620      0x184 ./Drivers/STM32F4xx_HAL_Driver/Src/stm32f4xx_hal_tim.o
                0x08005620                HAL_TIM_PWM_ConfigChannel
 .text.HAL_TIM_ConfigClockSource
                0x080057a4      0x18e ./Drivers/STM32F4xx_HAL_Driver/Src/stm32f4xx_hal_tim.o
                0x080057a4                HAL_TIM_ConfigClockSource
 .text.HAL_TIM_SlaveConfigSynchro
                0x08005932       0x84 ./Drivers/STM32F4xx_HAL_Driver/Src/stm32f4xx_hal_tim.o
                0x08005932                HAL_TIM_SlaveConfigSynchro
 .text.HAL_TIM_OC_DelayElapsedCallback
                0x080059b6       0x14 ./Drivers/STM32F4xx_HAL_Driver/Src/stm32f4xx_hal_tim.o
                0x080059b6                HAL_TIM_OC_DelayElapsedCallback
 .text.HAL_TIM_IC_CaptureCallback
                0x080059ca       0x14 ./Drivers/STM32F4xx_HAL_Driver/Src/stm32f4xx_hal_tim.o
                0x080059ca                HAL_TIM_IC_CaptureCallback
 .text.HAL_TIM_PWM_PulseFinishedCallback
                0x080059de       0x14 ./Drivers/STM32F4xx_HAL_Driver/Src/stm32f4xx_hal_tim.o
                0x080059de                HAL_TIM_PWM_PulseFinishedCallback
 .text.HAL_TIM_TriggerCallback
                0x080059f2       0x14 ./Drivers/STM32F4xx_HAL_Driver/Src/stm32f4xx_hal_tim.o
                0x080059f2                HAL_TIM_TriggerCallback
 *fill*         0x08005a06        0x2 
 .text.TIM_Base_SetConfig
                0x08005a08      0x14c ./Drivers/STM32F4xx_HAL_Driver/Src/stm32f4xx_hal_tim.o
                0x08005a08                TIM_Base_SetConfig
 .text.TIM_OC1_SetConfig
                0x08005b54       0xe0 ./Drivers/STM32F4xx_HAL_Driver/Src/stm32f4xx_hal_tim.o
 .text.TIM_OC2_SetConfig
                0x08005c34       0xec ./Drivers/STM32F4xx_HAL_Driver/Src/stm32f4xx_hal_tim.o
                0x08005c34                TIM_OC2_SetConfig
 .text.TIM_OC3_SetConfig
                0x08005d20       0xe8 ./Drivers/STM32F4xx_HAL_Driver/Src/stm32f4xx_hal_tim.o
 .text.TIM_OC4_SetConfig
                0x08005e08       0xac ./Drivers/STM32F4xx_HAL_Driver/Src/stm32f4xx_hal_tim.o
 .text.TIM_SlaveTimer_SetConfig
                0x08005eb4      0x122 ./Drivers/STM32F4xx_HAL_Driver/Src/stm32f4xx_hal_tim.o
 .text.TIM_TI1_ConfigInputStage
                0x08005fd6       0x5e ./Drivers/STM32F4xx_HAL_Driver/Src/stm32f4xx_hal_tim.o
 .text.TIM_TI2_ConfigInputStage
                0x08006034       0x60 ./Drivers/STM32F4xx_HAL_Driver/Src/stm32f4xx_hal_tim.o
 .text.TIM_ITRx_SetConfig
                0x08006094       0x36 ./Drivers/STM32F4xx_HAL_Driver/Src/stm32f4xx_hal_tim.o
 .text.TIM_ETR_SetConfig
                0x080060ca       0x40 ./Drivers/STM32F4xx_HAL_Driver/Src/stm32f4xx_hal_tim.o
                0x080060ca                TIM_ETR_SetConfig
 .text.TIM_CCxChannelCmd
                0x0800610a       0x4a ./Drivers/STM32F4xx_HAL_Driver/Src/stm32f4xx_hal_tim.o
                0x0800610a                TIM_CCxChannelCmd
 .text.HAL_TIMEx_MasterConfigSynchronization
                0x08006154       0xf8 ./Drivers/STM32F4xx_HAL_Driver/Src/stm32f4xx_hal_tim_ex.o
                0x08006154                HAL_TIMEx_MasterConfigSynchronization
 .text.HAL_TIMEx_ConfigBreakDeadTime
                0x0800624c       0xa4 ./Drivers/STM32F4xx_HAL_Driver/Src/stm32f4xx_hal_tim_ex.o
                0x0800624c                HAL_TIMEx_ConfigBreakDeadTime
 .text.HAL_TIMEx_CommutCallback
                0x080062f0       0x14 ./Drivers/STM32F4xx_HAL_Driver/Src/stm32f4xx_hal_tim_ex.o
                0x080062f0                HAL_TIMEx_CommutCallback
 .text.HAL_TIMEx_BreakCallback
                0x08006304       0x14 ./Drivers/STM32F4xx_HAL_Driver/Src/stm32f4xx_hal_tim_ex.o
                0x08006304                HAL_TIMEx_BreakCallback
 .text.HAL_UART_Init
                0x08006318       0xa0 ./Drivers/STM32F4xx_HAL_Driver/Src/stm32f4xx_hal_uart.o
                0x08006318                HAL_UART_Init
 .text.HAL_UART_Transmit
                0x080063b8      0x116 ./Drivers/STM32F4xx_HAL_Driver/Src/stm32f4xx_hal_uart.o
                0x080063b8                HAL_UART_Transmit
 .text.HAL_UARTEx_ReceiveToIdle_DMA
                0x080064ce       0xb2 ./Drivers/STM32F4xx_HAL_Driver/Src/stm32f4xx_hal_uart.o
                0x080064ce                HAL_UARTEx_ReceiveToIdle_DMA
 .text.HAL_UART_IRQHandler
                0x08006580      0x554 ./Drivers/STM32F4xx_HAL_Driver/Src/stm32f4xx_hal_uart.o
                0x08006580                HAL_UART_IRQHandler
 .text.HAL_UART_TxCpltCallback
                0x08006ad4       0x14 ./Drivers/STM32F4xx_HAL_Driver/Src/stm32f4xx_hal_uart.o
                0x08006ad4                HAL_UART_TxCpltCallback
 .text.HAL_UART_RxCpltCallback
                0x08006ae8       0x14 ./Drivers/STM32F4xx_HAL_Driver/Src/stm32f4xx_hal_uart.o
                0x08006ae8                HAL_UART_RxCpltCallback
 .text.HAL_UART_RxHalfCpltCallback
                0x08006afc       0x14 ./Drivers/STM32F4xx_HAL_Driver/Src/stm32f4xx_hal_uart.o
                0x08006afc                HAL_UART_RxHalfCpltCallback
 .text.HAL_UART_ErrorCallback
                0x08006b10       0x14 ./Drivers/STM32F4xx_HAL_Driver/Src/stm32f4xx_hal_uart.o
                0x08006b10                HAL_UART_ErrorCallback
 .text.UART_DMAReceiveCplt
                0x08006b24      0x12c ./Drivers/STM32F4xx_HAL_Driver/Src/stm32f4xx_hal_uart.o
 .text.UART_DMARxHalfCplt
                0x08006c50       0x3c ./Drivers/STM32F4xx_HAL_Driver/Src/stm32f4xx_hal_uart.o
 .text.UART_DMAError
                0x08006c8c       0x94 ./Drivers/STM32F4xx_HAL_Driver/Src/stm32f4xx_hal_uart.o
 .text.UART_WaitOnFlagUntilTimeout
                0x08006d20       0xb2 ./Drivers/STM32F4xx_HAL_Driver/Src/stm32f4xx_hal_uart.o
 *fill*         0x08006dd2        0x2 
 .text.UART_Start_Receive_DMA
                0x08006dd4      0x14c ./Drivers/STM32F4xx_HAL_Driver/Src/stm32f4xx_hal_uart.o
                0x08006dd4                UART_Start_Receive_DMA
 .text.UART_EndTxTransfer
                0x08006f20       0x50 ./Drivers/STM32F4xx_HAL_Driver/Src/stm32f4xx_hal_uart.o
 .text.UART_EndRxTransfer
                0x08006f70       0xc6 ./Drivers/STM32F4xx_HAL_Driver/Src/stm32f4xx_hal_uart.o
 .text.UART_DMAAbortOnError
                0x08007036       0x22 ./Drivers/STM32F4xx_HAL_Driver/Src/stm32f4xx_hal_uart.o
 .text.UART_Transmit_IT
                0x08007058       0xa0 ./Drivers/STM32F4xx_HAL_Driver/Src/stm32f4xx_hal_uart.o
 .text.UART_EndTransmit_IT
                0x080070f8       0x30 ./Drivers/STM32F4xx_HAL_Driver/Src/stm32f4xx_hal_uart.o
 .text.UART_Receive_IT
                0x08007128      0x17c ./Drivers/STM32F4xx_HAL_Driver/Src/stm32f4xx_hal_uart.o
 .text.UART_SetConfig
                0x080072a4      0x4e8 ./Drivers/STM32F4xx_HAL_Driver/Src/stm32f4xx_hal_uart.o
 .text.USB_CoreInit
                0x0800778c       0xc8 ./Drivers/STM32F4xx_HAL_Driver/Src/stm32f4xx_ll_usb.o
                0x0800778c                USB_CoreInit
 .text.USB_SetTurnaroundTime
                0x08007854      0x144 ./Drivers/STM32F4xx_HAL_Driver/Src/stm32f4xx_ll_usb.o
                0x08007854                USB_SetTurnaroundTime
 .text.USB_EnableGlobalInt
                0x08007998       0x22 ./Drivers/STM32F4xx_HAL_Driver/Src/stm32f4xx_ll_usb.o
                0x08007998                USB_EnableGlobalInt
 .text.USB_DisableGlobalInt
                0x080079ba       0x22 ./Drivers/STM32F4xx_HAL_Driver/Src/stm32f4xx_ll_usb.o
                0x080079ba                USB_DisableGlobalInt
 .text.USB_SetCurrentMode
                0x080079dc       0x98 ./Drivers/STM32F4xx_HAL_Driver/Src/stm32f4xx_ll_usb.o
                0x080079dc                USB_SetCurrentMode
 .text.USB_DevInit
                0x08007a74      0x2c8 ./Drivers/STM32F4xx_HAL_Driver/Src/stm32f4xx_ll_usb.o
                0x08007a74                USB_DevInit
 .text.USB_FlushTxFifo
                0x08007d3c       0x64 ./Drivers/STM32F4xx_HAL_Driver/Src/stm32f4xx_ll_usb.o
                0x08007d3c                USB_FlushTxFifo
 .text.USB_FlushRxFifo
                0x08007da0       0x5c ./Drivers/STM32F4xx_HAL_Driver/Src/stm32f4xx_ll_usb.o
                0x08007da0                USB_FlushRxFifo
 .text.USB_SetDevSpeed
                0x08007dfc       0x32 ./Drivers/STM32F4xx_HAL_Driver/Src/stm32f4xx_ll_usb.o
                0x08007dfc                USB_SetDevSpeed
 .text.USB_GetDevSpeed
                0x08007e2e       0x4a ./Drivers/STM32F4xx_HAL_Driver/Src/stm32f4xx_ll_usb.o
                0x08007e2e                USB_GetDevSpeed
 .text.USB_ActivateEndpoint
                0x08007e78      0x10e ./Drivers/STM32F4xx_HAL_Driver/Src/stm32f4xx_ll_usb.o
                0x08007e78                USB_ActivateEndpoint
 *fill*         0x08007f86        0x2 
 .text.USB_DeactivateEndpoint
                0x08007f88      0x1b8 ./Drivers/STM32F4xx_HAL_Driver/Src/stm32f4xx_ll_usb.o
                0x08007f88                USB_DeactivateEndpoint
 .text.USB_EPStartXfer
                0x08008140      0x53c ./Drivers/STM32F4xx_HAL_Driver/Src/stm32f4xx_ll_usb.o
                0x08008140                USB_EPStartXfer
 .text.USB_EPStopXfer
                0x0800867c      0x154 ./Drivers/STM32F4xx_HAL_Driver/Src/stm32f4xx_ll_usb.o
                0x0800867c                USB_EPStopXfer
 .text.USB_WritePacket
                0x080087d0       0x7c ./Drivers/STM32F4xx_HAL_Driver/Src/stm32f4xx_ll_usb.o
                0x080087d0                USB_WritePacket
 .text.USB_ReadPacket
                0x0800884c       0xb0 ./Drivers/STM32F4xx_HAL_Driver/Src/stm32f4xx_ll_usb.o
                0x0800884c                USB_ReadPacket
 .text.USB_EPSetStall
                0x080088fc       0xdc ./Drivers/STM32F4xx_HAL_Driver/Src/stm32f4xx_ll_usb.o
                0x080088fc                USB_EPSetStall
 .text.USB_EPClearStall
                0x080089d8       0xcc ./Drivers/STM32F4xx_HAL_Driver/Src/stm32f4xx_ll_usb.o
                0x080089d8                USB_EPClearStall
 .text.USB_SetDevAddress
                0x08008aa4       0x4c ./Drivers/STM32F4xx_HAL_Driver/Src/stm32f4xx_ll_usb.o
                0x08008aa4                USB_SetDevAddress
 .text.USB_DevConnect
                0x08008af0       0x42 ./Drivers/STM32F4xx_HAL_Driver/Src/stm32f4xx_ll_usb.o
                0x08008af0                USB_DevConnect
 .text.USB_DevDisconnect
                0x08008b32       0x42 ./Drivers/STM32F4xx_HAL_Driver/Src/stm32f4xx_ll_usb.o
                0x08008b32                USB_DevDisconnect
 .text.USB_ReadInterrupts
                0x08008b74       0x26 ./Drivers/STM32F4xx_HAL_Driver/Src/stm32f4xx_ll_usb.o
                0x08008b74                USB_ReadInterrupts
 .text.USB_ReadDevAllOutEpInterrupt
                0x08008b9a       0x34 ./Drivers/STM32F4xx_HAL_Driver/Src/stm32f4xx_ll_usb.o
                0x08008b9a                USB_ReadDevAllOutEpInterrupt
 .text.USB_ReadDevAllInEpInterrupt
                0x08008bce       0x34 ./Drivers/STM32F4xx_HAL_Driver/Src/stm32f4xx_ll_usb.o
                0x08008bce                USB_ReadDevAllInEpInterrupt
 .text.USB_ReadDevOutEPInterrupt
                0x08008c02       0x3c ./Drivers/STM32F4xx_HAL_Driver/Src/stm32f4xx_ll_usb.o
                0x08008c02                USB_ReadDevOutEPInterrupt
 .text.USB_ReadDevInEPInterrupt
                0x08008c3e       0x5c ./Drivers/STM32F4xx_HAL_Driver/Src/stm32f4xx_ll_usb.o
                0x08008c3e                USB_ReadDevInEPInterrupt
 .text.USB_GetMode
                0x08008c9a       0x1c ./Drivers/STM32F4xx_HAL_Driver/Src/stm32f4xx_ll_usb.o
                0x08008c9a                USB_GetMode
 .text.USB_ActivateSetup
                0x08008cb6       0x46 ./Drivers/STM32F4xx_HAL_Driver/Src/stm32f4xx_ll_usb.o
                0x08008cb6                USB_ActivateSetup
 .text.USB_EP0_OutStart
                0x08008cfc       0xbc ./Drivers/STM32F4xx_HAL_Driver/Src/stm32f4xx_ll_usb.o
                0x08008cfc                USB_EP0_OutStart
 .text.USB_CoreReset
                0x08008db8       0x70 ./Drivers/STM32F4xx_HAL_Driver/Src/stm32f4xx_ll_usb.o
 .text.USBD_CDC_Init
                0x08008e28      0x1f0 ./Middlewares/ST/STM32_USB_Device_Library/Class/CDC/Src/usbd_cdc.o
 .text.USBD_CDC_DeInit
                0x08009018      0x104 ./Middlewares/ST/STM32_USB_Device_Library/Class/CDC/Src/usbd_cdc.o
 .text.USBD_CDC_Setup
                0x0800911c      0x1b8 ./Middlewares/ST/STM32_USB_Device_Library/Class/CDC/Src/usbd_cdc.o
 .text.USBD_CDC_DataIn
                0x080092d4       0xfe ./Middlewares/ST/STM32_USB_Device_Library/Class/CDC/Src/usbd_cdc.o
 .text.USBD_CDC_DataOut
                0x080093d2       0x70 ./Middlewares/ST/STM32_USB_Device_Library/Class/CDC/Src/usbd_cdc.o
 .text.USBD_CDC_EP0_RxReady
                0x08009442       0x74 ./Middlewares/ST/STM32_USB_Device_Library/Class/CDC/Src/usbd_cdc.o
 *fill*         0x080094b6        0x2 
 .text.USBD_CDC_GetFSCfgDesc
                0x080094b8       0x70 ./Middlewares/ST/STM32_USB_Device_Library/Class/CDC/Src/usbd_cdc.o
 .text.USBD_CDC_GetHSCfgDesc
                0x08009528       0x70 ./Middlewares/ST/STM32_USB_Device_Library/Class/CDC/Src/usbd_cdc.o
 .text.USBD_CDC_GetOtherSpeedCfgDesc
                0x08009598       0x70 ./Middlewares/ST/STM32_USB_Device_Library/Class/CDC/Src/usbd_cdc.o
 .text.USBD_CDC_GetDeviceQualifierDescriptor
                0x08009608       0x20 ./Middlewares/ST/STM32_USB_Device_Library/Class/CDC/Src/usbd_cdc.o
                0x08009608                USBD_CDC_GetDeviceQualifierDescriptor
 .text.USBD_CDC_RegisterInterface
                0x08009628       0x34 ./Middlewares/ST/STM32_USB_Device_Library/Class/CDC/Src/usbd_cdc.o
                0x08009628                USBD_CDC_RegisterInterface
 .text.USBD_CDC_SetTxBuffer
                0x0800965c       0x44 ./Middlewares/ST/STM32_USB_Device_Library/Class/CDC/Src/usbd_cdc.o
                0x0800965c                USBD_CDC_SetTxBuffer
 .text.USBD_CDC_SetRxBuffer
                0x080096a0       0x3a ./Middlewares/ST/STM32_USB_Device_Library/Class/CDC/Src/usbd_cdc.o
                0x080096a0                USBD_CDC_SetRxBuffer
 *fill*         0x080096da        0x2 
 .text.USBD_CDC_ReceivePacket
                0x080096dc       0x6c ./Middlewares/ST/STM32_USB_Device_Library/Class/CDC/Src/usbd_cdc.o
                0x080096dc                USBD_CDC_ReceivePacket
 .text.USBD_Init
                0x08009748       0x60 ./Middlewares/ST/STM32_USB_Device_Library/Core/Src/usbd_core.o
                0x08009748                USBD_Init
 .text.USBD_RegisterClass
                0x080097a8       0x6c ./Middlewares/ST/STM32_USB_Device_Library/Core/Src/usbd_core.o
                0x080097a8                USBD_RegisterClass
 .text.USBD_Start
                0x08009814       0x18 ./Middlewares/ST/STM32_USB_Device_Library/Core/Src/usbd_core.o
                0x08009814                USBD_Start
 .text.USBD_RunTestMode
                0x0800982c       0x16 ./Middlewares/ST/STM32_USB_Device_Library/Core/Src/usbd_core.o
                0x0800982c                USBD_RunTestMode
 .text.USBD_SetClassConfig
                0x08009842       0x38 ./Middlewares/ST/STM32_USB_Device_Library/Core/Src/usbd_core.o
                0x08009842                USBD_SetClassConfig
 .text.USBD_ClrClassConfig
                0x0800987a       0x34 ./Middlewares/ST/STM32_USB_Device_Library/Core/Src/usbd_core.o
                0x0800987a                USBD_ClrClassConfig
 .text.USBD_LL_SetupStage
                0x080098ae       0xaa ./Middlewares/ST/STM32_USB_Device_Library/Core/Src/usbd_core.o
                0x080098ae                USBD_LL_SetupStage
 .text.USBD_LL_DataOutStage
                0x08009958      0x178 ./Middlewares/ST/STM32_USB_Device_Library/Core/Src/usbd_core.o
                0x08009958                USBD_LL_DataOutStage
 .text.USBD_LL_DataInStage
                0x08009ad0      0x176 ./Middlewares/ST/STM32_USB_Device_Library/Core/Src/usbd_core.o
                0x08009ad0                USBD_LL_DataInStage
 .text.USBD_LL_Reset
                0x08009c46       0xa6 ./Middlewares/ST/STM32_USB_Device_Library/Core/Src/usbd_core.o
                0x08009c46                USBD_LL_Reset
 .text.USBD_LL_SetSpeed
                0x08009cec       0x20 ./Middlewares/ST/STM32_USB_Device_Library/Core/Src/usbd_core.o
                0x08009cec                USBD_LL_SetSpeed
 .text.USBD_LL_Suspend
                0x08009d0c       0x38 ./Middlewares/ST/STM32_USB_Device_Library/Core/Src/usbd_core.o
                0x08009d0c                USBD_LL_Suspend
 .text.USBD_LL_Resume
                0x08009d44       0x30 ./Middlewares/ST/STM32_USB_Device_Library/Core/Src/usbd_core.o
                0x08009d44                USBD_LL_Resume
 .text.USBD_LL_SOF
                0x08009d74       0x40 ./Middlewares/ST/STM32_USB_Device_Library/Core/Src/usbd_core.o
                0x08009d74                USBD_LL_SOF
 .text.USBD_LL_IsoINIncomplete
                0x08009db4       0x64 ./Middlewares/ST/STM32_USB_Device_Library/Core/Src/usbd_core.o
                0x08009db4                USBD_LL_IsoINIncomplete
 .text.USBD_LL_IsoOUTIncomplete
                0x08009e18       0x64 ./Middlewares/ST/STM32_USB_Device_Library/Core/Src/usbd_core.o
                0x08009e18                USBD_LL_IsoOUTIncomplete
 .text.USBD_LL_DevConnected
                0x08009e7c       0x16 ./Middlewares/ST/STM32_USB_Device_Library/Core/Src/usbd_core.o
                0x08009e7c                USBD_LL_DevConnected
 .text.USBD_LL_DevDisconnected
                0x08009e92       0x46 ./Middlewares/ST/STM32_USB_Device_Library/Core/Src/usbd_core.o
                0x08009e92                USBD_LL_DevDisconnected
 .text.USBD_CoreFindIF
                0x08009ed8       0x1a ./Middlewares/ST/STM32_USB_Device_Library/Core/Src/usbd_core.o
                0x08009ed8                USBD_CoreFindIF
 .text.USBD_CoreFindEP
                0x08009ef2       0x1a ./Middlewares/ST/STM32_USB_Device_Library/Core/Src/usbd_core.o
                0x08009ef2                USBD_CoreFindEP
 .text.USBD_GetEpDesc
                0x08009f0c       0x70 ./Middlewares/ST/STM32_USB_Device_Library/Core/Src/usbd_core.o
                0x08009f0c                USBD_GetEpDesc
 .text.USBD_GetNextDesc
                0x08009f7c       0x38 ./Middlewares/ST/STM32_USB_Device_Library/Core/Src/usbd_core.o
                0x08009f7c                USBD_GetNextDesc
 .text.SWAPBYTE
                0x08009fb4       0x3c ./Middlewares/ST/STM32_USB_Device_Library/Core/Src/usbd_ctlreq.o
 .text.USBD_StdDevReq
                0x08009ff0       0xe4 ./Middlewares/ST/STM32_USB_Device_Library/Core/Src/usbd_ctlreq.o
                0x08009ff0                USBD_StdDevReq
 .text.USBD_StdItfReq
                0x0800a0d4       0xd8 ./Middlewares/ST/STM32_USB_Device_Library/Core/Src/usbd_ctlreq.o
                0x0800a0d4                USBD_StdItfReq
 .text.USBD_StdEPReq
                0x0800a1ac      0x33e ./Middlewares/ST/STM32_USB_Device_Library/Core/Src/usbd_ctlreq.o
                0x0800a1ac                USBD_StdEPReq
 *fill*         0x0800a4ea        0x2 
 .text.USBD_GetDescriptor
                0x0800a4ec      0x2d4 ./Middlewares/ST/STM32_USB_Device_Library/Core/Src/usbd_ctlreq.o
 .text.USBD_SetAddress
                0x0800a7c0       0x88 ./Middlewares/ST/STM32_USB_Device_Library/Core/Src/usbd_ctlreq.o
 .text.USBD_SetConfig
                0x0800a848      0x154 ./Middlewares/ST/STM32_USB_Device_Library/Core/Src/usbd_ctlreq.o
 .text.USBD_GetConfig
                0x0800a99c       0x6c ./Middlewares/ST/STM32_USB_Device_Library/Core/Src/usbd_ctlreq.o
 .text.USBD_GetStatus
                0x0800aa08       0x68 ./Middlewares/ST/STM32_USB_Device_Library/Core/Src/usbd_ctlreq.o
 .text.USBD_SetFeature
                0x0800aa70       0x52 ./Middlewares/ST/STM32_USB_Device_Library/Core/Src/usbd_ctlreq.o
 .text.USBD_ClrFeature
                0x0800aac2       0x44 ./Middlewares/ST/STM32_USB_Device_Library/Core/Src/usbd_ctlreq.o
 .text.USBD_ParseSetupRequest
                0x0800ab06       0x74 ./Middlewares/ST/STM32_USB_Device_Library/Core/Src/usbd_ctlreq.o
                0x0800ab06                USBD_ParseSetupRequest
 .text.USBD_CtlError
                0x0800ab7a       0x22 ./Middlewares/ST/STM32_USB_Device_Library/Core/Src/usbd_ctlreq.o
                0x0800ab7a                USBD_CtlError
 .text.USBD_GetString
                0x0800ab9c       0xa4 ./Middlewares/ST/STM32_USB_Device_Library/Core/Src/usbd_ctlreq.o
                0x0800ab9c                USBD_GetString
 .text.USBD_GetLen
                0x0800ac40       0x34 ./Middlewares/ST/STM32_USB_Device_Library/Core/Src/usbd_ctlreq.o
 .text.USBD_CtlSendData
                0x0800ac74       0x3c ./Middlewares/ST/STM32_USB_Device_Library/Core/Src/usbd_ioreq.o
                0x0800ac74                USBD_CtlSendData
 .text.USBD_CtlContinueSendData
                0x0800acb0       0x22 ./Middlewares/ST/STM32_USB_Device_Library/Core/Src/usbd_ioreq.o
                0x0800acb0                USBD_CtlContinueSendData
 .text.USBD_CtlPrepareRx
                0x0800acd2       0x42 ./Middlewares/ST/STM32_USB_Device_Library/Core/Src/usbd_ioreq.o
                0x0800acd2                USBD_CtlPrepareRx
 .text.USBD_CtlContinueRx
                0x0800ad14       0x22 ./Middlewares/ST/STM32_USB_Device_Library/Core/Src/usbd_ioreq.o
                0x0800ad14                USBD_CtlContinueRx
 .text.USBD_CtlSendStatus
                0x0800ad36       0x26 ./Middlewares/ST/STM32_USB_Device_Library/Core/Src/usbd_ioreq.o
                0x0800ad36                USBD_CtlSendStatus
 .text.USBD_CtlReceiveStatus
                0x0800ad5c       0x26 ./Middlewares/ST/STM32_USB_Device_Library/Core/Src/usbd_ioreq.o
                0x0800ad5c                USBD_CtlReceiveStatus
 *fill*         0x0800ad82        0x2 
 .text.MX_USB_DEVICE_Init
                0x0800ad84       0x60 ./USB_DEVICE/App/usb_device.o
                0x0800ad84                MX_USB_DEVICE_Init
 .text.CDC_Init_FS
                0x0800ade4       0x28 ./USB_DEVICE/App/usbd_cdc_if.o
 .text.CDC_DeInit_FS
                0x0800ae0c       0x10 ./USB_DEVICE/App/usbd_cdc_if.o
 .text.CDC_Control_FS
                0x0800ae1c       0xbc ./USB_DEVICE/App/usbd_cdc_if.o
 .text.CDC_Receive_FS
                0x0800aed8       0x28 ./USB_DEVICE/App/usbd_cdc_if.o
 .text.CDC_TransmitCplt_FS
                0x0800af00       0x22 ./USB_DEVICE/App/usbd_cdc_if.o
 *fill*         0x0800af22        0x2 
 .text.USBD_FS_DeviceDescriptor
                0x0800af24       0x24 ./USB_DEVICE/App/usbd_desc.o
                0x0800af24                USBD_FS_DeviceDescriptor
 .text.USBD_FS_LangIDStrDescriptor
                0x0800af48       0x24 ./USB_DEVICE/App/usbd_desc.o
                0x0800af48                USBD_FS_LangIDStrDescriptor
 .text.USBD_FS_ProductStrDescriptor
                0x0800af6c       0x3c ./USB_DEVICE/App/usbd_desc.o
                0x0800af6c                USBD_FS_ProductStrDescriptor
 .text.USBD_FS_ManufacturerStrDescriptor
                0x0800afa8       0x28 ./USB_DEVICE/App/usbd_desc.o
                0x0800afa8                USBD_FS_ManufacturerStrDescriptor
 .text.USBD_FS_SerialStrDescriptor
                0x0800afd0       0x24 ./USB_DEVICE/App/usbd_desc.o
                0x0800afd0                USBD_FS_SerialStrDescriptor
 .text.USBD_FS_ConfigStrDescriptor
                0x0800aff4       0x3c ./USB_DEVICE/App/usbd_desc.o
                0x0800aff4                USBD_FS_ConfigStrDescriptor
 .text.USBD_FS_InterfaceStrDescriptor
                0x0800b030       0x3c ./USB_DEVICE/App/usbd_desc.o
                0x0800b030                USBD_FS_InterfaceStrDescriptor
 .text.Get_SerialNum
                0x0800b06c       0x58 ./USB_DEVICE/App/usbd_desc.o
 .text.IntToUnicode
                0x0800b0c4       0x7e ./USB_DEVICE/App/usbd_desc.o
 *fill*         0x0800b142        0x2 
 .text.HAL_PCD_MspInit
                0x0800b144       0xa8 ./USB_DEVICE/Target/usbd_conf.o
                0x0800b144                HAL_PCD_MspInit
 .text.HAL_PCD_SetupStageCallback
                0x0800b1ec       0x24 ./USB_DEVICE/Target/usbd_conf.o
                0x0800b1ec                HAL_PCD_SetupStageCallback
 .text.HAL_PCD_DataOutStageCallback
                0x0800b210       0x36 ./USB_DEVICE/Target/usbd_conf.o
                0x0800b210                HAL_PCD_DataOutStageCallback
 .text.HAL_PCD_DataInStageCallback
                0x0800b246       0x34 ./USB_DEVICE/Target/usbd_conf.o
                0x0800b246                HAL_PCD_DataInStageCallback
 .text.HAL_PCD_SOFCallback
                0x0800b27a       0x1c ./USB_DEVICE/Target/usbd_conf.o
                0x0800b27a                HAL_PCD_SOFCallback
 .text.HAL_PCD_ResetCallback
                0x0800b296       0x50 ./USB_DEVICE/Target/usbd_conf.o
                0x0800b296                HAL_PCD_ResetCallback
 *fill*         0x0800b2e6        0x2 
 .text.HAL_PCD_SuspendCallback
                0x0800b2e8       0x4c ./USB_DEVICE/Target/usbd_conf.o
                0x0800b2e8                HAL_PCD_SuspendCallback
 .text.HAL_PCD_ResumeCallback
                0x0800b334       0x1c ./USB_DEVICE/Target/usbd_conf.o
                0x0800b334                HAL_PCD_ResumeCallback
 .text.HAL_PCD_ISOOUTIncompleteCallback
                0x0800b350       0x24 ./USB_DEVICE/Target/usbd_conf.o
                0x0800b350                HAL_PCD_ISOOUTIncompleteCallback
 .text.HAL_PCD_ISOINIncompleteCallback
                0x0800b374       0x24 ./USB_DEVICE/Target/usbd_conf.o
                0x0800b374                HAL_PCD_ISOINIncompleteCallback
 .text.HAL_PCD_ConnectCallback
                0x0800b398       0x1c ./USB_DEVICE/Target/usbd_conf.o
                0x0800b398                HAL_PCD_ConnectCallback
 .text.HAL_PCD_DisconnectCallback
                0x0800b3b4       0x1c ./USB_DEVICE/Target/usbd_conf.o
                0x0800b3b4                HAL_PCD_DisconnectCallback
 .text.USBD_LL_Init
                0x0800b3d0       0x98 ./USB_DEVICE/Target/usbd_conf.o
                0x0800b3d0                USBD_LL_Init
 .text.USBD_LL_Start
                0x0800b468       0x36 ./USB_DEVICE/Target/usbd_conf.o
                0x0800b468                USBD_LL_Start
 .text.USBD_LL_OpenEP
                0x0800b49e       0x4c ./USB_DEVICE/Target/usbd_conf.o
                0x0800b49e                USBD_LL_OpenEP
 .text.USBD_LL_CloseEP
                0x0800b4ea       0x3e ./USB_DEVICE/Target/usbd_conf.o
                0x0800b4ea                USBD_LL_CloseEP
 .text.USBD_LL_StallEP
                0x0800b528       0x3e ./USB_DEVICE/Target/usbd_conf.o
                0x0800b528                USBD_LL_StallEP
 .text.USBD_LL_ClearStallEP
                0x0800b566       0x3e ./USB_DEVICE/Target/usbd_conf.o
                0x0800b566                USBD_LL_ClearStallEP
 .text.USBD_LL_IsStallEP
                0x0800b5a4       0x58 ./USB_DEVICE/Target/usbd_conf.o
                0x0800b5a4                USBD_LL_IsStallEP
 .text.USBD_LL_SetUSBAddress
                0x0800b5fc       0x3e ./USB_DEVICE/Target/usbd_conf.o
                0x0800b5fc                USBD_LL_SetUSBAddress
 .text.USBD_LL_Transmit
                0x0800b63a       0x42 ./USB_DEVICE/Target/usbd_conf.o
                0x0800b63a                USBD_LL_Transmit
 .text.USBD_LL_PrepareReceive
                0x0800b67c       0x42 ./USB_DEVICE/Target/usbd_conf.o
                0x0800b67c                USBD_LL_PrepareReceive
 .text.USBD_LL_GetRxDataSize
                0x0800b6be       0x26 ./USB_DEVICE/Target/usbd_conf.o
                0x0800b6be                USBD_LL_GetRxDataSize
 .text.USBD_static_malloc
                0x0800b6e4       0x1c ./USB_DEVICE/Target/usbd_conf.o
                0x0800b6e4                USBD_static_malloc
 .text.USBD_static_free
                0x0800b700       0x14 ./USB_DEVICE/Target/usbd_conf.o
                0x0800b700                USBD_static_free
 .text.USBD_Get_USB_Status
                0x0800b714       0x58 ./USB_DEVICE/Target/usbd_conf.o
                0x0800b714                USBD_Get_USB_Status
 .text.HMI_Init
                0x0800b76c       0x1c ./modbus/RS232.o
                0x0800b76c                HMI_Init
 .text.DecodeModbusRtu
                0x0800b788       0x62 ./modbus/RS232.o
                0x0800b788                DecodeModbusRtu
 *fill*         0x0800b7ea        0x2 
 .text.HAL_UARTEx_RxEventCallback
                0x0800b7ec       0xd0 ./modbus/RS232.o
                0x0800b7ec                HAL_UARTEx_RxEventCallback
 .text.HAL_TIM_PeriodElapsedCallback
                0x0800b8bc       0x30 ./modbus/delay.o
                0x0800b8bc                HAL_TIM_PeriodElapsedCallback
 .text.TIM6_DAC_IRQHandler
                0x0800b8ec       0x14 ./modbus/delay.o
                0x0800b8ec                TIM6_DAC_IRQHandler
 .text.sendData
                0x0800b900       0x58 ./modbus/modbusSlave.o
                0x0800b900                sendData
 .text.modbusException
                0x0800b958       0x40 ./modbus/modbusSlave.o
                0x0800b958                modbusException
 .text.readHoldingRegs
                0x0800b998       0xe4 ./modbus/modbusSlave.o
                0x0800b998                readHoldingRegs
 .text.readInputRegs
                0x0800ba7c       0xe4 ./modbus/modbusSlave.o
                0x0800ba7c                readInputRegs
 .text.readCoils
                0x0800bb60      0x160 ./modbus/modbusSlave.o
                0x0800bb60                readCoils
 .text.readInputs
                0x0800bcc0      0x160 ./modbus/modbusSlave.o
                0x0800bcc0                readInputs
 .text.writeHoldingRegs
                0x0800be20       0xf8 ./modbus/modbusSlave.o
                0x0800be20                writeHoldingRegs
 .text.writeSingleReg
                0x0800bf18       0x94 ./modbus/modbusSlave.o
                0x0800bf18                writeSingleReg
 .text.writeSingleCoil
                0x0800bfac       0xf8 ./modbus/modbusSlave.o
                0x0800bfac                writeSingleCoil
 .text.writeMultiCoils
                0x0800c0a4      0x170 ./modbus/modbusSlave.o
                0x0800c0a4                writeMultiCoils
 .text.crc16    0x0800c214       0x6c ./modbus/modbus_crc.o
                0x0800c214                crc16
 .text.Stop_x   0x0800c280       0xa0 ./modbus/motor.o
                0x0800c280                Stop_x
 .text.Stop_y   0x0800c320       0xa4 ./modbus/motor.o
                0x0800c320                Stop_y
 .text.Stop_z   0x0800c3c4       0x94 ./modbus/motor.o
                0x0800c3c4                Stop_z
 .text.TIM1_BRK_TIM9_IRQHandler
                0x0800c458       0x34 ./modbus/motor.o
                0x0800c458                TIM1_BRK_TIM9_IRQHandler
 .text.TIM2_IRQHandler
                0x0800c48c       0x34 ./modbus/motor.o
                0x0800c48c                TIM2_IRQHandler
 .text.TIM5_IRQHandler
                0x0800c4c0       0x34 ./modbus/motor.o
                0x0800c4c0                TIM5_IRQHandler
 .text.memset   0x0800c4f4       0x10 C:/Users/Admin/STM32CubeIDE_1.16.0/STM32CubeIDE/plugins/com.st.stm32cube.ide.mcu.externaltools.gnu-tools-for-stm32.12.3.rel1.win32_1.0.200.202406191623/tools/bin/../lib/gcc/arm-none-eabi/12.3.1/../../../../arm-none-eabi/lib/thumb/v7e-m+fp/hard\libc_nano.a(libc_a-memset.o)
                0x0800c4f4                memset
 .text.__libc_init_array
                0x0800c504       0x48 C:/Users/Admin/STM32CubeIDE_1.16.0/STM32CubeIDE/plugins/com.st.stm32cube.ide.mcu.externaltools.gnu-tools-for-stm32.12.3.rel1.win32_1.0.200.202406191623/tools/bin/../lib/gcc/arm-none-eabi/12.3.1/../../../../arm-none-eabi/lib/thumb/v7e-m+fp/hard\libc_nano.a(libc_a-init.o)
                0x0800c504                __libc_init_array
 *(.glue_7)
 .glue_7        0x0800c54c        0x0 linker stubs
 *(.glue_7t)
 .glue_7t       0x0800c54c        0x0 linker stubs
 *(.eh_frame)
 .eh_frame      0x0800c54c        0x0 C:/Users/Admin/STM32CubeIDE_1.16.0/STM32CubeIDE/plugins/com.st.stm32cube.ide.mcu.externaltools.gnu-tools-for-stm32.12.3.rel1.win32_1.0.200.202406191623/tools/bin/../lib/gcc/arm-none-eabi/12.3.1/thumb/v7e-m+fp/hard/crtbegin.o
 *(.init)
 .init          0x0800c54c        0x4 C:/Users/Admin/STM32CubeIDE_1.16.0/STM32CubeIDE/plugins/com.st.stm32cube.ide.mcu.externaltools.gnu-tools-for-stm32.12.3.rel1.win32_1.0.200.202406191623/tools/bin/../lib/gcc/arm-none-eabi/12.3.1/thumb/v7e-m+fp/hard/crti.o
                0x0800c54c                _init
 .init          0x0800c550        0x8 C:/Users/Admin/STM32CubeIDE_1.16.0/STM32CubeIDE/plugins/com.st.stm32cube.ide.mcu.externaltools.gnu-tools-for-stm32.12.3.rel1.win32_1.0.200.202406191623/tools/bin/../lib/gcc/arm-none-eabi/12.3.1/thumb/v7e-m+fp/hard/crtn.o
 *(.fini)
 .fini          0x0800c558        0x4 C:/Users/Admin/STM32CubeIDE_1.16.0/STM32CubeIDE/plugins/com.st.stm32cube.ide.mcu.externaltools.gnu-tools-for-stm32.12.3.rel1.win32_1.0.200.202406191623/tools/bin/../lib/gcc/arm-none-eabi/12.3.1/thumb/v7e-m+fp/hard/crti.o
                0x0800c558                _fini
 .fini          0x0800c55c        0x8 C:/Users/Admin/STM32CubeIDE_1.16.0/STM32CubeIDE/plugins/com.st.stm32cube.ide.mcu.externaltools.gnu-tools-for-stm32.12.3.rel1.win32_1.0.200.202406191623/tools/bin/../lib/gcc/arm-none-eabi/12.3.1/thumb/v7e-m+fp/hard/crtn.o
                0x0800c564                        . = ALIGN (0x4)
                0x0800c564                        _etext = .

.vfp11_veneer   0x0800c564        0x0
 .vfp11_veneer  0x0800c564        0x0 linker stubs

.v4_bx          0x0800c564        0x0
 .v4_bx         0x0800c564        0x0 linker stubs

.iplt           0x0800c564        0x0
 .iplt          0x0800c564        0x0 C:/Users/Admin/STM32CubeIDE_1.16.0/STM32CubeIDE/plugins/com.st.stm32cube.ide.mcu.externaltools.gnu-tools-for-stm32.12.3.rel1.win32_1.0.200.202406191623/tools/bin/../lib/gcc/arm-none-eabi/12.3.1/thumb/v7e-m+fp/hard/crtbegin.o

.rodata         0x0800c564      0x4c4
                0x0800c564                        . = ALIGN (0x4)
 *(.rodata)
 .rodata        0x0800c564       0x46 ./USB_DEVICE/App/usbd_desc.o
 *(.rodata*)
 *fill*         0x0800c5aa        0x2 
 .rodata.jerk_table
                0x0800c5ac       0xc8 ./Core/Src/drive.o
                0x0800c5ac                jerk_table
 .rodata.triangle_array
                0x0800c674      0x194 ./Core/Src/drive.o
                0x0800c674                triangle_array
 .rodata.AHBPrescTable
                0x0800c808       0x10 ./Core/Src/system_stm32f4xx.o
                0x0800c808                AHBPrescTable
 .rodata.APBPrescTable
                0x0800c818        0x8 ./Core/Src/system_stm32f4xx.o
                0x0800c818                APBPrescTable
 .rodata.flagBitshiftOffset.0
                0x0800c820        0x8 ./Drivers/STM32F4xx_HAL_Driver/Src/stm32f4xx_hal_dma.o
 .rodata.table_crc_hi
                0x0800c828      0x100 ./modbus/modbus_crc.o
 .rodata.table_crc_lo
                0x0800c928      0x100 ./modbus/modbus_crc.o
                0x0800ca28                        . = ALIGN (0x4)

.ARM.extab      0x0800ca28        0x0
                0x0800ca28                        . = ALIGN (0x4)
 *(.ARM.extab* .gnu.linkonce.armextab.*)
                0x0800ca28                        . = ALIGN (0x4)

.ARM            0x0800ca28        0x8
                0x0800ca28                        . = ALIGN (0x4)
                0x0800ca28                        __exidx_start = .
 *(.ARM.exidx*)
 .ARM.exidx     0x0800ca28        0x8 C:/Users/Admin/STM32CubeIDE_1.16.0/STM32CubeIDE/plugins/com.st.stm32cube.ide.mcu.externaltools.gnu-tools-for-stm32.12.3.rel1.win32_1.0.200.202406191623/tools/bin/../lib/gcc/arm-none-eabi/12.3.1/thumb/v7e-m+fp/hard\libgcc.a(_udivmoddi4.o)
                0x0800ca30                        __exidx_end = .
                0x0800ca30                        . = ALIGN (0x4)

.preinit_array  0x0800ca30        0x0
                0x0800ca30                        . = ALIGN (0x4)
                0x0800ca30                        PROVIDE (__preinit_array_start = .)
 *(.preinit_array*)
                0x0800ca30                        PROVIDE (__preinit_array_end = .)
                0x0800ca30                        . = ALIGN (0x4)

.init_array     0x0800ca30        0x4
                0x0800ca30                        . = ALIGN (0x4)
                0x0800ca30                        PROVIDE (__init_array_start = .)
 *(SORT_BY_NAME(.init_array.*))
 *(.init_array*)
 .init_array    0x0800ca30        0x4 C:/Users/Admin/STM32CubeIDE_1.16.0/STM32CubeIDE/plugins/com.st.stm32cube.ide.mcu.externaltools.gnu-tools-for-stm32.12.3.rel1.win32_1.0.200.202406191623/tools/bin/../lib/gcc/arm-none-eabi/12.3.1/thumb/v7e-m+fp/hard/crtbegin.o
                0x0800ca34                        PROVIDE (__init_array_end = .)
                0x0800ca34                        . = ALIGN (0x4)

.fini_array     0x0800ca34        0x4
                0x0800ca34                        . = ALIGN (0x4)
                [!provide]                        PROVIDE (__fini_array_start = .)
 *(SORT_BY_NAME(.fini_array.*))
 *(.fini_array*)
 .fini_array    0x0800ca34        0x4 C:/Users/Admin/STM32CubeIDE_1.16.0/STM32CubeIDE/plugins/com.st.stm32cube.ide.mcu.externaltools.gnu-tools-for-stm32.12.3.rel1.win32_1.0.200.202406191623/tools/bin/../lib/gcc/arm-none-eabi/12.3.1/thumb/v7e-m+fp/hard/crtbegin.o
                [!provide]                        PROVIDE (__fini_array_end = .)
                0x0800ca38                        . = ALIGN (0x4)
                0x0800ca38                        _sidata = LOADADDR (.data)

.rel.dyn        0x0800ca38        0x0
 .rel.iplt      0x0800ca38        0x0 C:/Users/Admin/STM32CubeIDE_1.16.0/STM32CubeIDE/plugins/com.st.stm32cube.ide.mcu.externaltools.gnu-tools-for-stm32.12.3.rel1.win32_1.0.200.202406191623/tools/bin/../lib/gcc/arm-none-eabi/12.3.1/thumb/v7e-m+fp/hard/crtbegin.o

.data           0x20000000      0x1a8 load address 0x0800ca38
                0x20000000                        . = ALIGN (0x4)
                0x20000000                        _sdata = .
 *(.data)
 *(.data*)
 .data.motorMoveTable
                0x20000000       0x80 ./Core/Src/mgr_hmi.o
                0x20000000                motorMoveTable
 .data.SystemCoreClock
                0x20000080        0x4 ./Core/Src/system_stm32f4xx.o
                0x20000080                SystemCoreClock
 .data.uwTickPrio
                0x20000084        0x4 ./Drivers/STM32F4xx_HAL_Driver/Src/stm32f4xx_hal.o
                0x20000084                uwTickPrio
 .data.uwTickFreq
                0x20000088        0x1 ./Drivers/STM32F4xx_HAL_Driver/Src/stm32f4xx_hal.o
                0x20000088                uwTickFreq
 *fill*         0x20000089        0x3 
 .data.USBD_CDC_DeviceQualifierDesc
                0x2000008c        0xa ./Middlewares/ST/STM32_USB_Device_Library/Class/CDC/Src/usbd_cdc.o
 *fill*         0x20000096        0x2 
 .data.USBD_CDC
                0x20000098       0x38 ./Middlewares/ST/STM32_USB_Device_Library/Class/CDC/Src/usbd_cdc.o
                0x20000098                USBD_CDC
 .data.USBD_CDC_CfgDesc
                0x200000d0       0x43 ./Middlewares/ST/STM32_USB_Device_Library/Class/CDC/Src/usbd_cdc.o
 .data.CDCInEpAdd
                0x20000113        0x1 ./Middlewares/ST/STM32_USB_Device_Library/Class/CDC/Src/usbd_cdc.o
 .data.CDCOutEpAdd
                0x20000114        0x1 ./Middlewares/ST/STM32_USB_Device_Library/Class/CDC/Src/usbd_cdc.o
 .data.CDCCmdEpAdd
                0x20000115        0x1 ./Middlewares/ST/STM32_USB_Device_Library/Class/CDC/Src/usbd_cdc.o
 *fill*         0x20000116        0x2 
 .data.USBD_Interface_fops_FS
                0x20000118       0x14 ./USB_DEVICE/App/usbd_cdc_if.o
                0x20000118                USBD_Interface_fops_FS
 .data.FS_Desc  0x2000012c       0x1c ./USB_DEVICE/App/usbd_desc.o
                0x2000012c                FS_Desc
 .data.USBD_FS_DeviceDesc
                0x20000148       0x12 ./USB_DEVICE/App/usbd_desc.o
                0x20000148                USBD_FS_DeviceDesc
 *fill*         0x2000015a        0x2 
 .data.USBD_LangIDDesc
                0x2000015c        0x4 ./USB_DEVICE/App/usbd_desc.o
                0x2000015c                USBD_LangIDDesc
 .data.USBD_StringSerial
                0x20000160       0x1a ./USB_DEVICE/App/usbd_desc.o
                0x20000160                USBD_StringSerial
 *fill*         0x2000017a        0x2 
 .data.Control_motor
                0x2000017c        0x4 ./modbus/RS232.o
                0x2000017c                Control_motor
 .data.Motor_x  0x20000180        0x4 ./modbus/motor.o
                0x20000180                Motor_x
 .data.Motor_y  0x20000184        0x4 ./modbus/motor.o
                0x20000184                Motor_y
 .data.Motor_z  0x20000188        0x4 ./modbus/motor.o
                0x20000188                Motor_z
 .data.Handler  0x2000018c       0x1c ./modbus/motor.o
                0x2000018c                Handler
 *(.RamFunc)
 *(.RamFunc*)
                0x200001a8                        . = ALIGN (0x4)
                0x200001a8                        _edata = .
                0x0800cbe0                        _siccmram = LOADADDR (.ccmram)

.igot.plt       0x200001a8        0x0 load address 0x0800cbe0
 .igot.plt      0x200001a8        0x0 C:/Users/Admin/STM32CubeIDE_1.16.0/STM32CubeIDE/plugins/com.st.stm32cube.ide.mcu.externaltools.gnu-tools-for-stm32.12.3.rel1.win32_1.0.200.202406191623/tools/bin/../lib/gcc/arm-none-eabi/12.3.1/thumb/v7e-m+fp/hard/crtbegin.o

.ccmram         0x10000000        0x0 load address 0x0800cbe0
                0x10000000                        . = ALIGN (0x4)
                0x10000000                        _sccmram = .
 *(.ccmram)
 *(.ccmram*)
                0x10000000                        . = ALIGN (0x4)
                0x10000000                        _eccmram = .
                0x10000000                        . = ALIGN (0x4)

.bss            0x200001a8     0x23f0
                0x200001a8                        _sbss = .
                0x200001a8                        __bss_start__ = _sbss
 *(.bss)
 .bss           0x200001a8       0x1c C:/Users/Admin/STM32CubeIDE_1.16.0/STM32CubeIDE/plugins/com.st.stm32cube.ide.mcu.externaltools.gnu-tools-for-stm32.12.3.rel1.win32_1.0.200.202406191623/tools/bin/../lib/gcc/arm-none-eabi/12.3.1/thumb/v7e-m+fp/hard/crtbegin.o
 *(.bss*)
 .bss.Rotbot_axis
                0x200001c4       0xd8 ./Core/Src/drive.o
                0x200001c4                Rotbot_axis
 .bss.TID_Timer
                0x2000029c       0x60 ./Core/Src/drive_time.o
                0x2000029c                TID_Timer
 .bss._tGloabal_milis
                0x200002fc        0x4 ./Core/Src/drive_time.o
 .bss.htim1     0x20000300       0x48 ./Core/Src/main.o
                0x20000300                htim1
 .bss.htim2     0x20000348       0x48 ./Core/Src/main.o
                0x20000348                htim2
 .bss.htim3     0x20000390       0x48 ./Core/Src/main.o
                0x20000390                htim3
 .bss.htim4     0x200003d8       0x48 ./Core/Src/main.o
                0x200003d8                htim4
 .bss.htim5     0x20000420       0x48 ./Core/Src/main.o
                0x20000420                htim5
 .bss.htim7     0x20000468       0x48 ./Core/Src/main.o
                0x20000468                htim7
 .bss.htim8     0x200004b0       0x48 ./Core/Src/main.o
                0x200004b0                htim8
 .bss.huart2    0x200004f8       0x48 ./Core/Src/main.o
                0x200004f8                huart2
 .bss.hdma_usart2_rx
                0x20000540       0x60 ./Core/Src/main.o
                0x20000540                hdma_usart2_rx
 .bss.htim9     0x200005a0       0x48 ./Core/Src/main.o
                0x200005a0                htim9
 .bss.time_on   0x200005e8        0x1 ./Core/Src/main.o
                0x200005e8                time_on
 *fill*         0x200005e9        0x3 
 .bss.hmi_btns  0x200005ec       0x48 ./Core/Src/mgr_hmi.o
                0x200005ec                hmi_btns
 .bss.uwTick    0x20000634        0x4 ./Drivers/STM32F4xx_HAL_Driver/Src/stm32f4xx_hal.o
                0x20000634                uwTick
 .bss.cfgidx.0  0x20000638        0x1 ./Middlewares/ST/STM32_USB_Device_Library/Core/Src/usbd_ctlreq.o
 *fill*         0x20000639        0x3 
 .bss.hUsbDeviceFS
                0x2000063c      0x2dc ./USB_DEVICE/App/usb_device.o
                0x2000063c                hUsbDeviceFS
 .bss.UserRxBufferFS
                0x20000918      0x800 ./USB_DEVICE/App/usbd_cdc_if.o
                0x20000918                UserRxBufferFS
 .bss.UserTxBufferFS
                0x20001118      0x800 ./USB_DEVICE/App/usbd_cdc_if.o
                0x20001118                UserTxBufferFS
 .bss.USBD_StrDesc
                0x20001918      0x200 ./USB_DEVICE/App/usbd_desc.o
                0x20001918                USBD_StrDesc
 .bss.hpcd_USB_OTG_FS
                0x20001b18      0x4e4 ./USB_DEVICE/Target/usbd_conf.o
                0x20001b18                hpcd_USB_OTG_FS
 .bss.mem.0     0x20001ffc      0x220 ./USB_DEVICE/Target/usbd_conf.o
 .bss.RxData    0x2000221c      0x100 ./modbus/RS232.o
                0x2000221c                RxData
 .bss.TxData    0x2000231c      0x100 ./modbus/RS232.o
                0x2000231c                TxData
 .bss.htim6     0x2000241c       0x48 ./modbus/delay.o
                0x2000241c                htim6
 .bss.Tick      0x20002464        0x4 ./modbus/delay.o
                0x20002464                Tick
 .bss.Holding_Registers_Database
                0x20002468       0x64 ./modbus/modbusSlave.o
                0x20002468                Holding_Registers_Database
 .bss.Coils_Database
                0x200024cc       0x32 ./modbus/modbusSlave.o
                0x200024cc                Coils_Database
 *fill*         0x200024fe        0x2 
 .bss.Inputs_Database
                0x20002500       0x32 ./modbus/modbusSlave.o
                0x20002500                Inputs_Database
 *fill*         0x20002532        0x2 
 .bss.Input_Registers_Database
                0x20002534       0x64 ./modbus/modbusSlave.o
                0x20002534                Input_Registers_Database
 *(COMMON)
                0x20002598                        . = ALIGN (0x4)
                0x20002598                        _ebss = .
                0x20002598                        __bss_end__ = _ebss

._user_heap_stack
                0x20002598      0x600
                0x20002598                        . = ALIGN (0x8)
                [!provide]                        PROVIDE (end = .)
                0x20002598                        PROVIDE (_end = .)
                0x20002798                        . = (. + _Min_Heap_Size)
 *fill*         0x20002598      0x200 
                0x20002b98                        . = (. + _Min_Stack_Size)
 *fill*         0x20002798      0x400 
                0x20002b98                        . = ALIGN (0x8)

/DISCARD/
 libc.a(*)
 libm.a(*)
 libgcc.a(*)

.ARM.attributes
                0x00000000       0x30
 *(.ARM.attributes)
 .ARM.attributes
                0x00000000       0x22 C:/Users/Admin/STM32CubeIDE_1.16.0/STM32CubeIDE/plugins/com.st.stm32cube.ide.mcu.externaltools.gnu-tools-for-stm32.12.3.rel1.win32_1.0.200.202406191623/tools/bin/../lib/gcc/arm-none-eabi/12.3.1/thumb/v7e-m+fp/hard/crti.o
 .ARM.attributes
                0x00000022       0x34 C:/Users/Admin/STM32CubeIDE_1.16.0/STM32CubeIDE/plugins/com.st.stm32cube.ide.mcu.externaltools.gnu-tools-for-stm32.12.3.rel1.win32_1.0.200.202406191623/tools/bin/../lib/gcc/arm-none-eabi/12.3.1/thumb/v7e-m+fp/hard/crtbegin.o
 .ARM.attributes
                0x00000056       0x34 ./Core/Src/drive.o
 .ARM.attributes
                0x0000008a       0x34 ./Core/Src/drive_time.o
 .ARM.attributes
                0x000000be       0x34 ./Core/Src/main.o
 .ARM.attributes
                0x000000f2       0x34 ./Core/Src/mgr_hmi.o
 .ARM.attributes
                0x00000126       0x34 ./Core/Src/stm32f4xx_hal_msp.o
 .ARM.attributes
                0x0000015a       0x34 ./Core/Src/stm32f4xx_it.o
 .ARM.attributes
                0x0000018e       0x34 ./Core/Src/system_stm32f4xx.o
 .ARM.attributes
                0x000001c2       0x21 ./Core/Startup/startup_stm32f407vetx.o
 .ARM.attributes
                0x000001e3       0x34 ./Drivers/STM32F4xx_HAL_Driver/Src/stm32f4xx_hal.o
 .ARM.attributes
                0x00000217       0x34 ./Drivers/STM32F4xx_HAL_Driver/Src/stm32f4xx_hal_cortex.o
 .ARM.attributes
                0x0000024b       0x34 ./Drivers/STM32F4xx_HAL_Driver/Src/stm32f4xx_hal_dma.o
 .ARM.attributes
                0x0000027f       0x34 ./Drivers/STM32F4xx_HAL_Driver/Src/stm32f4xx_hal_gpio.o
 .ARM.attributes
                0x000002b3       0x34 ./Drivers/STM32F4xx_HAL_Driver/Src/stm32f4xx_hal_pcd.o
 .ARM.attributes
                0x000002e7       0x34 ./Drivers/STM32F4xx_HAL_Driver/Src/stm32f4xx_hal_pcd_ex.o
 .ARM.attributes
                0x0000031b       0x34 ./Drivers/STM32F4xx_HAL_Driver/Src/stm32f4xx_hal_rcc.o
 .ARM.attributes
                0x0000034f       0x34 ./Drivers/STM32F4xx_HAL_Driver/Src/stm32f4xx_hal_tim.o
 .ARM.attributes
                0x00000383       0x34 ./Drivers/STM32F4xx_HAL_Driver/Src/stm32f4xx_hal_tim_ex.o
 .ARM.attributes
                0x000003b7       0x34 ./Drivers/STM32F4xx_HAL_Driver/Src/stm32f4xx_hal_uart.o
 .ARM.attributes
                0x000003eb       0x34 ./Drivers/STM32F4xx_HAL_Driver/Src/stm32f4xx_ll_usb.o
 .ARM.attributes
                0x0000041f       0x34 ./Middlewares/ST/STM32_USB_Device_Library/Class/CDC/Src/usbd_cdc.o
 .ARM.attributes
                0x00000453       0x34 ./Middlewares/ST/STM32_USB_Device_Library/Core/Src/usbd_core.o
 .ARM.attributes
                0x00000487       0x34 ./Middlewares/ST/STM32_USB_Device_Library/Core/Src/usbd_ctlreq.o
 .ARM.attributes
                0x000004bb       0x34 ./Middlewares/ST/STM32_USB_Device_Library/Core/Src/usbd_ioreq.o
 .ARM.attributes
                0x000004ef       0x34 ./USB_DEVICE/App/usb_device.o
 .ARM.attributes
                0x00000523       0x34 ./USB_DEVICE/App/usbd_cdc_if.o
 .ARM.attributes
                0x00000557       0x34 ./USB_DEVICE/App/usbd_desc.o
 .ARM.attributes
                0x0000058b       0x34 ./USB_DEVICE/Target/usbd_conf.o
 .ARM.attributes
                0x000005bf       0x34 ./modbus/RS232.o
 .ARM.attributes
                0x000005f3       0x34 ./modbus/delay.o
 .ARM.attributes
                0x00000627       0x34 ./modbus/modbusSlave.o
 .ARM.attributes
                0x0000065b       0x34 ./modbus/modbus_crc.o
 .ARM.attributes
                0x0000068f       0x34 ./modbus/motor.o
 .ARM.attributes
                0x000006c3       0x34 C:/Users/Admin/STM32CubeIDE_1.16.0/STM32CubeIDE/plugins/com.st.stm32cube.ide.mcu.externaltools.gnu-tools-for-stm32.12.3.rel1.win32_1.0.200.202406191623/tools/bin/../lib/gcc/arm-none-eabi/12.3.1/../../../../arm-none-eabi/lib/thumb/v7e-m+fp/hard\libc_nano.a(libc_a-memset.o)
 .ARM.attributes
                0x000006f7       0x34 C:/Users/Admin/STM32CubeIDE_1.16.0/STM32CubeIDE/plugins/com.st.stm32cube.ide.mcu.externaltools.gnu-tools-for-stm32.12.3.rel1.win32_1.0.200.202406191623/tools/bin/../lib/gcc/arm-none-eabi/12.3.1/../../../../arm-none-eabi/lib/thumb/v7e-m+fp/hard\libc_nano.a(libc_a-init.o)
 .ARM.attributes
                0x0000072b       0x22 C:/Users/Admin/STM32CubeIDE_1.16.0/STM32CubeIDE/plugins/com.st.stm32cube.ide.mcu.externaltools.gnu-tools-for-stm32.12.3.rel1.win32_1.0.200.202406191623/tools/bin/../lib/gcc/arm-none-eabi/12.3.1/thumb/v7e-m+fp/hard\libgcc.a(_aeabi_uldivmod.o)
 .ARM.attributes
                0x0000074d       0x34 C:/Users/Admin/STM32CubeIDE_1.16.0/STM32CubeIDE/plugins/com.st.stm32cube.ide.mcu.externaltools.gnu-tools-for-stm32.12.3.rel1.win32_1.0.200.202406191623/tools/bin/../lib/gcc/arm-none-eabi/12.3.1/thumb/v7e-m+fp/hard\libgcc.a(_udivmoddi4.o)
 .ARM.attributes
                0x00000781       0x22 C:/Users/Admin/STM32CubeIDE_1.16.0/STM32CubeIDE/plugins/com.st.stm32cube.ide.mcu.externaltools.gnu-tools-for-stm32.12.3.rel1.win32_1.0.200.202406191623/tools/bin/../lib/gcc/arm-none-eabi/12.3.1/thumb/v7e-m+fp/hard\libgcc.a(_dvmd_tls.o)
 .ARM.attributes
                0x000007a3       0x22 C:/Users/Admin/STM32CubeIDE_1.16.0/STM32CubeIDE/plugins/com.st.stm32cube.ide.mcu.externaltools.gnu-tools-for-stm32.12.3.rel1.win32_1.0.200.202406191623/tools/bin/../lib/gcc/arm-none-eabi/12.3.1/thumb/v7e-m+fp/hard/crtn.o
OUTPUT(usb_to_com.elf elf32-littlearm)
LOAD linker stubs
LOAD C:/Users/Admin/STM32CubeIDE_1.16.0/STM32CubeIDE/plugins/com.st.stm32cube.ide.mcu.externaltools.gnu-tools-for-stm32.12.3.rel1.win32_1.0.200.202406191623/tools/bin/../lib/gcc/arm-none-eabi/12.3.1/../../../../arm-none-eabi/lib/thumb/v7e-m+fp/hard\libc.a
LOAD C:/Users/Admin/STM32CubeIDE_1.16.0/STM32CubeIDE/plugins/com.st.stm32cube.ide.mcu.externaltools.gnu-tools-for-stm32.12.3.rel1.win32_1.0.200.202406191623/tools/bin/../lib/gcc/arm-none-eabi/12.3.1/../../../../arm-none-eabi/lib/thumb/v7e-m+fp/hard\libm.a
LOAD C:/Users/Admin/STM32CubeIDE_1.16.0/STM32CubeIDE/plugins/com.st.stm32cube.ide.mcu.externaltools.gnu-tools-for-stm32.12.3.rel1.win32_1.0.200.202406191623/tools/bin/../lib/gcc/arm-none-eabi/12.3.1/thumb/v7e-m+fp/hard\libgcc.a

.debug_info     0x00000000    0x1bb2a
 .debug_info    0x00000000      0xdaf ./Core/Src/drive.o
 .debug_info    0x00000daf      0x21f ./Core/Src/drive_time.o
 .debug_info    0x00000fce     0x17c8 ./Core/Src/main.o
 .debug_info    0x00002796      0x815 ./Core/Src/mgr_hmi.o
 .debug_info    0x00002fab     0x10c4 ./Core/Src/stm32f4xx_hal_msp.o
 .debug_info    0x0000406f      0xe71 ./Core/Src/stm32f4xx_it.o
 .debug_info    0x00004ee0      0x512 ./Core/Src/system_stm32f4xx.o
 .debug_info    0x000053f2       0x30 ./Core/Startup/startup_stm32f407vetx.o
 .debug_info    0x00005422      0x944 ./Drivers/STM32F4xx_HAL_Driver/Src/stm32f4xx_hal.o
 .debug_info    0x00005d66      0xd8c ./Drivers/STM32F4xx_HAL_Driver/Src/stm32f4xx_hal_cortex.o
 .debug_info    0x00006af2      0x8e7 ./Drivers/STM32F4xx_HAL_Driver/Src/stm32f4xx_hal_dma.o
 .debug_info    0x000073d9      0x6c3 ./Drivers/STM32F4xx_HAL_Driver/Src/stm32f4xx_hal_gpio.o
 .debug_info    0x00007a9c     0x156f ./Drivers/STM32F4xx_HAL_Driver/Src/stm32f4xx_hal_pcd.o
 .debug_info    0x0000900b      0x6ea ./Drivers/STM32F4xx_HAL_Driver/Src/stm32f4xx_hal_pcd_ex.o
 .debug_info    0x000096f5      0x8c3 ./Drivers/STM32F4xx_HAL_Driver/Src/stm32f4xx_hal_rcc.o
 .debug_info    0x00009fb8     0x299d ./Drivers/STM32F4xx_HAL_Driver/Src/stm32f4xx_hal_tim.o
 .debug_info    0x0000c955     0x14db ./Drivers/STM32F4xx_HAL_Driver/Src/stm32f4xx_hal_tim_ex.o
 .debug_info    0x0000de30     0x2f4f ./Drivers/STM32F4xx_HAL_Driver/Src/stm32f4xx_hal_uart.o
 .debug_info    0x00010d7f     0x1993 ./Drivers/STM32F4xx_HAL_Driver/Src/stm32f4xx_ll_usb.o
 .debug_info    0x00012712     0x12b1 ./Middlewares/ST/STM32_USB_Device_Library/Class/CDC/Src/usbd_cdc.o
 .debug_info    0x000139c3      0xe12 ./Middlewares/ST/STM32_USB_Device_Library/Core/Src/usbd_core.o
 .debug_info    0x000147d5      0xaeb ./Middlewares/ST/STM32_USB_Device_Library/Core/Src/usbd_ctlreq.o
 .debug_info    0x000152c0      0x762 ./Middlewares/ST/STM32_USB_Device_Library/Core/Src/usbd_ioreq.o
 .debug_info    0x00015a22      0x70e ./USB_DEVICE/App/usb_device.o
 .debug_info    0x00016130      0x907 ./USB_DEVICE/App/usbd_cdc_if.o
 .debug_info    0x00016a37      0x458 ./USB_DEVICE/App/usbd_desc.o
 .debug_info    0x00016e8f     0x1c77 ./USB_DEVICE/Target/usbd_conf.o
 .debug_info    0x00018b06      0xbbd ./modbus/RS232.o
 .debug_info    0x000196c3      0x804 ./modbus/delay.o
 .debug_info    0x00019ec7      0xa8c ./modbus/modbusSlave.o
 .debug_info    0x0001a953      0x143 ./modbus/modbus_crc.o
 .debug_info    0x0001aa96     0x1094 ./modbus/motor.o

.debug_abbrev   0x00000000     0x4746
 .debug_abbrev  0x00000000      0x2c8 ./Core/Src/drive.o
 .debug_abbrev  0x000002c8      0x15a ./Core/Src/drive_time.o
 .debug_abbrev  0x00000422      0x2f3 ./Core/Src/main.o
 .debug_abbrev  0x00000715      0x1f1 ./Core/Src/mgr_hmi.o
 .debug_abbrev  0x00000906      0x25e ./Core/Src/stm32f4xx_hal_msp.o
 .debug_abbrev  0x00000b64      0x1ef ./Core/Src/stm32f4xx_it.o
 .debug_abbrev  0x00000d53      0x11a ./Core/Src/system_stm32f4xx.o
 .debug_abbrev  0x00000e6d       0x24 ./Core/Startup/startup_stm32f407vetx.o
 .debug_abbrev  0x00000e91      0x214 ./Drivers/STM32F4xx_HAL_Driver/Src/stm32f4xx_hal.o
 .debug_abbrev  0x000010a5      0x31d ./Drivers/STM32F4xx_HAL_Driver/Src/stm32f4xx_hal_cortex.o
 .debug_abbrev  0x000013c2      0x264 ./Drivers/STM32F4xx_HAL_Driver/Src/stm32f4xx_hal_dma.o
 .debug_abbrev  0x00001626      0x1d4 ./Drivers/STM32F4xx_HAL_Driver/Src/stm32f4xx_hal_gpio.o
 .debug_abbrev  0x000017fa      0x2b9 ./Drivers/STM32F4xx_HAL_Driver/Src/stm32f4xx_hal_pcd.o
 .debug_abbrev  0x00001ab3      0x1da ./Drivers/STM32F4xx_HAL_Driver/Src/stm32f4xx_hal_pcd_ex.o
 .debug_abbrev  0x00001c8d      0x2b7 ./Drivers/STM32F4xx_HAL_Driver/Src/stm32f4xx_hal_rcc.o
 .debug_abbrev  0x00001f44      0x278 ./Drivers/STM32F4xx_HAL_Driver/Src/stm32f4xx_hal_tim.o
 .debug_abbrev  0x000021bc      0x283 ./Drivers/STM32F4xx_HAL_Driver/Src/stm32f4xx_hal_tim_ex.o
 .debug_abbrev  0x0000243f      0x30e ./Drivers/STM32F4xx_HAL_Driver/Src/stm32f4xx_hal_uart.o
 .debug_abbrev  0x0000274d      0x2b3 ./Drivers/STM32F4xx_HAL_Driver/Src/stm32f4xx_ll_usb.o
 .debug_abbrev  0x00002a00      0x2d2 ./Middlewares/ST/STM32_USB_Device_Library/Class/CDC/Src/usbd_cdc.o
 .debug_abbrev  0x00002cd2      0x27c ./Middlewares/ST/STM32_USB_Device_Library/Core/Src/usbd_core.o
 .debug_abbrev  0x00002f4e      0x26f ./Middlewares/ST/STM32_USB_Device_Library/Core/Src/usbd_ctlreq.o
 .debug_abbrev  0x000031bd      0x19a ./Middlewares/ST/STM32_USB_Device_Library/Core/Src/usbd_ioreq.o
 .debug_abbrev  0x00003357      0x195 ./USB_DEVICE/App/usb_device.o
 .debug_abbrev  0x000034ec      0x29d ./USB_DEVICE/App/usbd_cdc_if.o
 .debug_abbrev  0x00003789      0x1e1 ./USB_DEVICE/App/usbd_desc.o
 .debug_abbrev  0x0000396a      0x33f ./USB_DEVICE/Target/usbd_conf.o
 .debug_abbrev  0x00003ca9      0x28c ./modbus/RS232.o
 .debug_abbrev  0x00003f35      0x268 ./modbus/delay.o
 .debug_abbrev  0x0000419d      0x23e ./modbus/modbusSlave.o
 .debug_abbrev  0x000043db       0xaf ./modbus/modbus_crc.o
 .debug_abbrev  0x0000448a      0x2bc ./modbus/motor.o

.debug_aranges  0x00000000     0x1758
 .debug_aranges
                0x00000000       0x88 ./Core/Src/drive.o
 .debug_aranges
                0x00000088       0x48 ./Core/Src/drive_time.o
 .debug_aranges
                0x000000d0       0x80 ./Core/Src/main.o
 .debug_aranges
                0x00000150       0xb8 ./Core/Src/mgr_hmi.o
 .debug_aranges
                0x00000208       0x48 ./Core/Src/stm32f4xx_hal_msp.o
 .debug_aranges
                0x00000250       0x80 ./Core/Src/stm32f4xx_it.o
 .debug_aranges
                0x000002d0       0x28 ./Core/Src/system_stm32f4xx.o
 .debug_aranges
                0x000002f8       0x28 ./Core/Startup/startup_stm32f407vetx.o
 .debug_aranges
                0x00000320       0xf0 ./Drivers/STM32F4xx_HAL_Driver/Src/stm32f4xx_hal.o
 .debug_aranges
                0x00000410      0x130 ./Drivers/STM32F4xx_HAL_Driver/Src/stm32f4xx_hal_cortex.o
 .debug_aranges
                0x00000540       0x90 ./Drivers/STM32F4xx_HAL_Driver/Src/stm32f4xx_hal_dma.o
 .debug_aranges
                0x000005d0       0x58 ./Drivers/STM32F4xx_HAL_Driver/Src/stm32f4xx_hal_gpio.o
 .debug_aranges
                0x00000628      0x148 ./Drivers/STM32F4xx_HAL_Driver/Src/stm32f4xx_hal_pcd.o
 .debug_aranges
                0x00000770       0x38 ./Drivers/STM32F4xx_HAL_Driver/Src/stm32f4xx_hal_pcd_ex.o
 .debug_aranges
                0x000007a8       0x88 ./Drivers/STM32F4xx_HAL_Driver/Src/stm32f4xx_hal_rcc.o
 .debug_aranges
                0x00000830      0x3d0 ./Drivers/STM32F4xx_HAL_Driver/Src/stm32f4xx_hal_tim.o
 .debug_aranges
                0x00000c00      0x168 ./Drivers/STM32F4xx_HAL_Driver/Src/stm32f4xx_hal_tim_ex.o
 .debug_aranges
                0x00000d68      0x208 ./Drivers/STM32F4xx_HAL_Driver/Src/stm32f4xx_hal_uart.o
 .debug_aranges
                0x00000f70      0x1a0 ./Drivers/STM32F4xx_HAL_Driver/Src/stm32f4xx_ll_usb.o
 .debug_aranges
                0x00001110       0x90 ./Middlewares/ST/STM32_USB_Device_Library/Class/CDC/Src/usbd_cdc.o
 .debug_aranges
                0x000011a0       0xd8 ./Middlewares/ST/STM32_USB_Device_Library/Core/Src/usbd_core.o
 .debug_aranges
                0x00001278       0x90 ./Middlewares/ST/STM32_USB_Device_Library/Core/Src/usbd_ctlreq.o
 .debug_aranges
                0x00001308       0x50 ./Middlewares/ST/STM32_USB_Device_Library/Core/Src/usbd_ioreq.o
 .debug_aranges
                0x00001358       0x20 ./USB_DEVICE/App/usb_device.o
 .debug_aranges
                0x00001378       0x48 ./USB_DEVICE/App/usbd_cdc_if.o
 .debug_aranges
                0x000013c0       0x60 ./USB_DEVICE/App/usbd_desc.o
 .debug_aranges
                0x00001420      0x110 ./USB_DEVICE/Target/usbd_conf.o
 .debug_aranges
                0x00001530       0x30 ./modbus/RS232.o
 .debug_aranges
                0x00001560       0x48 ./modbus/delay.o
 .debug_aranges
                0x000015a8       0x68 ./modbus/modbusSlave.o
 .debug_aranges
                0x00001610       0x20 ./modbus/modbus_crc.o
 .debug_aranges
                0x00001630      0x128 ./modbus/motor.o

.debug_rnglists
                0x00000000     0x11ea
 .debug_rnglists
                0x00000000       0x67 ./Core/Src/drive.o
 .debug_rnglists
                0x00000067       0x32 ./Core/Src/drive_time.o
 .debug_rnglists
                0x00000099       0x64 ./Core/Src/main.o
 .debug_rnglists
                0x000000fd       0x87 ./Core/Src/mgr_hmi.o
 .debug_rnglists
                0x00000184       0x35 ./Core/Src/stm32f4xx_hal_msp.o
 .debug_rnglists
                0x000001b9       0x5b ./Core/Src/stm32f4xx_it.o
 .debug_rnglists
                0x00000214       0x1a ./Core/Src/system_stm32f4xx.o
 .debug_rnglists
                0x0000022e       0x19 ./Core/Startup/startup_stm32f407vetx.o
 .debug_rnglists
                0x00000247       0xaf ./Drivers/STM32F4xx_HAL_Driver/Src/stm32f4xx_hal.o
 .debug_rnglists
                0x000002f6       0xe0 ./Drivers/STM32F4xx_HAL_Driver/Src/stm32f4xx_hal_cortex.o
 .debug_rnglists
                0x000003d6       0x70 ./Drivers/STM32F4xx_HAL_Driver/Src/stm32f4xx_hal_dma.o
 .debug_rnglists
                0x00000446       0x3f ./Drivers/STM32F4xx_HAL_Driver/Src/stm32f4xx_hal_gpio.o
 .debug_rnglists
                0x00000485       0xfa ./Drivers/STM32F4xx_HAL_Driver/Src/stm32f4xx_hal_pcd.o
 .debug_rnglists
                0x0000057f       0x26 ./Drivers/STM32F4xx_HAL_Driver/Src/stm32f4xx_hal_pcd_ex.o
 .debug_rnglists
                0x000005a5       0x66 ./Drivers/STM32F4xx_HAL_Driver/Src/stm32f4xx_hal_rcc.o
 .debug_rnglists
                0x0000060b      0x31a ./Drivers/STM32F4xx_HAL_Driver/Src/stm32f4xx_hal_tim.o
 .debug_rnglists
                0x00000925      0x125 ./Drivers/STM32F4xx_HAL_Driver/Src/stm32f4xx_hal_tim_ex.o
 .debug_rnglists
                0x00000a4a      0x1bc ./Drivers/STM32F4xx_HAL_Driver/Src/stm32f4xx_hal_uart.o
 .debug_rnglists
                0x00000c06      0x147 ./Drivers/STM32F4xx_HAL_Driver/Src/stm32f4xx_ll_usb.o
 .debug_rnglists
                0x00000d4d       0x6c ./Middlewares/ST/STM32_USB_Device_Library/Class/CDC/Src/usbd_cdc.o
 .debug_rnglists
                0x00000db9       0xa1 ./Middlewares/ST/STM32_USB_Device_Library/Core/Src/usbd_core.o
 .debug_rnglists