../CAN_GEN/desc.c:261:13:DescUsdtNetIsoTpInitContext	4	static
../CAN_GEN/desc.c:271:6:Dest_Init	8	static
../CAN_GEN/desc.c:276:11:DescGetBuffer	24	static
../CAN_GEN/desc.c:291:6:DescStateTask	8	static
../CAN_GEN/desc.c:360:28:DescUsdtNetAbsStartReception	24	static
../CAN_GEN/desc.c:378:13:DescDispatcher	32	static
../CAN_GEN/desc.c:572:16:DescFindSvc	24	static
../CAN_GEN/desc.c:601:13:DescStateOnceInit	8	static
../CAN_GEN/desc.c:606:7:DescStateInit	4	static
../CAN_GEN/desc.c:620:16:DescFindSvcInst	32	static
../CAN_GEN/desc.c:683:16:DescGetSvcInstHeadExtEntrySize	16	static
../CAN_GEN/desc.c:700:14:DescOemStartSessionDefault	16	static
../CAN_GEN/desc.c:716:14:DescOemStartSessionProgramming	16	static
../CAN_GEN/desc.c:731:14:DescOemStartSessionExtended	16	static
../CAN_GEN/desc.c:748:14:DescOemStartSessionProgramming_Session_for_KWP2000	16	static
../CAN_GEN/desc.c:764:14:DescOemStartSessionExtended_Session_for_KWP2000	16	static
../CAN_GEN/desc.c:780:14:DescOemGetRequestSeed_Unlock_Level_1	16	static
../CAN_GEN/desc.c:795:14:DescOemSendSendKey_Unlock_Level_1	16	static
../CAN_GEN/desc.c:870:14:DescOemProcessTesterPresent	16	static
../CAN_GEN/desc.c:905:14:DescOemEnableCommunication	16	static
../CAN_GEN/desc.c:952:14:DescRoutineControlByIdentifier	16	static
../CAN_GEN/desc.c:1064:13:DescOemStopDiagnosticSession	16	static
../CAN_GEN/desc.c:1079:14:DescOemCommonCommCtrl	16	static
../CAN_GEN/desc.c:1174:14:DescReadDataByIdentifier	16	static
../CAN_GEN/desc.c:1264:13:DescOemPrepareSessionControl	16	static
../CAN_GEN/desc.c:1290:7:DescSetNegResponse	16	static
../CAN_GEN/desc.c:1319:7:DescProcessingDone	16	static
../CAN_GEN/desc.c:1363:23:DescCheckState	16	static
../CAN_GEN/desc.c:1386:13:DescOemOnInvalidReq_27	4	static
