../modbus/motor.c:46:6:Motor_x_Init	8	static
../modbus/motor.c:51:6:Motor_y_Init	8	static
../modbus/motor.c:56:6:Motor_z_Init	8	static
../modbus/motor.c:62:6:Tim2_Init	8	static
../modbus/motor.c:66:6:Tim5_Init	8	static
../modbus/motor.c:70:6:Tim9_Init	8	static
../modbus/motor.c:74:6:Tim1_Init	8	static
../modbus/motor.c:77:6:Tim3_Init	8	static
../modbus/motor.c:80:6:Tim8_Init	8	static
../modbus/motor.c:85:6:Move_x_2_target	24	static
../modbus/motor.c:99:6:Move_y_2_target	24	static
../modbus/motor.c:113:6:Move_z_2_target	24	static
../modbus/motor.c:136:6:GoHome_x	16	static
../modbus/motor.c:143:6:GoHome_y	16	static
../modbus/motor.c:150:6:GoHome_z	16	static
../modbus/motor.c:157:6:Move_x	16	static
../modbus/motor.c:165:6:Move_y	16	static
../modbus/motor.c:173:6:Move_z	16	static
../modbus/motor.c:181:6:Set_Frequency_Motor_x	16	static
../modbus/motor.c:185:6:Set_Frequency_Motor_y	16	static
../modbus/motor.c:189:6:Set_Frequency_Motor_z	16	static
../modbus/motor.c:193:6:Stop_x	8	static
../modbus/motor.c:210:6:Stop_y	8	static
../modbus/motor.c:227:6:Stop_z	8	static
../modbus/motor.c:255:6:TIM1_BRK_TIM9_IRQHandler	8	static
../modbus/motor.c:277:6:TIM2_IRQHandler	8	static
../modbus/motor.c:297:6:TIM5_IRQHandler	8	static
../modbus/motor.c:325:6:MX_TIM1_Init	80	static
../modbus/motor.c:398:6:MX_TIM3_Init	48	static
../modbus/motor.c:447:6:MX_TIM8_Init	80	static
../modbus/motor.c:513:6:MX_TIM2_Init	40	static
../modbus/motor.c:559:6:MX_TIM5_Init	40	static
../modbus/motor.c:605:6:MX_TIM9_Init	32	static
../modbus/motor.c:644:6:MX_TIM4_Init	48	static
