../modbus/tim_base.c:75:10:FindActiveBit	24	static
../modbus/tim_base.c:88:6:scan_HMI	16	static
../modbus/tim_base.c:118:6:Choose_glass_group	16	static
../modbus/tim_base.c:132:6:Reset	4	static
../modbus/tim_base.c:135:6:Handle_Home	8	static
../modbus/tim_base.c:164:6:Handle_Set	8	static
../modbus/tim_base.c:175:6:Handle_Left	8	static
../modbus/tim_base.c:182:6:Handle_Right	8	static
../modbus/tim_base.c:189:6:Handle_In	8	static
../modbus/tim_base.c:196:6:Handle_Out	8	static
../modbus/tim_base.c:204:6:Handle_Up	8	static
../modbus/tim_base.c:211:6:Handle_Down	8	static
../modbus/tim_base.c:280:6:Control_motor_x	8	static
../modbus/tim_base.c:323:6:Control_motor_y	8	static
../modbus/tim_base.c:364:6:Control_motor_z	8	static
../modbus/tim_base.c:407:6:Set_Time	16	static
../modbus/tim_base.c:410:6:TIM7_IRQHandler11	8	static
../modbus/tim_base.c:421:6:TIM1_UP_TIM10_IRQHandler11	8	static
