../Core/Src/drive.c:39:6:Init_Timer_chanal	8	static
../Core/Src/drive.c:55:6:Robot_Init	16	static
../Core/Src/drive.c:100:6:MC_MoveAbsolute	24	static
../Core/Src/drive.c:141:6:MC_Stop	16	static
../Core/Src/drive.c:150:6:MC_MoveAbsoluteTest	24	static
../Core/Src/drive.c:158:6:MC_MoveRelative	32	static
../Core/Src/drive.c:164:9:MC_MoveHomeAbsolute	16	static
../Core/Src/drive.c:175:9:MC_MoveLinear	48	static
../Core/Src/drive.c:188:6:MC_MoveHandle	24	static
../Core/Src/drive.c:215:6:Rotbot_controler	24	static
../Core/Src/drive.c:307:7:MC_Control_Interrupt	16	static
../Core/Src/drive.c:322:6:Set_Direction_OX	16	static
../Core/Src/drive.c:326:6:Set_Direction_OY	16	static
../Core/Src/drive.c:330:6:Set_Direction_OZ	16	static
