../Core/Src/drive.c:38:6:Init_Timer_chanal	8	static
../Core/Src/drive.c:54:6:Reset_position	16	static
../Core/Src/drive.c:72:6:Robot_Init	8	static
../Core/Src/drive.c:103:6:MC_MoveAbsolute	24	static
../Core/Src/drive.c:145:6:MC_Stop	16	static
../Core/Src/drive.c:155:6:MC_MoveAbsoluteTest	24	static
../Core/Src/drive.c:163:6:MC_MoveRelative	32	static
../Core/Src/drive.c:170:9:MC_MoveHomeAbsolute	16	static
../Core/Src/drive.c:181:9:Motor_Busy	4	static
../Core/Src/drive.c:186:9:Move_Home_3Step	16	static
../Core/Src/drive.c:303:9:MC_MoveLinear	48	static
../Core/Src/drive.c:316:6:MC_MoveHandle	24	static
../Core/Src/drive.c:349:6:Rotbot_controler	24	static
../Core/Src/drive.c:441:7:MC_Control_Interrupt	16	static
../Core/Src/drive.c:457:6:Set_Direction_OX	16	static
../Core/Src/drive.c:461:6:Set_Direction_OY	16	static
../Core/Src/drive.c:465:6:Set_Direction_OZ	16	static
