../Core/Src/mgr_hmi.c:107:6:Init_hmi	4	static
../Core/Src/mgr_hmi.c:114:10:FindActiveBit	24	static
../Core/Src/mgr_hmi.c:129:6:Task_scan_HMI	16	static
../Core/Src/mgr_hmi.c:173:6:Task_Run_HMI	16	static
../Core/Src/mgr_hmi.c:200:6:Choose_glass_group	16	static
../Core/Src/mgr_hmi.c:214:6:Handle_Left	16	static
../Core/Src/mgr_hmi.c:218:6:Handle_Right	16	static
../Core/Src/mgr_hmi.c:222:6:Handle_In	16	static
../Core/Src/mgr_hmi.c:226:6:Handle_Out	16	static
../Core/Src/mgr_hmi.c:230:6:Handle_Up	16	static
../Core/Src/mgr_hmi.c:234:6:Handle_Down	16	static
../Core/Src/mgr_hmi.c:238:6:Pick_handle1	4	static
../Core/Src/mgr_hmi.c:242:6:Release_handle1	4	static
../Core/Src/mgr_hmi.c:246:6:Pick_handle2	4	static
../Core/Src/mgr_hmi.c:250:6:Release_handle2	4	static
../Core/Src/mgr_hmi.c:254:6:Save_1	8	static
../Core/Src/mgr_hmi.c:282:6:Save_2	8	static
../Core/Src/mgr_hmi.c:308:6:Save_3	8	static
../Core/Src/mgr_hmi.c:338:6:Setmove_point	16	static
../Core/Src/mgr_hmi.c:404:6:Save_Glass_1	4	static
../Core/Src/mgr_hmi.c:409:6:Save_Glass_2	4	static
../Core/Src/mgr_hmi.c:414:6:Save_Glass_3	4	static
../Core/Src/mgr_hmi.c:421:6:Save_Glass_All	4	static
../Core/Src/mgr_hmi.c:426:6:Save_Cover_1	4	static
../Core/Src/mgr_hmi.c:431:6:Save_Cover_2	4	static
../Core/Src/mgr_hmi.c:436:6:Save_Cover_3	4	static
../Core/Src/mgr_hmi.c:441:6:Save_Cover_All	4	static
../Core/Src/mgr_hmi.c:445:6:Save_Tray_1	4	static
../Core/Src/mgr_hmi.c:449:6:Save_Tray_2	4	static
../Core/Src/mgr_hmi.c:454:6:Save_Tray_3	4	static
../Core/Src/mgr_hmi.c:459:6:Handle_Set	8	static
../Core/Src/mgr_hmi.c:464:6:Handle_Home	4	static
../Core/Src/mgr_hmi.c:474:7:Reset	4	static
