../Core/Src/mgr_hmi.c:106:6:Init_hmi	4	static
../Core/Src/mgr_hmi.c:113:10:FindActiveBit	24	static
../Core/Src/mgr_hmi.c:128:6:Task_scan_HMI	16	static
../Core/Src/mgr_hmi.c:172:6:Task_Run_HMI	16	static
../Core/Src/mgr_hmi.c:190:6:Choose_glass_group	16	static
../Core/Src/mgr_hmi.c:204:6:Handle_Left	16	static
../Core/Src/mgr_hmi.c:208:6:Handle_Right	16	static
../Core/Src/mgr_hmi.c:212:6:Handle_In	16	static
../Core/Src/mgr_hmi.c:216:6:Handle_Out	16	static
../Core/Src/mgr_hmi.c:220:6:Handle_Up	16	static
../Core/Src/mgr_hmi.c:224:6:Handle_Down	16	static
../Core/Src/mgr_hmi.c:228:6:Pick_handle1	4	static
../Core/Src/mgr_hmi.c:232:6:Release_handle1	4	static
../Core/Src/mgr_hmi.c:236:6:Pick_handle2	4	static
../Core/Src/mgr_hmi.c:240:6:Release_handle2	4	static
../Core/Src/mgr_hmi.c:244:6:Save_1	8	static
../Core/Src/mgr_hmi.c:272:6:Save_2	8	static
../Core/Src/mgr_hmi.c:298:6:Save_3	8	static
../Core/Src/mgr_hmi.c:328:6:Setmove_point	16	static
../Core/Src/mgr_hmi.c:394:6:Save_Glass_1	4	static
../Core/Src/mgr_hmi.c:399:6:Save_Glass_2	4	static
../Core/Src/mgr_hmi.c:404:6:Save_Glass_3	4	static
../Core/Src/mgr_hmi.c:411:6:Save_Glass_All	4	static
../Core/Src/mgr_hmi.c:416:6:Save_Cover_1	4	static
../Core/Src/mgr_hmi.c:421:6:Save_Cover_2	4	static
../Core/Src/mgr_hmi.c:426:6:Save_Cover_3	4	static
../Core/Src/mgr_hmi.c:431:6:Save_Cover_All	4	static
../Core/Src/mgr_hmi.c:435:6:Save_Tray_1	4	static
../Core/Src/mgr_hmi.c:439:6:Save_Tray_2	4	static
../Core/Src/mgr_hmi.c:444:6:Save_Tray_3	4	static
../Core/Src/mgr_hmi.c:449:6:Handle_Set	8	static
../Core/Src/mgr_hmi.c:454:6:Handle_Home	4	static
../Core/Src/mgr_hmi.c:462:7:Reset	4	static
