Archive member included to satisfy reference by file (symbol)

C:/ST/STM32CubeIDE_1.16.0/STM32CubeIDE/plugins/com.st.stm32cube.ide.mcu.externaltools.gnu-tools-for-stm32.12.3.rel1.win32_1.0.200.202406191623/tools/bin/../lib/gcc/arm-none-eabi/12.3.1/../../../../arm-none-eabi/lib/thumb/v7-m/nofp\libc_nano.a(libc_a-exit.o)
                              C:/ST/STM32CubeIDE_1.16.0/STM32CubeIDE/plugins/com.st.stm32cube.ide.mcu.externaltools.gnu-tools-for-stm32.12.3.rel1.win32_1.0.200.202406191623/tools/bin/../lib/gcc/arm-none-eabi/12.3.1/../../../../arm-none-eabi/lib/thumb/v7-m/nofp/crt0.o (exit)
C:/ST/STM32CubeIDE_1.16.0/STM32CubeIDE/plugins/com.st.stm32cube.ide.mcu.externaltools.gnu-tools-for-stm32.12.3.rel1.win32_1.0.200.202406191623/tools/bin/../lib/gcc/arm-none-eabi/12.3.1/../../../../arm-none-eabi/lib/thumb/v7-m/nofp\libc_nano.a(libc_a-findfp.o)
                              C:/ST/STM32CubeIDE_1.16.0/STM32CubeIDE/plugins/com.st.stm32cube.ide.mcu.externaltools.gnu-tools-for-stm32.12.3.rel1.win32_1.0.200.202406191623/tools/bin/../lib/gcc/arm-none-eabi/12.3.1/../../../../arm-none-eabi/lib/thumb/v7-m/nofp\libc_nano.a(libc_a-exit.o) (__stdio_exit_handler)
C:/ST/STM32CubeIDE_1.16.0/STM32CubeIDE/plugins/com.st.stm32cube.ide.mcu.externaltools.gnu-tools-for-stm32.12.3.rel1.win32_1.0.200.202406191623/tools/bin/../lib/gcc/arm-none-eabi/12.3.1/../../../../arm-none-eabi/lib/thumb/v7-m/nofp\libc_nano.a(libc_a-fwalk.o)
                              C:/ST/STM32CubeIDE_1.16.0/STM32CubeIDE/plugins/com.st.stm32cube.ide.mcu.externaltools.gnu-tools-for-stm32.12.3.rel1.win32_1.0.200.202406191623/tools/bin/../lib/gcc/arm-none-eabi/12.3.1/../../../../arm-none-eabi/lib/thumb/v7-m/nofp\libc_nano.a(libc_a-findfp.o) (_fwalk_sglue)
C:/ST/STM32CubeIDE_1.16.0/STM32CubeIDE/plugins/com.st.stm32cube.ide.mcu.externaltools.gnu-tools-for-stm32.12.3.rel1.win32_1.0.200.202406191623/tools/bin/../lib/gcc/arm-none-eabi/12.3.1/../../../../arm-none-eabi/lib/thumb/v7-m/nofp\libc_nano.a(libc_a-puts.o)
                              ./Core/Inc/drive_spi.o (puts)
C:/ST/STM32CubeIDE_1.16.0/STM32CubeIDE/plugins/com.st.stm32cube.ide.mcu.externaltools.gnu-tools-for-stm32.12.3.rel1.win32_1.0.200.202406191623/tools/bin/../lib/gcc/arm-none-eabi/12.3.1/../../../../arm-none-eabi/lib/thumb/v7-m/nofp\libc_nano.a(libc_a-stdio.o)
                              C:/ST/STM32CubeIDE_1.16.0/STM32CubeIDE/plugins/com.st.stm32cube.ide.mcu.externaltools.gnu-tools-for-stm32.12.3.rel1.win32_1.0.200.202406191623/tools/bin/../lib/gcc/arm-none-eabi/12.3.1/../../../../arm-none-eabi/lib/thumb/v7-m/nofp\libc_nano.a(libc_a-findfp.o) (__sread)
C:/ST/STM32CubeIDE_1.16.0/STM32CubeIDE/plugins/com.st.stm32cube.ide.mcu.externaltools.gnu-tools-for-stm32.12.3.rel1.win32_1.0.200.202406191623/tools/bin/../lib/gcc/arm-none-eabi/12.3.1/../../../../arm-none-eabi/lib/thumb/v7-m/nofp\libc_nano.a(libc_a-wbuf.o)
                              C:/ST/STM32CubeIDE_1.16.0/STM32CubeIDE/plugins/com.st.stm32cube.ide.mcu.externaltools.gnu-tools-for-stm32.12.3.rel1.win32_1.0.200.202406191623/tools/bin/../lib/gcc/arm-none-eabi/12.3.1/../../../../arm-none-eabi/lib/thumb/v7-m/nofp\libc_nano.a(libc_a-puts.o) (__swbuf_r)
C:/ST/STM32CubeIDE_1.16.0/STM32CubeIDE/plugins/com.st.stm32cube.ide.mcu.externaltools.gnu-tools-for-stm32.12.3.rel1.win32_1.0.200.202406191623/tools/bin/../lib/gcc/arm-none-eabi/12.3.1/../../../../arm-none-eabi/lib/thumb/v7-m/nofp\libc_nano.a(libc_a-wsetup.o)
                              C:/ST/STM32CubeIDE_1.16.0/STM32CubeIDE/plugins/com.st.stm32cube.ide.mcu.externaltools.gnu-tools-for-stm32.12.3.rel1.win32_1.0.200.202406191623/tools/bin/../lib/gcc/arm-none-eabi/12.3.1/../../../../arm-none-eabi/lib/thumb/v7-m/nofp\libc_nano.a(libc_a-puts.o) (__swsetup_r)
C:/ST/STM32CubeIDE_1.16.0/STM32CubeIDE/plugins/com.st.stm32cube.ide.mcu.externaltools.gnu-tools-for-stm32.12.3.rel1.win32_1.0.200.202406191623/tools/bin/../lib/gcc/arm-none-eabi/12.3.1/../../../../arm-none-eabi/lib/thumb/v7-m/nofp\libc_nano.a(libc_a-memset.o)
                              C:/ST/STM32CubeIDE_1.16.0/STM32CubeIDE/plugins/com.st.stm32cube.ide.mcu.externaltools.gnu-tools-for-stm32.12.3.rel1.win32_1.0.200.202406191623/tools/bin/../lib/gcc/arm-none-eabi/12.3.1/../../../../arm-none-eabi/lib/thumb/v7-m/nofp/crt0.o (memset)
C:/ST/STM32CubeIDE_1.16.0/STM32CubeIDE/plugins/com.st.stm32cube.ide.mcu.externaltools.gnu-tools-for-stm32.12.3.rel1.win32_1.0.200.202406191623/tools/bin/../lib/gcc/arm-none-eabi/12.3.1/../../../../arm-none-eabi/lib/thumb/v7-m/nofp\libc_nano.a(libc_a-closer.o)
                              C:/ST/STM32CubeIDE_1.16.0/STM32CubeIDE/plugins/com.st.stm32cube.ide.mcu.externaltools.gnu-tools-for-stm32.12.3.rel1.win32_1.0.200.202406191623/tools/bin/../lib/gcc/arm-none-eabi/12.3.1/../../../../arm-none-eabi/lib/thumb/v7-m/nofp\libc_nano.a(libc_a-stdio.o) (_close_r)
[...]
Memory Configuration

Name             Origin             Length             Attributes
RAM              0x20001000         0x00004000         xrw
FLASH            0x08003000         0x0000d000         xr
*default*        0x00000000         0xffffffff

Linker script and memory map

LOAD C:/ST/STM32CubeIDE_1.16.0/STM32CubeIDE/plugins/com.st.stm32cube.ide.mcu.externaltools.gnu-tools-for-stm32.12.3.rel1.win32_1.0.200.202406191623/tools/bin/../lib/gcc/arm-none-eabi/12.3.1/thumb/v7-m/nofp/crti.o
LOAD C:/ST/STM32CubeIDE_1.16.0/STM32CubeIDE/plugins/com.st.stm32cube.ide.mcu.externaltools.gnu-tools-for-stm32.12.3.rel1.win32_1.0.200.202406191623/tools/bin/../lib/gcc/arm-none-eabi/12.3.1/thumb/v7-m/nofp/crtbegin.o
LOAD C:/ST/STM32CubeIDE_1.16.0/STM32CubeIDE/plugins/com.st.stm32cube.ide.mcu.externaltools.gnu-tools-for-stm32.12.3.rel1.win32_1.0.200.202406191623/tools/bin/../lib/gcc/arm-none-eabi/12.3.1/../../../../arm-none-eabi/lib/thumb/v7-m/nofp/crt0.o
LOAD ./CAN_BSW/can_drive.o
LOAD ./CAN_GEN/appdesc.o
LOAD ./CAN_GEN/desc.o
LOAD ./CAN_GEN/drv_para.o
LOAD ./CAN_GEN/il_par.o
LOAD ./Core/Inc/drive_spi.o
LOAD ./Core/Src/can_par.o
LOAD ./Core/Src/dhcp.o
LOAD ./Core/Src/drive_gpio.o
LOAD ./Core/Src/drive_time.o
LOAD ./Core/Src/i2c_drive.o
LOAD ./Core/Src/il_para.o
LOAD ./Core/Src/main.o
LOAD ./Core/Src/mgr_com.o
LOAD ./Core/Src/socket.o
LOAD ./Core/Src/spi.o
LOAD ./Core/Src/stm32f1xx_hal_msp.o
LOAD ./Core/Src/stm32f1xx_it.o
LOAD ./Core/Src/syscalls.o
LOAD ./Core/Src/sysmem.o
LOAD ./Core/Src/system_stm32f1xx.o
LOAD ./Core/Src/tpmc.o
LOAD ./Core/Src/version.o
LOAD ./Core/Src/w5500.o
LOAD ./Core/Src/wizchip_conf.o
LOAD ./Core/Startup/startup_stm32f103c8tx.o
LOAD ./Drivers/STM32F1xx_HAL_Driver/Src/stm32f1xx_hal.o
LOAD ./Drivers/STM32F1xx_HAL_Driver/Src/stm32f1xx_hal_adc.o
LOAD ./Drivers/STM32F1xx_HAL_Driver/Src/stm32f1xx_hal_adc_ex.o
LOAD ./Drivers/STM32F1xx_HAL_Driver/Src/stm32f1xx_hal_can.o
LOAD ./Drivers/STM32F1xx_HAL_Driver/Src/stm32f1xx_hal_cortex.o
LOAD ./Drivers/STM32F1xx_HAL_Driver/Src/stm32f1xx_hal_dma.o
LOAD ./Drivers/STM32F1xx_HAL_Driver/Src/stm32f1xx_hal_exti.o
LOAD ./Drivers/STM32F1xx_HAL_Driver/Src/stm32f1xx_hal_flash.o
LOAD ./Drivers/STM32F1xx_HAL_Driver/Src/stm32f1xx_hal_flash_ex.o
LOAD ./Drivers/STM32F1xx_HAL_Driver/Src/stm32f1xx_hal_gpio.o
LOAD ./Drivers/STM32F1xx_HAL_Driver/Src/stm32f1xx_hal_gpio_ex.o
LOAD ./Drivers/STM32F1xx_HAL_Driver/Src/stm32f1xx_hal_i2c.o
LOAD ./Drivers/STM32F1xx_HAL_Driver/Src/stm32f1xx_hal_iwdg.o
LOAD ./Drivers/STM32F1xx_HAL_Driver/Src/stm32f1xx_hal_pwr.o
LOAD ./Drivers/STM32F1xx_HAL_Driver/Src/stm32f1xx_hal_rcc.o
LOAD ./Drivers/STM32F1xx_HAL_Driver/Src/stm32f1xx_hal_rcc_ex.o
LOAD ./Drivers/STM32F1xx_HAL_Driver/Src/stm32f1xx_hal_spi.o
LOAD ./Drivers/STM32F1xx_HAL_Driver/Src/stm32f1xx_hal_tim.o
LOAD ./Drivers/STM32F1xx_HAL_Driver/Src/stm32f1xx_hal_tim_ex.o
LOAD ./modbus_rtu/modbus_common.o
LOAD ./modbus_rtu/modbus_msg_handle.o
LOAD ./modbus_rtu/modbus_slaver_base.o
LOAD ./modbus_rtu/modbus_slaver_comp.o
LOAD ./modbus_rtu/uart_drive.o
START GROUP
LOAD C:/ST/STM32CubeIDE_1.16.0/STM32CubeIDE/plugins/com.st.stm32cube.ide.mcu.externaltools.gnu-tools-for-stm32.12.3.rel1.win32_1.0.200.202406191623/tools/bin/../lib/gcc/arm-none-eabi/12.3.1/../../../../arm-none-eabi/lib/thumb/v7-m/nofp\libstdc++_nano.a
LOAD C:/ST/STM32CubeIDE_1.16.0/STM32CubeIDE/plugins/com.st.stm32cube.ide.mcu.externaltools.gnu-tools-for-stm32.12.3.rel1.win32_1.0.200.202406191623/tools/bin/../lib/gcc/arm-none-eabi/12.3.1/../../../../arm-none-eabi/lib/thumb/v7-m/nofp\libsupc++_nano.a
END GROUP
LOAD C:/ST/STM32CubeIDE_1.16.0/STM32CubeIDE/plugins/com.st.stm32cube.ide.mcu.externaltools.gnu-tools-for-stm32.12.3.rel1.win32_1.0.200.202406191623/tools/bin/../lib/gcc/arm-none-eabi/12.3.1/../../../../arm-none-eabi/lib/thumb/v7-m/nofp\libstdc++_nano.a
LOAD C:/ST/STM32CubeIDE_1.16.0/STM32CubeIDE/plugins/com.st.stm32cube.ide.mcu.externaltools.gnu-tools-for-stm32.12.3.rel1.win32_1.0.200.202406191623/tools/bin/../lib/gcc/arm-none-eabi/12.3.1/../../../../arm-none-eabi/lib/thumb/v7-m/nofp\libm.a
LOAD C:/ST/STM32CubeIDE_1.16.0/STM32CubeIDE/plugins/com.st.stm32cube.ide.mcu.externaltools.gnu-tools-for-stm32.12.3.rel1.win32_1.0.200.202406191623/tools/bin/../lib/gcc/arm-none-eabi/12.3.1/../../../../arm-none-eabi/lib/thumb/v7-m/nofp\libc_nano.a
START GROUP
LOAD C:/ST/STM32CubeIDE_1.16.0/STM32CubeIDE/plugins/com.st.stm32cube.ide.mcu.externaltools.gnu-tools-for-stm32.12.3.rel1.win32_1.0.200.202406191623/tools/bin/../lib/gcc/arm-none-eabi/12.3.1/thumb/v7-m/nofp\libgcc.a
LOAD C:/ST/STM32CubeIDE_1.16.0/STM32CubeIDE/plugins/com.st.stm32cube.ide.mcu.externaltools.gnu-tools-for-stm32.12.3.rel1.win32_1.0.200.202406191623/tools/bin/../lib/gcc/arm-none-eabi/12.3.1/../../../../arm-none-eabi/lib/thumb/v7-m/nofp\libc_nano.a
END GROUP
START GROUP
LOAD C:/ST/STM32CubeIDE_1.16.0/STM32CubeIDE/plugins/com.st.stm32cube.ide.mcu.externaltools.gnu-tools-for-stm32.12.3.rel1.win32_1.0.200.202406191623/tools/bin/../lib/gcc/arm-none-eabi/12.3.1/thumb/v7-m/nofp\libgcc.a
LOAD C:/ST/STM32CubeIDE_1.16.0/STM32CubeIDE/plugins/com.st.stm32cube.ide.mcu.externaltools.gnu-tools-for-stm32.12.3.rel1.win32_1.0.200.202406191623/tools/bin/../lib/gcc/arm-none-eabi/12.3.1/../../../../arm-none-eabi/lib/thumb/v7-m/nofp\libc_nano.a
LOAD C:/ST/STM32CubeIDE_1.16.0/STM32CubeIDE/plugins/com.st.stm32cube.ide.mcu.externaltools.gnu-tools-for-stm32.12.3.rel1.win32_1.0.200.202406191623/tools/bin/../lib/gcc/arm-none-eabi/12.3.1/../../../../arm-none-eabi/lib/thumb/v7-m/nofp\libnosys.a
END GROUP
START GROUP
LOAD C:/ST/STM32CubeIDE_1.16.0/STM32CubeIDE/plugins/com.st.stm32cube.ide.mcu.externaltools.gnu-tools-for-stm32.12.3.rel1.win32_1.0.200.202406191623/tools/bin/../lib/gcc/arm-none-eabi/12.3.1/thumb/v7-m/nofp\libgcc.a
LOAD C:/ST/STM32CubeIDE_1.16.0/STM32CubeIDE/plugins/com.st.stm32cube.ide.mcu.externaltools.gnu-tools-for-stm32.12.3.rel1.win32_1.0.200.202406191623/tools/bin/../lib/gcc/arm-none-eabi/12.3.1/../../../../arm-none-eabi/lib/thumb/v7-m/nofp\libc_nano.a
LOAD C:/ST/STM32CubeIDE_1.16.0/STM32CubeIDE/plugins/com.st.stm32cube.ide.mcu.externaltools.gnu-tools-for-stm32.12.3.rel1.win32_1.0.200.202406191623/tools/bin/../lib/gcc/arm-none-eabi/12.3.1/../../../../arm-none-eabi/lib/thumb/v7-m/nofp\libnosys.a
END GROUP
LOAD C:/ST/STM32CubeIDE_1.16.0/STM32CubeIDE/plugins/com.st.stm32cube.ide.mcu.externaltools.gnu-tools-for-stm32.12.3.rel1.win32_1.0.200.202406191623/tools/bin/../lib/gcc/arm-none-eabi/12.3.1/thumb/v7-m/nofp/crtend.o
LOAD C:/ST/STM32CubeIDE_1.16.0/STM32CubeIDE/plugins/com.st.stm32cube.ide.mcu.externaltools.gnu-tools-for-stm32.12.3.rel1.win32_1.0.200.202406191623/tools/bin/../lib/gcc/arm-none-eabi/12.3.1/thumb/v7-m/nofp/crtn.o
                0x20005000                        _estack = (ORIGIN (RAM) + LENGTH (RAM))
                0x00000200                        _Min_Heap_Size = 0x200
                0x00000400                        _Min_Stack_Size = 0x400

.isr_vector     0x08003000      0x10c
                0x08003000                        . = ALIGN (0x4)
 *(.isr_vector)
 .isr_vector    0x08003000      0x10c ./Core/Startup/startup_stm32f103c8tx.o
                0x08003000                g_pfnVectors
                0x0800310c                        . = ALIGN (0x4)

.text           0x08003110     0x80a4
                0x08003110                        . = ALIGN (0x4)
 *(.text)
 .text          0x08003110       0x40 C:/ST/STM32CubeIDE_1.16.0/STM32CubeIDE/plugins/com.st.stm32cube.ide.mcu.externaltools.gnu-tools-for-stm32.12.3.rel1.win32_1.0.200.202406191623/tools/bin/../lib/gcc/arm-none-eabi/12.3.1/thumb/v7-m/nofp/crtbegin.o
 *(.text*)
 .text.CanInit  0x08003150       0x8c ./CAN_BSW/can_drive.o
                0x08003150                CanInit
 .text.FillterConfig
                0x080031dc       0x84 ./CAN_BSW/can_drive.o
                0x080031dc                FillterConfig
 .text.USB_LP_CAN1_RX0_IRQHandler
                0x08003260       0xe0 ./CAN_BSW/can_drive.o
                0x08003260                USB_LP_CAN1_RX0_IRQHandler
 .text.GetDataCanReceive
                0x08003340       0x8c ./CAN_BSW/can_drive.o
                0x08003340                GetDataCanReceive
 .text.SEND_7DF
                0x080033cc      0x2c4 ./CAN_BSW/can_drive.o
                0x080033cc                SEND_7DF
 .text.SEND_796
                0x08003690      0x688 ./CAN_BSW/can_drive.o
                0x08003690                SEND_796
 .text.SEND_541
                0x08003d18       0x80 ./CAN_BSW/can_drive.o
                0x08003d18                SEND_541
 .text.TGT_Write_Flash
                0x08003d98      0x24c ./CAN_BSW/can_drive.o
                0x08003d98                TGT_Write_Flash
 .text.Mode_Complete
                0x08003fe4      0x160 ./CAN_BSW/can_drive.o
                0x08003fe4                Mode_Complete
 .text.ApplDescEcuResetHard
                0x08004144       0x12 ./CAN_GEN/appdesc.o
                0x08004144                ApplDescEcuResetHard
 .text.ApplDescEcuResetSoft
                0x08004156       0x12 ./CAN_GEN/appdesc.o
                0x08004156                ApplDescEcuResetSoft
 .text.ApplDescClearDiagInfo
                0x08004168       0x12 ./CAN_GEN/appdesc.o
                0x08004168                ApplDescClearDiagInfo
 .text.ApplDescReadDtcRNODTCBSM
                0x0800417a       0x12 ./CAN_GEN/appdesc.o
                0x0800417a                ApplDescReadDtcRNODTCBSM
 .text.ApplDescReadDtcRDTCBSM
                0x0800418c       0x12 ./CAN_GEN/appdesc.o
                0x0800418c                ApplDescReadDtcRDTCBSM
 .text.ApplDescReadMemoryByAddress
                0x0800419e       0x12 ./CAN_GEN/appdesc.o
                0x0800419e                ApplDescReadMemoryByAddress
 .text.ApplDescWriteDidCAMERA_System_On_Time
                0x080041b0       0x12 ./CAN_GEN/appdesc.o
                0x080041b0                ApplDescWriteDidCAMERA_System_On_Time
 .text.ApplDescWriteDidCAMERA_Operating_Time_and_System_On
                0x080041c2       0x12 ./CAN_GEN/appdesc.o
                0x080041c2                ApplDescWriteDidCAMERA_Operating_Time_and_System_On
 .text.ApplDescWriteDidCAMERA_Warning_Text_Language
                0x080041d4       0x12 ./CAN_GEN/appdesc.o
                0x080041d4                ApplDescWriteDidCAMERA_Warning_Text_Language
 .text.ApplDescWriteDidCAMERA_Reset_Counter
                0x080041e6       0x12 ./CAN_GEN/appdesc.o
                0x080041e6                ApplDescWriteDidCAMERA_Reset_Counter
 .text.ApplDescRequestDownload
                0x080041f8       0x12 ./CAN_GEN/appdesc.o
                0x080041f8                ApplDescRequestDownload
 .text.ApplDescTransferData
                0x0800420a       0x12 ./CAN_GEN/appdesc.o
                0x0800420a                ApplDescTransferData
 .text.ApplDescRequestTransferExit
                0x0800421c       0x12 ./CAN_GEN/appdesc.o
                0x0800421c                ApplDescRequestTransferExit
 .text.ApplDescWriteMemoryByAddress
                0x0800422e       0x12 ./CAN_GEN/appdesc.o
                0x0800422e                ApplDescWriteMemoryByAddress
 .text.ApplDescControlDtcSettingEnable
                0x08004240       0x12 ./CAN_GEN/appdesc.o
                0x08004240                ApplDescControlDtcSettingEnable
 .text.ApplDescControlDtcSettingDisable
                0x08004252       0x12 ./CAN_GEN/appdesc.o
                0x08004252                ApplDescControlDtcSettingDisable
 .text.ApplDescCheckSessionTransition
                0x08004264       0x16 ./CAN_GEN/appdesc.o
                0x08004264                ApplDescCheckSessionTransition
 *fill*         0x0800427a        0x2 
 .text.DescUsdtNetIsoTpInitContext
                0x0800427c       0x40 ./CAN_GEN/desc.o
 .text.Dest_Init
                0x080042bc       0x10 ./CAN_GEN/desc.o
                0x080042bc                Dest_Init
 .text.DescStateTask
                0x080042cc       0x70 ./CAN_GEN/desc.o
                0x080042cc                DescStateTask
 .text.DescDispatcher
                0x0800433c      0x24c ./CAN_GEN/desc.o
 .text.DescFindSvc
                0x08004588       0x4c ./CAN_GEN/desc.o
 .text.DescStateOnceInit
                0x080045d4        0xc ./CAN_GEN/desc.o
 .text.DescStateInit
                0x080045e0       0x28 ./CAN_GEN/desc.o
                0x080045e0                DescStateInit
 .text.DescFindSvcInst
                0x08004608       0xe8 ./CAN_GEN/desc.o
 .text.DescGetSvcInstHeadExtEntrySize
                0x080046f0       0x46 ./CAN_GEN/desc.o
 .text.DescOemStartSessionDefault
                0x08004736       0x18 ./CAN_GEN/desc.o
 .text.DescOemStartSessionProgramming
                0x0800474e       0x12 ./CAN_GEN/desc.o
 .text.DescOemStartSessionExtended
                0x08004760       0x12 ./CAN_GEN/desc.o
 .text.DescOemStartSessionProgramming_Session_for_KWP2000
                0x08004772       0x12 ./CAN_GEN/desc.o
 .text.DescOemStartSessionExtended_Session_for_KWP2000
                0x08004784       0x12 ./CAN_GEN/desc.o
 .text.DescOemGetRequestSeed_Unlock_Level_1
                0x08004796       0x12 ./CAN_GEN/desc.o
 .text.DescOemSendSendKey_Unlock_Level_1
                0x080047a8       0x12 ./CAN_GEN/desc.o
 .text.DescOemProcessTesterPresent
                0x080047ba       0x12 ./CAN_GEN/desc.o
 .text.DescOemEnableCommunication
                0x080047cc       0x12 ./CAN_GEN/desc.o
 .text.DescRoutineControlByIdentifier
                0x080047de       0x12 ./CAN_GEN/desc.o
 .text.DescOemStopDiagnosticSession
                0x080047f0       0x1a ./CAN_GEN/desc.o
 .text.DescOemCommonCommCtrl
                0x0800480a       0x12 ./CAN_GEN/desc.o
 .text.DescReadDataByIdentifier
                0x0800481c       0x12 ./CAN_GEN/desc.o
 *fill*         0x0800482e        0x2 
 .text.DescOemPrepareSessionControl
                0x08004830       0x54 ./CAN_GEN/desc.o
 .text.DescSetNegResponse
                0x08004884       0x28 ./CAN_GEN/desc.o
                0x08004884                DescSetNegResponse
 .text.DescProcessingDone
                0x080048ac       0x1a ./CAN_GEN/desc.o
                0x080048ac                DescProcessingDone
 *fill*         0x080048c6        0x2 
 .text.DescCheckState
                0x080048c8       0x58 ./CAN_GEN/desc.o
 .text.DescOemOnInvalidReq_27
                0x08004920       0x28 ./CAN_GEN/desc.o
 .text.initw5500
                0x08004948       0xa4 ./Core/Inc/drive_spi.o
                0x08004948                initw5500
 .text.LED_RUN  0x080049ec       0x90 ./Core/Src/drive_gpio.o
                0x080049ec                LED_RUN
 .text.__NVIC_EnableIRQ
                0x08004a7c       0x38 ./Core/Src/drive_time.o
 .text.Timer2_Init
                0x08004ab4       0x58 ./Core/Src/drive_time.o
                0x08004ab4                Timer2_Init
 .text.Timer3_Init
                0x08004b0c       0x50 ./Core/Src/drive_time.o
                0x08004b0c                Timer3_Init
 .text.TIM3_IRQHandler
                0x08004b5c       0x64 ./Core/Src/drive_time.o
                0x08004b5c                TIM3_IRQHandler
 .text.millis   0x08004bc0       0x14 ./Core/Src/drive_time.o
                0x08004bc0                millis
 .text.TIM2_IRQHandler
                0x08004bd4      0x148 ./Core/Src/drive_time.o
                0x08004bd4                TIM2_IRQHandler
 .text.reset_timer
                0x08004d1c       0x68 ./Core/Src/drive_time.o
                0x08004d1c                reset_timer
 .text.reset_timer_one_channel
                0x08004d84       0x50 ./Core/Src/drive_time.o
                0x08004d84                reset_timer_one_channel
 .text.Delay_SetTimer
                0x08004dd4       0x6c ./Core/Src/drive_time.o
                0x08004dd4                Delay_SetTimer
 .text.Delay_GetTimer
                0x08004e40       0x70 ./Core/Src/drive_time.o
                0x08004e40                Delay_GetTimer
 .text.check_timedelay
                0x08004eb0       0x5c ./Core/Src/drive_time.o
                0x08004eb0                check_timedelay
 .text.DS1307_DecodeBCD
                0x08004f0c       0x30 ./Core/Src/i2c_drive.o
                0x08004f0c                DS1307_DecodeBCD
 .text.DS1307_EncodeBCD
                0x08004f3c       0x44 ./Core/Src/i2c_drive.o
                0x08004f3c                DS1307_EncodeBCD
 .text.reset_buffer
                0x08004f80       0x36 ./Core/Src/i2c_drive.o
                0x08004f80                reset_buffer
 *fill*         0x08004fb6        0x2 
 .text.settimer
                0x08004fb8       0xd4 ./Core/Src/i2c_drive.o
                0x08004fb8                settimer
 .text.gettime  0x0800508c      0x1c4 ./Core/Src/i2c_drive.o
                0x0800508c                gettime
 .text.Task_LED_UV
                0x08005250       0xe8 ./Core/Src/i2c_drive.o
                0x08005250                Task_LED_UV
 .text.Task_FAN_QUARTER
                0x08005338       0xf8 ./Core/Src/i2c_drive.o
                0x08005338                Task_FAN_QUARTER
 .text.Realtime_UpdateWithDayOfWeek
                0x08005430       0x78 ./Core/Src/i2c_drive.o
                0x08005430                Realtime_UpdateWithDayOfWeek
 .text.Mobus_write_singleCoil
                0x080054a8       0x50 ./Core/Src/i2c_drive.o
                0x080054a8                Mobus_write_singleCoil
 .text.ILGet_InforLedBle
                0x080054f8       0x24 ./Core/Src/il_para.o
                0x080054f8                ILGet_InforLedBle
 .text.ILGet_InforLedYellow
                0x0800551c       0x24 ./Core/Src/il_para.o
                0x0800551c                ILGet_InforLedYellow
 .text.Clear_Infor_Can
                0x08005540       0x18 ./Core/Src/il_para.o
                0x08005540                Clear_Infor_Can
 .text.main     0x08005558      0x16c ./Core/Src/main.o
                0x08005558                main
 .text.SystemClock_Config
                0x080056c4       0xba ./Core/Src/main.o
                0x080056c4                SystemClock_Config
 *fill*         0x0800577e        0x2 
 .text.MX_ADC1_Init
                0x08005780       0x7c ./Core/Src/main.o
 .text.MX_CAN_Init
                0x080057fc       0x6c ./Core/Src/main.o
 .text.MX_I2C1_Init
                0x08005868       0x5c ./Core/Src/main.o
 .text.MX_IWDG_Init
                0x080058c4       0x34 ./Core/Src/main.o
 .text.MX_SPI2_Init
                0x080058f8       0x6c ./Core/Src/main.o
 .text.MX_GPIO_Init
                0x08005964      0x10c ./Core/Src/main.o
 .text.Error_Handler
                0x08005a70        0xc ./Core/Src/main.o
                0x08005a70                Error_Handler
 .text.Com_Task
                0x08005a7c       0x28 ./Core/Src/mgr_com.o
                0x08005a7c                Com_Task
 .text.Update_FW_ComTask
                0x08005aa4      0x650 ./Core/Src/mgr_com.o
                0x08005aa4                Update_FW_ComTask
 *fill*         0x080060f4        0x4 
 .text.reset_microcontroller
                0x080060f8       0x4c ./Core/Src/mgr_com.o
                0x080060f8                reset_microcontroller
 .text.HAL_MspInit
                0x08006144       0x64 ./Core/Src/stm32f1xx_hal_msp.o
                0x08006144                HAL_MspInit
 .text.HAL_ADC_MspInit
                0x080061a8       0x88 ./Core/Src/stm32f1xx_hal_msp.o
                0x080061a8                HAL_ADC_MspInit
 .text.HAL_CAN_MspInit
                0x08006230       0xd0 ./Core/Src/stm32f1xx_hal_msp.o
                0x08006230                HAL_CAN_MspInit
 .text.HAL_I2C_MspInit
                0x08006300       0x7c ./Core/Src/stm32f1xx_hal_msp.o
                0x08006300                HAL_I2C_MspInit
 .text.HAL_SPI_MspInit
                0x0800637c       0x98 ./Core/Src/stm32f1xx_hal_msp.o
                0x0800637c                HAL_SPI_MspInit
 .text.NMI_Handler
                0x08006414        0x8 ./Core/Src/stm32f1xx_it.o
                0x08006414                NMI_Handler
 .text.HardFault_Handler
                0x0800641c        0x8 ./Core/Src/stm32f1xx_it.o
                0x0800641c                HardFault_Handler
 .text.MemManage_Handler
                0x08006424        0x8 ./Core/Src/stm32f1xx_it.o
                0x08006424                MemManage_Handler
 .text.BusFault_Handler
                0x0800642c        0x8 ./Core/Src/stm32f1xx_it.o
                0x0800642c                BusFault_Handler
 .text.UsageFault_Handler
                0x08006434        0x8 ./Core/Src/stm32f1xx_it.o
                0x08006434                UsageFault_Handler
 .text.SVC_Handler
                0x0800643c        0xc ./Core/Src/stm32f1xx_it.o
                0x0800643c                SVC_Handler
 .text.DebugMon_Handler
                0x08006448        0xc ./Core/Src/stm32f1xx_it.o
                0x08006448                DebugMon_Handler
 .text.PendSV_Handler
                0x08006454        0xc ./Core/Src/stm32f1xx_it.o
                0x08006454                PendSV_Handler
 .text.SysTick_Handler
                0x08006460        0xc ./Core/Src/stm32f1xx_it.o
                0x08006460                SysTick_Handler
 .text.ADC1_2_IRQHandler
                0x0800646c       0x14 ./Core/Src/stm32f1xx_it.o
                0x0800646c                ADC1_2_IRQHandler
 .text.SystemInit
                0x08006480        0xc ./Core/Src/system_stm32f1xx.o
                0x08006480                SystemInit
 .text.WIZCHIP_READ
                0x0800648c       0x98 ./Core/Src/w5500.o
                0x0800648c                WIZCHIP_READ
 .text.WIZCHIP_WRITE
                0x08006524       0x9c ./Core/Src/w5500.o
                0x08006524                WIZCHIP_WRITE
 .text.WIZCHIP_READ_BUF
                0x080065c0       0xc0 ./Core/Src/w5500.o
                0x080065c0                WIZCHIP_READ_BUF
 .text.WIZCHIP_WRITE_BUF
                0x08006680       0xc0 ./Core/Src/w5500.o
                0x08006680                WIZCHIP_WRITE_BUF
 .text.wizchip_cris_enter
                0x08006740        0xc ./Core/Src/wizchip_conf.o
                0x08006740                wizchip_cris_enter
 .text.wizchip_cris_exit
                0x0800674c        0xc ./Core/Src/wizchip_conf.o
                0x0800674c                wizchip_cris_exit
 .text.wizchip_cs_select
                0x08006758       0x18 ./Core/Src/wizchip_conf.o
                0x08006758                wizchip_cs_select
 .text.wizchip_cs_deselect
                0x08006770       0x18 ./Core/Src/wizchip_conf.o
                0x08006770                wizchip_cs_deselect
 .text.wizchip_bus_readdata
                0x08006788       0x24 ./Core/Src/wizchip_conf.o
                0x08006788                wizchip_bus_readdata
 .text.wizchip_bus_writedata
                0x080067ac       0x28 ./Core/Src/wizchip_conf.o
                0x080067ac                wizchip_bus_writedata
 .text.wizchip_sw_reset
                0x080067d4       0x98 ./Core/Src/wizchip_conf.o
                0x080067d4                wizchip_sw_reset
 .text.wizchip_init
                0x0800686c      0x118 ./Core/Src/wizchip_conf.o
                0x0800686c                wizchip_init
 .text.Reset_Handler
                0x08006984       0x48 ./Core/Startup/startup_stm32f103c8tx.o
                0x08006984                Reset_Handler
 .text.Default_Handler
                0x080069cc        0x2 ./Core/Startup/startup_stm32f103c8tx.o
                0x080069cc                RTC_Alarm_IRQHandler
                0x080069cc                EXTI2_IRQHandler
                0x080069cc                TIM1_CC_IRQHandler
                0x080069cc                PVD_IRQHandler
                0x080069cc                EXTI3_IRQHandler
                0x080069cc                EXTI0_IRQHandler
                0x080069cc                I2C2_EV_IRQHandler
                0x080069cc                SPI1_IRQHandler
                0x080069cc                TAMPER_IRQHandler
                0x080069cc                DMA1_Channel4_IRQHandler
                0x080069cc                RTC_IRQHandler
                0x080069cc                DMA1_Channel7_IRQHandler
                0x080069cc                CAN1_RX1_IRQHandler
                0x080069cc                TIM4_IRQHandler
                0x080069cc                I2C1_EV_IRQHandler
                0x080069cc                DMA1_Channel6_IRQHandler
                0x080069cc                RCC_IRQHandler
                0x080069cc                TIM1_TRG_COM_IRQHandler
                0x080069cc                DMA1_Channel1_IRQHandler
                0x080069cc                Default_Handler
                0x080069cc                EXTI15_10_IRQHandler
                0x080069cc                EXTI9_5_IRQHandler
                0x080069cc                SPI2_IRQHandler
                0x080069cc                DMA1_Channel5_IRQHandler
                0x080069cc                EXTI4_IRQHandler
                0x080069cc                USB_HP_CAN1_TX_IRQHandler
                0x080069cc                DMA1_Channel3_IRQHandler
                0x080069cc                TIM1_UP_IRQHandler
                0x080069cc                WWDG_IRQHandler
                0x080069cc                TIM1_BRK_IRQHandler
                0x080069cc                EXTI1_IRQHandler
                0x080069cc                USART2_IRQHandler
                0x080069cc                I2C2_ER_IRQHandler
                0x080069cc                DMA1_Channel2_IRQHandler
                0x080069cc                CAN1_SCE_IRQHandler
                0x080069cc                FLASH_IRQHandler
                0x080069cc                USART1_IRQHandler
                0x080069cc                I2C1_ER_IRQHandler
                0x080069cc                USBWakeUp_IRQHandler
 *fill*         0x080069ce        0x2 
 .text.HAL_Init
                0x080069d0       0x2c ./Drivers/STM32F1xx_HAL_Driver/Src/stm32f1xx_hal.o
                0x080069d0                HAL_Init
 .text.HAL_InitTick
                0x080069fc       0x60 ./Drivers/STM32F1xx_HAL_Driver/Src/stm32f1xx_hal.o
                0x080069fc                HAL_InitTick
 .text.HAL_IncTick
                0x08006a5c       0x24 ./Drivers/STM32F1xx_HAL_Driver/Src/stm32f1xx_hal.o
                0x08006a5c                HAL_IncTick
 .text.HAL_GetTick
                0x08006a80       0x14 ./Drivers/STM32F1xx_HAL_Driver/Src/stm32f1xx_hal.o
                0x08006a80                HAL_GetTick
 .text.HAL_Delay
                0x08006a94       0x48 ./Drivers/STM32F1xx_HAL_Driver/Src/stm32f1xx_hal.o
                0x08006a94                HAL_Delay
 .text.HAL_ADC_Init
                0x08006adc      0x1b0 ./Drivers/STM32F1xx_HAL_Driver/Src/stm32f1xx_hal_adc.o
                0x08006adc                HAL_ADC_Init
 .text.HAL_ADC_IRQHandler
                0x08006c8c      0x17e ./Drivers/STM32F1xx_HAL_Driver/Src/stm32f1xx_hal_adc.o
                0x08006c8c                HAL_ADC_IRQHandler
 .text.HAL_ADC_ConvCpltCallback
                0x08006e0a       0x12 ./Drivers/STM32F1xx_HAL_Driver/Src/stm32f1xx_hal_adc.o
                0x08006e0a                HAL_ADC_ConvCpltCallback
 .text.HAL_ADC_LevelOutOfWindowCallback
                0x08006e1c       0x12 ./Drivers/STM32F1xx_HAL_Driver/Src/stm32f1xx_hal_adc.o
                0x08006e1c                HAL_ADC_LevelOutOfWindowCallback
 *fill*         0x08006e2e        0x2 
 .text.HAL_ADC_ConfigChannel
                0x08006e30      0x1f0 ./Drivers/STM32F1xx_HAL_Driver/Src/stm32f1xx_hal_adc.o
                0x08006e30                HAL_ADC_ConfigChannel
 .text.ADC_ConversionStop_Disable
                0x08007020       0x82 ./Drivers/STM32F1xx_HAL_Driver/Src/stm32f1xx_hal_adc.o
                0x08007020                ADC_ConversionStop_Disable
 .text.HAL_ADCEx_InjectedConvCpltCallback
                0x080070a2       0x12 ./Drivers/STM32F1xx_HAL_Driver/Src/stm32f1xx_hal_adc_ex.o
                0x080070a2                HAL_ADCEx_InjectedConvCpltCallback
 .text.HAL_CAN_Init
                0x080070b4      0x1f6 ./Drivers/STM32F1xx_HAL_Driver/Src/stm32f1xx_hal_can.o
                0x080070b4                HAL_CAN_Init
 .text.HAL_CAN_ConfigFilter
                0x080072aa      0x192 ./Drivers/STM32F1xx_HAL_Driver/Src/stm32f1xx_hal_can.o
                0x080072aa                HAL_CAN_ConfigFilter
 .text.HAL_CAN_Start
                0x0800743c       0x88 ./Drivers/STM32F1xx_HAL_Driver/Src/stm32f1xx_hal_can.o
                0x0800743c                HAL_CAN_Start
 .text.HAL_CAN_AddTxMessage
                0x080074c4      0x19e ./Drivers/STM32F1xx_HAL_Driver/Src/stm32f1xx_hal_can.o
                0x080074c4                HAL_CAN_AddTxMessage
 .text.HAL_CAN_GetRxMessage
                0x08007662      0x242 ./Drivers/STM32F1xx_HAL_Driver/Src/stm32f1xx_hal_can.o
                0x08007662                HAL_CAN_GetRxMessage
 .text.HAL_CAN_ActivateNotification
                0x080078a4       0x4a ./Drivers/STM32F1xx_HAL_Driver/Src/stm32f1xx_hal_can.o
                0x080078a4                HAL_CAN_ActivateNotification
 *fill*         0x080078ee        0x2 
 .text.__NVIC_SetPriorityGrouping
                0x080078f0       0x48 ./Drivers/STM32F1xx_HAL_Driver/Src/stm32f1xx_hal_cortex.o
 .text.__NVIC_GetPriorityGrouping
                0x08007938       0x1c ./Drivers/STM32F1xx_HAL_Driver/Src/stm32f1xx_hal_cortex.o
 .text.__NVIC_EnableIRQ
                0x08007954       0x38 ./Drivers/STM32F1xx_HAL_Driver/Src/stm32f1xx_hal_cortex.o
 .text.__NVIC_SetPriority
                0x0800798c       0x54 ./Drivers/STM32F1xx_HAL_Driver/Src/stm32f1xx_hal_cortex.o
 .text.NVIC_EncodePriority
                0x080079e0       0x64 ./Drivers/STM32F1xx_HAL_Driver/Src/stm32f1xx_hal_cortex.o
 .text.SysTick_Config
                0x08007a44       0x44 ./Drivers/STM32F1xx_HAL_Driver/Src/stm32f1xx_hal_cortex.o
 .text.HAL_NVIC_SetPriorityGrouping
                0x08007a88       0x16 ./Drivers/STM32F1xx_HAL_Driver/Src/stm32f1xx_hal_cortex.o
                0x08007a88                HAL_NVIC_SetPriorityGrouping
 .text.HAL_NVIC_SetPriority
                0x08007a9e       0x38 ./Drivers/STM32F1xx_HAL_Driver/Src/stm32f1xx_hal_cortex.o
                0x08007a9e                HAL_NVIC_SetPriority
 .text.HAL_NVIC_EnableIRQ
                0x08007ad6       0x1c ./Drivers/STM32F1xx_HAL_Driver/Src/stm32f1xx_hal_cortex.o
                0x08007ad6                HAL_NVIC_EnableIRQ
 .text.HAL_SYSTICK_Config
                0x08007af2       0x18 ./Drivers/STM32F1xx_HAL_Driver/Src/stm32f1xx_hal_cortex.o
                0x08007af2                HAL_SYSTICK_Config
 *fill*         0x08007b0a        0x2 
 .text.HAL_FLASH_Program
                0x08007b0c       0xe0 ./Drivers/STM32F1xx_HAL_Driver/Src/stm32f1xx_hal_flash.o
                0x08007b0c                HAL_FLASH_Program
 .text.HAL_FLASH_Unlock
                0x08007bec       0x4c ./Drivers/STM32F1xx_HAL_Driver/Src/stm32f1xx_hal_flash.o
                0x08007bec                HAL_FLASH_Unlock
 .text.HAL_FLASH_Lock
                0x08007c38       0x20 ./Drivers/STM32F1xx_HAL_Driver/Src/stm32f1xx_hal_flash.o
                0x08007c38                HAL_FLASH_Lock
 .text.FLASH_Program_HalfWord
                0x08007c58       0x38 ./Drivers/STM32F1xx_HAL_Driver/Src/stm32f1xx_hal_flash.o
 .text.FLASH_WaitForLastOperation
                0x08007c90       0x8c ./Drivers/STM32F1xx_HAL_Driver/Src/stm32f1xx_hal_flash.o
                0x08007c90                FLASH_WaitForLastOperation
 .text.FLASH_SetErrorCode
                0x08007d1c       0xa0 ./Drivers/STM32F1xx_HAL_Driver/Src/stm32f1xx_hal_flash.o
 .text.HAL_GPIO_Init
                0x08007dbc      0x308 ./Drivers/STM32F1xx_HAL_Driver/Src/stm32f1xx_hal_gpio.o
                0x08007dbc                HAL_GPIO_Init
 .text.HAL_GPIO_WritePin
                0x080080c4       0x30 ./Drivers/STM32F1xx_HAL_Driver/Src/stm32f1xx_hal_gpio.o
                0x080080c4                HAL_GPIO_WritePin
 .text.HAL_I2C_Init
                0x080080f4      0x288 ./Drivers/STM32F1xx_HAL_Driver/Src/stm32f1xx_hal_i2c.o
                0x080080f4                HAL_I2C_Init
 .text.HAL_I2C_Mem_Write
                0x0800837c      0x1f4 ./Drivers/STM32F1xx_HAL_Driver/Src/stm32f1xx_hal_i2c.o
                0x0800837c                HAL_I2C_Mem_Write
 .text.HAL_I2C_Mem_Read
                0x08008570      0x4e8 ./Drivers/STM32F1xx_HAL_Driver/Src/stm32f1xx_hal_i2c.o
                0x08008570                HAL_I2C_Mem_Read
 .text.I2C_RequestMemoryWrite
                0x08008a58      0x12c ./Drivers/STM32F1xx_HAL_Driver/Src/stm32f1xx_hal_i2c.o
 .text.I2C_RequestMemoryRead
                0x08008b84      0x1d0 ./Drivers/STM32F1xx_HAL_Driver/Src/stm32f1xx_hal_i2c.o
 .text.I2C_WaitOnFlagUntilTimeout
                0x08008d54       0xf4 ./Drivers/STM32F1xx_HAL_Driver/Src/stm32f1xx_hal_i2c.o
 .text.I2C_WaitOnMasterAddressFlagUntilTimeout
                0x08008e48      0x140 ./Drivers/STM32F1xx_HAL_Driver/Src/stm32f1xx_hal_i2c.o
 .text.I2C_WaitOnTXEFlagUntilTimeout
                0x08008f88       0x90 ./Drivers/STM32F1xx_HAL_Driver/Src/stm32f1xx_hal_i2c.o
 .text.I2C_WaitOnBTFFlagUntilTimeout
                0x08009018       0x90 ./Drivers/STM32F1xx_HAL_Driver/Src/stm32f1xx_hal_i2c.o
 .text.I2C_WaitOnRXNEFlagUntilTimeout
                0x080090a8       0xba ./Drivers/STM32F1xx_HAL_Driver/Src/stm32f1xx_hal_i2c.o
 .text.I2C_IsAcknowledgeFailed
                0x08009162       0x5c ./Drivers/STM32F1xx_HAL_Driver/Src/stm32f1xx_hal_i2c.o
 .text.HAL_IWDG_Init
                0x080091be       0x88 ./Drivers/STM32F1xx_HAL_Driver/Src/stm32f1xx_hal_iwdg.o
                0x080091be                HAL_IWDG_Init
 .text.HAL_IWDG_Refresh
                0x08009246       0x1e ./Drivers/STM32F1xx_HAL_Driver/Src/stm32f1xx_hal_iwdg.o
                0x08009246                HAL_IWDG_Refresh
 .text.HAL_RCC_OscConfig
                0x08009264      0x504 ./Drivers/STM32F1xx_HAL_Driver/Src/stm32f1xx_hal_rcc.o
                0x08009264                HAL_RCC_OscConfig
 .text.HAL_RCC_ClockConfig
                0x08009768      0x1d4 ./Drivers/STM32F1xx_HAL_Driver/Src/stm32f1xx_hal_rcc.o
                0x08009768                HAL_RCC_ClockConfig
 .text.HAL_RCC_GetSysClockFreq
                0x0800993c       0xa8 ./Drivers/STM32F1xx_HAL_Driver/Src/stm32f1xx_hal_rcc.o
                0x0800993c                HAL_RCC_GetSysClockFreq
 .text.HAL_RCC_GetHCLKFreq
                0x080099e4       0x14 ./Drivers/STM32F1xx_HAL_Driver/Src/stm32f1xx_hal_rcc.o
                0x080099e4                HAL_RCC_GetHCLKFreq
 .text.HAL_RCC_GetPCLK1Freq
                0x080099f8       0x28 ./Drivers/STM32F1xx_HAL_Driver/Src/stm32f1xx_hal_rcc.o
                0x080099f8                HAL_RCC_GetPCLK1Freq
 .text.RCC_Delay
                0x08009a20       0x3c ./Drivers/STM32F1xx_HAL_Driver/Src/stm32f1xx_hal_rcc.o
 .text.HAL_RCCEx_PeriphCLKConfig
                0x08009a5c      0x16c ./Drivers/STM32F1xx_HAL_Driver/Src/stm32f1xx_hal_rcc_ex.o
                0x08009a5c                HAL_RCCEx_PeriphCLKConfig
 .text.HAL_SPI_Init
                0x08009bc8      0x108 ./Drivers/STM32F1xx_HAL_Driver/Src/stm32f1xx_hal_spi.o
                0x08009bc8                HAL_SPI_Init
 .text.HAL_SPI_Transmit
                0x08009cd0      0x288 ./Drivers/STM32F1xx_HAL_Driver/Src/stm32f1xx_hal_spi.o
                0x08009cd0                HAL_SPI_Transmit
 .text.HAL_SPI_Receive
                0x08009f58      0x232 ./Drivers/STM32F1xx_HAL_Driver/Src/stm32f1xx_hal_spi.o
                0x08009f58                HAL_SPI_Receive
 .text.HAL_SPI_TransmitReceive
                0x0800a18a      0x352 ./Drivers/STM32F1xx_HAL_Driver/Src/stm32f1xx_hal_spi.o
                0x0800a18a                HAL_SPI_TransmitReceive
 .text.SPI_WaitFlagStateUntilTimeout
                0x0800a4dc      0x110 ./Drivers/STM32F1xx_HAL_Driver/Src/stm32f1xx_hal_spi.o
 .text.SPI_EndRxTransaction
                0x0800a5ec       0xa4 ./Drivers/STM32F1xx_HAL_Driver/Src/stm32f1xx_hal_spi.o
 .text.SPI_EndRxTxTransaction
                0x0800a690       0x62 ./Drivers/STM32F1xx_HAL_Driver/Src/stm32f1xx_hal_spi.o
 .text.ModbusCommon_Init
                0x0800a6f2        0xc ./modbus_rtu/modbus_common.o
                0x0800a6f2                ModbusCommon_Init
 *fill*         0x0800a6fe        0x2 
 .text.MsgHandle_Active
                0x0800a700       0x18 ./modbus_rtu/modbus_msg_handle.o
 .text.SlaverSerial_MessageReadHoldingHandle
                0x0800a718       0x12 ./modbus_rtu/modbus_msg_handle.o
 *fill*         0x0800a72a        0x2 
 .text.SlaveSerial_WriteSigleCoil
                0x0800a72c       0x38 ./modbus_rtu/modbus_msg_handle.o
 .text.SlaverSerial_MessageReadInputHandle
                0x0800a764       0x38 ./modbus_rtu/modbus_msg_handle.o
 .text.SlaverSerial_MessagePresetMutilHandle
                0x0800a79c       0x8c ./modbus_rtu/modbus_msg_handle.o
 .text.SlaverSerial_MessageHandle
                0x0800a828       0x80 ./modbus_rtu/modbus_msg_handle.o
                0x0800a828                SlaverSerial_MessageHandle
 .text.SlaverSerial_Update
                0x0800a8a8       0x22 ./modbus_rtu/modbus_msg_handle.o
                0x0800a8a8                SlaverSerial_Update
 *fill*         0x0800a8ca        0x2 
 .text.PacketComp_Init
                0x0800a8cc       0x4c ./modbus_rtu/modbus_slaver_comp.o
                0x0800a8cc                PacketComp_Init
 .text.ModbusSlaverComp_Init
                0x0800a918        0xc ./modbus_rtu/modbus_slaver_comp.o
                0x0800a918                ModbusSlaverComp_Init
 .text.__NVIC_EnableIRQ
                0x0800a924       0x38 ./modbus_rtu/uart_drive.o
 .text.CRC16_CCITT_FALSE
                0x0800a95c       0x82 ./modbus_rtu/uart_drive.o
                0x0800a95c                CRC16_CCITT_FALSE
 *fill*         0x0800a9de        0x2 
 .text.USART3_IRQHandler
                0x0800a9e0       0x90 ./modbus_rtu/uart_drive.o
                0x0800a9e0                USART3_IRQHandler
 .text.Uart_Init
                0x0800aa70       0x9c ./modbus_rtu/uart_drive.o
                0x0800aa70                Uart_Init
 .text.UART_WaitOnFlagUntilTimeout
                0x0800ab0c       0x58 ./modbus_rtu/uart_drive.o
                0x0800ab0c                UART_WaitOnFlagUntilTimeout
 .text.HAL_USART_TxMsg
                0x0800ab64       0xa8 ./modbus_rtu/uart_drive.o
                0x0800ab64                HAL_USART_TxMsg
 .text.itoacode
                0x0800ac0c       0xfe ./modbus_rtu/uart_drive.o
                0x0800ac0c                itoacode
 *fill*         0x0800ad0a        0x2 
 .text.Task_uart
                0x0800ad0c      0x168 ./modbus_rtu/uart_drive.o
                0x0800ad0c                Task_uart
 .text.PutTimeRtc
                0x0800ae74      0x1d4 ./modbus_rtu/uart_drive.o
                0x0800ae74                PutTimeRtc
 .text.UartCheckEndOffFrame
                0x0800b048       0xfc ./modbus_rtu/uart_drive.o
                0x0800b048                UartCheckEndOffFrame
 .text.memset   0x0800b144       0x10 C:/ST/STM32CubeIDE_1.16.0/STM32CubeIDE/plugins/com.st.stm32cube.ide.mcu.externaltools.gnu-tools-for-stm32.12.3.rel1.win32_1.0.200.202406191623/tools/bin/../lib/gcc/arm-none-eabi/12.3.1/../../../../arm-none-eabi/lib/thumb/v7-m/nofp\libc_nano.a(libc_a-memset.o)
                0x0800b144                memset
 .text.__libc_init_array
                0x0800b154       0x48 C:/ST/STM32CubeIDE_1.16.0/STM32CubeIDE/plugins/com.st.stm32cube.ide.mcu.externaltools.gnu-tools-for-stm32.12.3.rel1.win32_1.0.200.202406191623/tools/bin/../lib/gcc/arm-none-eabi/12.3.1/../../../../arm-none-eabi/lib/thumb/v7-m/nofp\libc_nano.a(libc_a-init.o)
                0x0800b154                __libc_init_array
 *(.glue_7)
 .glue_7        0x0800b19c        0x0 linker stubs
 *(.glue_7t)
 .glue_7t       0x0800b19c        0x0 linker stubs
 *(.eh_frame)
 .eh_frame      0x0800b19c        0x0 C:/ST/STM32CubeIDE_1.16.0/STM32CubeIDE/plugins/com.st.stm32cube.ide.mcu.externaltools.gnu-tools-for-stm32.12.3.rel1.win32_1.0.200.202406191623/tools/bin/../lib/gcc/arm-none-eabi/12.3.1/thumb/v7-m/nofp/crtbegin.o
 *(.init)
 .init          0x0800b19c        0x4 C:/ST/STM32CubeIDE_1.16.0/STM32CubeIDE/plugins/com.st.stm32cube.ide.mcu.externaltools.gnu-tools-for-stm32.12.3.rel1.win32_1.0.200.202406191623/tools/bin/../lib/gcc/arm-none-eabi/12.3.1/thumb/v7-m/nofp/crti.o
                0x0800b19c                _init
 .init          0x0800b1a0        0x8 C:/ST/STM32CubeIDE_1.16.0/STM32CubeIDE/plugins/com.st.stm32cube.ide.mcu.externaltools.gnu-tools-for-stm32.12.3.rel1.win32_1.0.200.202406191623/tools/bin/../lib/gcc/arm-none-eabi/12.3.1/thumb/v7-m/nofp/crtn.o
 *(.fini)
 .fini          0x0800b1a8        0x4 C:/ST/STM32CubeIDE_1.16.0/STM32CubeIDE/plugins/com.st.stm32cube.ide.mcu.externaltools.gnu-tools-for-stm32.12.3.rel1.win32_1.0.200.202406191623/tools/bin/../lib/gcc/arm-none-eabi/12.3.1/thumb/v7-m/nofp/crti.o
                0x0800b1a8                _fini
 .fini          0x0800b1ac        0x8 C:/ST/STM32CubeIDE_1.16.0/STM32CubeIDE/plugins/com.st.stm32cube.ide.mcu.externaltools.gnu-tools-for-stm32.12.3.rel1.win32_1.0.200.202406191623/tools/bin/../lib/gcc/arm-none-eabi/12.3.1/thumb/v7-m/nofp/crtn.o
                0x0800b1b4                        . = ALIGN (0x4)
                0x0800b1b4                        _etext = .

.vfp11_veneer   0x0800b1b4        0x0
 .vfp11_veneer  0x0800b1b4        0x0 linker stubs

.v4_bx          0x0800b1b4        0x0
 .v4_bx         0x0800b1b4        0x0 linker stubs

.iplt           0x0800b1b4        0x0
 .iplt          0x0800b1b4        0x0 C:/ST/STM32CubeIDE_1.16.0/STM32CubeIDE/plugins/com.st.stm32cube.ide.mcu.externaltools.gnu-tools-for-stm32.12.3.rel1.win32_1.0.200.202406191623/tools/bin/../lib/gcc/arm-none-eabi/12.3.1/thumb/v7-m/nofp/crtbegin.o

.rodata         0x0800b1b4       0xa4
                0x0800b1b4                        . = ALIGN (0x4)
 *(.rodata)
 .rodata        0x0800b1b4       0x38 ./Core/Inc/drive_spi.o
 .rodata        0x0800b1ec        0x3 ./modbus_rtu/uart_drive.o
 *(.rodata*)
 *fill*         0x0800b1ef        0x1 
 .rodata.CanRxId0
                0x0800b1f0       0x3c ./Core/Src/can_par.o
                0x0800b1f0                CanRxId0
 .rodata.AHBPrescTable
                0x0800b22c       0x10 ./Core/Src/system_stm32f1xx.o
                0x0800b22c                AHBPrescTable
 .rodata.APBPrescTable
                0x0800b23c        0x8 ./Core/Src/system_stm32f1xx.o
                0x0800b23c                APBPrescTable
 .rodata.aPLLMULFactorTable.1
                0x0800b244       0x10 ./Drivers/STM32F1xx_HAL_Driver/Src/stm32f1xx_hal_rcc.o
 .rodata.aPredivFactorTable.0
                0x0800b254        0x2 ./Drivers/STM32F1xx_HAL_Driver/Src/stm32f1xx_hal_rcc.o
                0x0800b258                        . = ALIGN (0x4)
 *fill*         0x0800b256        0x2 

.ARM.extab      0x0800b258        0x0
                0x0800b258                        . = ALIGN (0x4)
 *(.ARM.extab* .gnu.linkonce.armextab.*)
                0x0800b258                        . = ALIGN (0x4)

.ARM            0x0800b258        0x0
                0x0800b258                        . = ALIGN (0x4)
                0x0800b258                        __exidx_start = .
 *(.ARM.exidx*)
                0x0800b258                        __exidx_end = .
                0x0800b258                        . = ALIGN (0x4)

.preinit_array  0x0800b258        0x0
                0x0800b258                        . = ALIGN (0x4)
                0x0800b258                        PROVIDE (__preinit_array_start = .)
 *(.preinit_array*)
                0x0800b258                        PROVIDE (__preinit_array_end = .)
                0x0800b258                        . = ALIGN (0x4)

.init_array     0x0800b258        0x4
                0x0800b258                        . = ALIGN (0x4)
                0x0800b258                        PROVIDE (__init_array_start = .)
 *(SORT_BY_NAME(.init_array.*))
 *(.init_array*)
 .init_array    0x0800b258        0x4 C:/ST/STM32CubeIDE_1.16.0/STM32CubeIDE/plugins/com.st.stm32cube.ide.mcu.externaltools.gnu-tools-for-stm32.12.3.rel1.win32_1.0.200.202406191623/tools/bin/../lib/gcc/arm-none-eabi/12.3.1/thumb/v7-m/nofp/crtbegin.o
                0x0800b25c                        PROVIDE (__init_array_end = .)
                0x0800b25c                        . = ALIGN (0x4)

.fini_array     0x0800b25c        0x4
                0x0800b25c                        . = ALIGN (0x4)
                [!provide]                        PROVIDE (__fini_array_start = .)
 *(SORT_BY_NAME(.fini_array.*))
 *(.fini_array*)
 .fini_array    0x0800b25c        0x4 C:/ST/STM32CubeIDE_1.16.0/STM32CubeIDE/plugins/com.st.stm32cube.ide.mcu.externaltools.gnu-tools-for-stm32.12.3.rel1.win32_1.0.200.202406191623/tools/bin/../lib/gcc/arm-none-eabi/12.3.1/thumb/v7-m/nofp/crtbegin.o
                [!provide]                        PROVIDE (__fini_array_end = .)
                0x0800b260                        . = ALIGN (0x4)
                0x0800b260                        _sidata = LOADADDR (.data)

.rel.dyn        0x0800b260        0x0
 .rel.iplt      0x0800b260        0x0 C:/ST/STM32CubeIDE_1.16.0/STM32CubeIDE/plugins/com.st.stm32cube.ide.mcu.externaltools.gnu-tools-for-stm32.12.3.rel1.win32_1.0.200.202406191623/tools/bin/../lib/gcc/arm-none-eabi/12.3.1/thumb/v7-m/nofp/crtbegin.o

.data           0x20001000      0x8f8 load address 0x0800b260
                0x20001000                        . = ALIGN (0x4)
                0x20001000                        _sdata = .
 *(.data)
 *(.data*)
 .data.object_message
                0x20001000      0x5dc ./CAN_BSW/can_drive.o
                0x20001000                object_message
 .data.page.1   0x200015dc        0x1 ./CAN_BSW/can_drive.o
 *fill*         0x200015dd        0x3 
 .data.g_descSidMap
                0x200015e0       0x46 ./CAN_GEN/desc.o
 *fill*         0x20001626        0x2 
 .data.g_descSvcHead
                0x20001628       0x98 ./CAN_GEN/desc.o
 .data.g_descSvcInstHeadExt
                0x200016c0       0x16 ./CAN_GEN/desc.o
 *fill*         0x200016d6        0x2 
 .data.g_descSvcInst
                0x200016d8      0x1d0 ./CAN_GEN/desc.o
 .data.SystemCoreClock
                0x200018a8        0x4 ./Core/Src/system_stm32f1xx.o
                0x200018a8                SystemCoreClock
 .data.WIZCHIP  0x200018ac       0x2c ./Core/Src/wizchip_conf.o
                0x200018ac                WIZCHIP
 .data.uwTickPrio
                0x200018d8        0x4 ./Drivers/STM32F1xx_HAL_Driver/Src/stm32f1xx_hal.o
                0x200018d8                uwTickPrio
 .data.uwTickFreq
                0x200018dc        0x1 ./Drivers/STM32F1xx_HAL_Driver/Src/stm32f1xx_hal.o
                0x200018dc                uwTickFreq
 *fill*         0x200018dd        0x3 
 .data.MobusDataPtr
                0x200018e0        0x8 ./modbus_rtu/modbus_slaver_base.o
                0x200018e0                MobusDataPtr
 .data.MobusDataCoilPtr
                0x200018e8        0x8 ./modbus_rtu/modbus_slaver_base.o
                0x200018e8                MobusDataCoilPtr
 .data.UartPtr  0x200018f0        0x4 ./modbus_rtu/uart_drive.o
                0x200018f0                UartPtr
 .data.count_uart.0
                0x200018f4        0x4 ./modbus_rtu/uart_drive.o
 *(.RamFunc)
 *(.RamFunc*)
                0x200018f8                        . = ALIGN (0x4)
                0x200018f8                        _edata = .

.igot.plt       0x200018f8        0x0 load address 0x0800bb58
 .igot.plt      0x200018f8        0x0 C:/ST/STM32CubeIDE_1.16.0/STM32CubeIDE/plugins/com.st.stm32cube.ide.mcu.externaltools.gnu-tools-for-stm32.12.3.rel1.win32_1.0.200.202406191623/tools/bin/../lib/gcc/arm-none-eabi/12.3.1/thumb/v7-m/nofp/crtbegin.o
                0x200018f8                        . = ALIGN (0x4)

.bss            0x200018f8     0x1974 load address 0x0800bb58
                0x200018f8                        _sbss = .
                0x200018f8                        __bss_start__ = _sbss
 *(.bss)
 .bss           0x200018f8       0x1c C:/ST/STM32CubeIDE_1.16.0/STM32CubeIDE/plugins/com.st.stm32cube.ide.mcu.externaltools.gnu-tools-for-stm32.12.3.rel1.win32_1.0.200.202406191623/tools/bin/../lib/gcc/arm-none-eabi/12.3.1/thumb/v7-m/nofp/crtbegin.o
 *(.bss*)
 .bss.TxHeader  0x20001914       0x18 ./CAN_BSW/can_drive.o
                0x20001914                TxHeader
 .bss.KeyData   0x2000192c        0x4 ./CAN_BSW/can_drive.o
                0x2000192c                KeyData
 .bss.rxHeader  0x20001930       0x1c ./CAN_BSW/can_drive.o
                0x20001930                rxHeader
 .bss.datarx    0x2000194c        0x8 ./CAN_BSW/can_drive.o
                0x2000194c                datarx
 .bss.cout_CAN_ir
                0x20001954        0x4 ./CAN_BSW/can_drive.o
                0x20001954                cout_CAN_ir
 .bss.Transfer_Mode
                0x20001958        0x1 ./CAN_BSW/can_drive.o
                0x20001958                Transfer_Mode
 .bss.CAN_Rx_Complete_Flag
                0x20001959        0x1 ./CAN_BSW/can_drive.o
                0x20001959                CAN_Rx_Complete_Flag
 *fill*         0x2000195a        0x2 
 .bss.TxMailbox
                0x2000195c        0x4 ./CAN_BSW/can_drive.o
                0x2000195c                TxMailbox
 .bss.DataCanTx
                0x20001960        0x8 ./CAN_BSW/can_drive.o
                0x20001960                DataCanTx
 .bss.canfilterconfig
                0x20001968       0x28 ./CAN_BSW/can_drive.o
                0x20001968                canfilterconfig
 .bss.CanReceiveUart
                0x20001990        0x4 ./CAN_BSW/can_drive.o
                0x20001990                CanReceiveUart
 .bss.dataCanReceivefromUART
                0x20001994       0x10 ./CAN_BSW/can_drive.o
                0x20001994                dataCanReceivefromUART
 .bss.dataCanReceivefromCAN
                0x200019a4       0x10 ./CAN_BSW/can_drive.o
                0x200019a4                dataCanReceivefromCAN
 .bss.dataFifoReceivefromCAN
                0x200019b4      0xfc4 ./CAN_BSW/can_drive.o
                0x200019b4                dataFifoReceivefromCAN
 .bss.cnt.0     0x20002978        0x1 ./CAN_BSW/can_drive.o
 *fill*         0x20002979        0x3 
 .bss.g_descT2Timer
                0x2000297c        0x2 ./CAN_GEN/desc.o
 *fill*         0x2000297e        0x2 
 .bss.g_descBuffer
                0x20002980      0x100 ./CAN_GEN/desc.o
 .bss.g_descUsdtNetInfoPoolIsoTp
                0x20002a80       0x14 ./CAN_GEN/desc.o
 .bss.g_descContextCtrl
                0x20002a94        0x2 ./CAN_GEN/desc.o
 *fill*         0x20002a96        0x2 
 .bss.g_descInterruptContextCtrl
                0x20002a98        0x8 ./CAN_GEN/desc.o
 .bss.g_descMsgContext
                0x20002aa0       0x14 ./CAN_GEN/desc.o
 .bss.g_descCurReqSvc
                0x20002ab4        0x1 ./CAN_GEN/desc.o
 *fill*         0x20002ab5        0x3 
 .bss.g_descCurReqSvcInst
                0x20002ab8        0x1 ./CAN_GEN/desc.o
 *fill*         0x20002ab9        0x3 
 .bss.g_descNegResCode
                0x20002abc        0x1 ./CAN_GEN/desc.o
 .bss.g_descIsKeyAwaited
                0x20002abd        0x1 ./CAN_GEN/desc.o
 *fill*         0x20002abe        0x2 
 .bss.g_descRcrrpBuffer
                0x20002ac0        0x3 ./CAN_GEN/desc.o
 *fill*         0x20002ac3        0x1 
 .bss.g_descCurState
                0x20002ac4        0x4 ./CAN_GEN/desc.o
 .bss.ENG_COND  0x20002ac8        0x1 ./CAN_GEN/drv_para.o
                0x20002ac8                ENG_COND
 *fill*         0x20002ac9        0x3 
 .bss.LED_UV    0x20002acc        0x1 ./Core/Src/can_par.o
                0x20002acc                LED_UV
 .bss.L_lED_Inteerupt
                0x20002acd        0x1 ./Core/Src/drive_gpio.o
                0x20002acd                L_lED_Inteerupt
 *fill*         0x20002ace        0x2 
 .bss.TID_Timer
                0x20002ad0       0x40 ./Core/Src/drive_time.o
                0x20002ad0                TID_Timer
 .bss._tGloabal_milis
                0x20002b10        0x4 ./Core/Src/drive_time.o
 .bss.timetick_100ms
                0x20002b14        0x1 ./Core/Src/drive_time.o
 .bss.giay60    0x20002b15        0x1 ./Core/Src/drive_time.o
 .bss.update_status
                0x20002b16        0x1 ./Core/Src/drive_time.o
                0x20002b16                update_status
 *fill*         0x20002b17        0x1 
 .bss.timedelayall
                0x20002b18        0xc ./Core/Src/drive_time.o
                0x20002b18                timedelayall
 .bss.timer.4   0x20002b24        0x1 ./Core/Src/drive_time.o
 .bss.timer_mobus.3
                0x20002b25        0x1 ./Core/Src/drive_time.o
 .bss.vcan_cout.2
                0x20002b26        0x1 ./Core/Src/drive_time.o
 .bss.time100ms.1
                0x20002b27        0x1 ./Core/Src/drive_time.o
 .bss.giay.0    0x20002b28        0x1 ./Core/Src/drive_time.o
 *fill*         0x20002b29        0x3 
 .bss.data_rtc  0x20002b2c       0x12 ./Core/Src/i2c_drive.o
                0x20002b2c                data_rtc
 *fill*         0x20002b3e        0x2 
 .bss.ControlCoil
                0x20002b40       0x10 ./Core/Src/i2c_drive.o
 .bss.lastModbusTime
                0x20002b50       0x10 ./Core/Src/i2c_drive.o
                0x20002b50                lastModbusTime
 .bss.hadc1     0x20002b60       0x30 ./Core/Src/main.o
                0x20002b60                hadc1
 .bss.hcan      0x20002b90       0x28 ./Core/Src/main.o
                0x20002b90                hcan
 .bss.hi2c1     0x20002bb8       0x54 ./Core/Src/main.o
                0x20002bb8                hi2c1
 .bss.hiwdg     0x20002c0c        0xc ./Core/Src/main.o
                0x20002c0c                hiwdg
 .bss.hspi2     0x20002c18       0x58 ./Core/Src/main.o
                0x20002c18                hspi2
 .bss.version   0x20002c70        0x2 ./Core/Src/main.o
 *fill*         0x20002c72        0x2 
 .bss.Msg_CAN_RX
                0x20002c74       0x10 ./Core/Src/mgr_com.o
                0x20002c74                Msg_CAN_RX
 .bss.download_type
                0x20002c84        0x1 ./Core/Src/mgr_com.o
                0x20002c84                download_type
 .bss.LED_STATUS_UPDOWNLOAD
                0x20002c85        0x1 ./Core/Src/mgr_com.o
                0x20002c85                LED_STATUS_UPDOWNLOAD
 .bss.step_update
                0x20002c86        0x1 ./Core/Src/mgr_com.o
                0x20002c86                step_update
 *fill*         0x20002c87        0x1 
 .bss.Pages_Written
                0x20002c88        0x4 ./Core/Src/mgr_com.o
                0x20002c88                Pages_Written
 .bss.DataCanMsg
                0x20002c8c       0x10 ./Core/Src/mgr_com.o
                0x20002c8c                DataCanMsg
 .bss.unlock_key.1
                0x20002c9c        0x1 ./Core/Src/mgr_com.o
 *fill*         0x20002c9d        0x1 
 .bss.last_addr_cnt.0
                0x20002c9e        0x2 ./Core/Src/mgr_com.o
 .bss.uwTick    0x20002ca0        0x4 ./Drivers/STM32F1xx_HAL_Driver/Src/stm32f1xx_hal.o
                0x20002ca0                uwTick
 *fill*         0x20002ca4        0x4 
 .bss.pFlash    0x20002ca8       0x20 ./Drivers/STM32F1xx_HAL_Driver/Src/stm32f1xx_hal_flash.o
                0x20002ca8                pFlash
 .bss.isModbusConnected
                0x20002cc8        0x1 ./modbus_rtu/modbus_msg_handle.o
 *fill*         0x20002cc9        0x3 
 .bss.holdingReg
                0x20002ccc      0x258 ./modbus_rtu/modbus_slaver_base.o
 .bss.inputReg  0x20002f24      0x190 ./modbus_rtu/modbus_slaver_base.o
 .bss.coils     0x200030b4       0x10 ./modbus_rtu/modbus_slaver_base.o
 .bss.modbusCompHavedata
                0x200030c4        0x1 ./modbus_rtu/modbus_slaver_comp.o
                0x200030c4                modbusCompHavedata
 *fill*         0x200030c5        0x3 
 .bss.buf_send_m_comp
                0x200030c8       0x64 ./modbus_rtu/modbus_slaver_comp.o
                0x200030c8                buf_send_m_comp
 .bss.packet_comp
                0x2000312c       0x20 ./modbus_rtu/modbus_slaver_comp.o
                0x2000312c                packet_comp
 .bss.rx_data   0x2000314c      0x102 ./modbus_rtu/uart_drive.o
                0x2000314c                rx_data
 *fill*         0x2000324e        0x2 
 .bss.uartUpdate
                0x20003250        0x8 ./modbus_rtu/uart_drive.o
                0x20003250                uartUpdate
 .bss.uartStatus
                0x20003258        0x5 ./modbus_rtu/uart_drive.o
                0x20003258                uartStatus
 .bss.rx_data_interrupt
                0x2000325d        0x1 ./modbus_rtu/uart_drive.o
                0x2000325d                rx_data_interrupt
 .bss.cout_receive
                0x2000325e        0x2 ./modbus_rtu/uart_drive.o
                0x2000325e                cout_receive
 .bss.data      0x20003260        0x6 ./modbus_rtu/uart_drive.o
                0x20003260                data
 *fill*         0x20003266        0x2 
 .bss.crc_check
                0x20003268        0x2 ./modbus_rtu/uart_drive.o
                0x20003268                crc_check
 .bss.status_Tx
                0x2000326a        0x1 ./modbus_rtu/uart_drive.o
 *(COMMON)
                0x2000326c                        . = ALIGN (0x4)
 *fill*         0x2000326b        0x1 
                0x2000326c                        _ebss = .
                0x2000326c                        __bss_end__ = _ebss

._user_heap_stack
                0x2000326c      0x604 load address 0x0800bb58
                0x20003270                        . = ALIGN (0x8)
 *fill*         0x2000326c        0x4 
                [!provide]                        PROVIDE (end = .)
                0x20003270                        PROVIDE (_end = .)
                0x20003470                        . = (. + _Min_Heap_Size)
 *fill*         0x20003270      0x200 
                0x20003870                        . = (. + _Min_Stack_Size)
 *fill*         0x20003470      0x400 
                0x20003870                        . = ALIGN (0x8)

/DISCARD/
 libc.a(*)
 libm.a(*)
 libgcc.a(*)

.ARM.attributes
                0x00000000       0x29
 *(.ARM.attributes)
 .ARM.attributes
                0x00000000       0x1d C:/ST/STM32CubeIDE_1.16.0/STM32CubeIDE/plugins/com.st.stm32cube.ide.mcu.externaltools.gnu-tools-for-stm32.12.3.rel1.win32_1.0.200.202406191623/tools/bin/../lib/gcc/arm-none-eabi/12.3.1/thumb/v7-m/nofp/crti.o
 .ARM.attributes
                0x0000001d       0x2d C:/ST/STM32CubeIDE_1.16.0/STM32CubeIDE/plugins/com.st.stm32cube.ide.mcu.externaltools.gnu-tools-for-stm32.12.3.rel1.win32_1.0.200.202406191623/tools/bin/../lib/gcc/arm-none-eabi/12.3.1/thumb/v7-m/nofp/crtbegin.o
 .ARM.attributes
                0x0000004a       0x2d ./CAN_BSW/can_drive.o
 .ARM.attributes
                0x00000077       0x2d ./CAN_GEN/appdesc.o
 .ARM.attributes
                0x000000a4       0x2d ./CAN_GEN/desc.o
 .ARM.attributes
                0x000000d1       0x2d ./CAN_GEN/drv_para.o
 .ARM.attributes
                0x000000fe       0x2d ./Core/Inc/drive_spi.o
 .ARM.attributes
                0x0000012b       0x2d ./Core/Src/can_par.o
 .ARM.attributes
                0x00000158       0x2d ./Core/Src/drive_gpio.o
 .ARM.attributes
                0x00000185       0x2d ./Core/Src/drive_time.o
 .ARM.attributes
                0x000001b2       0x2d ./Core/Src/i2c_drive.o
 .ARM.attributes
                0x000001df       0x2d ./Core/Src/il_para.o
 .ARM.attributes
                0x0000020c       0x2d ./Core/Src/main.o
 .ARM.attributes
                0x00000239       0x2d ./Core/Src/mgr_com.o
 .ARM.attributes
                0x00000266       0x2d ./Core/Src/stm32f1xx_hal_msp.o
 .ARM.attributes
                0x00000293       0x2d ./Core/Src/stm32f1xx_it.o
 .ARM.attributes
                0x000002c0       0x2d ./Core/Src/system_stm32f1xx.o
 .ARM.attributes
                0x000002ed       0x2d ./Core/Src/version.o
 .ARM.attributes
                0x0000031a       0x2d ./Core/Src/w5500.o
 .ARM.attributes
                0x00000347       0x2d ./Core/Src/wizchip_conf.o
 .ARM.attributes
                0x00000374       0x21 ./Core/Startup/startup_stm32f103c8tx.o
 .ARM.attributes
                0x00000395       0x2d ./Drivers/STM32F1xx_HAL_Driver/Src/stm32f1xx_hal.o
 .ARM.attributes
                0x000003c2       0x2d ./Drivers/STM32F1xx_HAL_Driver/Src/stm32f1xx_hal_adc.o
 .ARM.attributes
                0x000003ef       0x2d ./Drivers/STM32F1xx_HAL_Driver/Src/stm32f1xx_hal_adc_ex.o
 .ARM.attributes
                0x0000041c       0x2d ./Drivers/STM32F1xx_HAL_Driver/Src/stm32f1xx_hal_can.o
 .ARM.attributes
                0x00000449       0x2d ./Drivers/STM32F1xx_HAL_Driver/Src/stm32f1xx_hal_cortex.o
 .ARM.attributes
                0x00000476       0x2d ./Drivers/STM32F1xx_HAL_Driver/Src/stm32f1xx_hal_flash.o
 .ARM.attributes
                0x000004a3       0x2d ./Drivers/STM32F1xx_HAL_Driver/Src/stm32f1xx_hal_gpio.o
 .ARM.attributes
                0x000004d0       0x2d ./Drivers/STM32F1xx_HAL_Driver/Src/stm32f1xx_hal_i2c.o
 .ARM.attributes
                0x000004fd       0x2d ./Drivers/STM32F1xx_HAL_Driver/Src/stm32f1xx_hal_iwdg.o
 .ARM.attributes
                0x0000052a       0x2d ./Drivers/STM32F1xx_HAL_Driver/Src/stm32f1xx_hal_rcc.o
 .ARM.attributes
                0x00000557       0x2d ./Drivers/STM32F1xx_HAL_Driver/Src/stm32f1xx_hal_rcc_ex.o
 .ARM.attributes
                0x00000584       0x2d ./Drivers/STM32F1xx_HAL_Driver/Src/stm32f1xx_hal_spi.o
 .ARM.attributes
                0x000005b1       0x2d ./modbus_rtu/modbus_common.o
 .ARM.attributes
                0x000005de       0x2d ./modbus_rtu/modbus_msg_handle.o
 .ARM.attributes
                0x0000060b       0x2d ./modbus_rtu/modbus_slaver_base.o
 .ARM.attributes
                0x00000638       0x2d ./modbus_rtu/modbus_slaver_comp.o
 .ARM.attributes
                0x00000665       0x2d ./modbus_rtu/uart_drive.o
 .ARM.attributes
                0x00000692       0x2d C:/ST/STM32CubeIDE_1.16.0/STM32CubeIDE/plugins/com.st.stm32cube.ide.mcu.externaltools.gnu-tools-for-stm32.12.3.rel1.win32_1.0.200.202406191623/tools/bin/../lib/gcc/arm-none-eabi/12.3.1/../../../../arm-none-eabi/lib/thumb/v7-m/nofp\libc_nano.a(libc_a-memset.o)
 .ARM.attributes
                0x000006bf       0x2d C:/ST/STM32CubeIDE_1.16.0/STM32CubeIDE/plugins/com.st.stm32cube.ide.mcu.externaltools.gnu-tools-for-stm32.12.3.rel1.win32_1.0.200.202406191623/tools/bin/../lib/gcc/arm-none-eabi/12.3.1/../../../../arm-none-eabi/lib/thumb/v7-m/nofp\libc_nano.a(libc_a-init.o)
 .ARM.attributes
                0x000006ec       0x1d C:/ST/STM32CubeIDE_1.16.0/STM32CubeIDE/plugins/com.st.stm32cube.ide.mcu.externaltools.gnu-tools-for-stm32.12.3.rel1.win32_1.0.200.202406191623/tools/bin/../lib/gcc/arm-none-eabi/12.3.1/thumb/v7-m/nofp/crtn.o

.version_data   0x0800ffc0        0x4
                0x0800ffc0                        . = ALIGN (0x4)
 *(.version_data)
 .version_data  0x0800ffc0        0x4 ./Core/Src/version.o
                0x0800ffc0                version_data
                0x0800ffc4                        . = ALIGN (0x4)
OUTPUT(stm32f103c8t6_hung.elf elf32-littlearm)
LOAD linker stubs
LOAD C:/ST/STM32CubeIDE_1.16.0/STM32CubeIDE/plugins/com.st.stm32cube.ide.mcu.externaltools.gnu-tools-for-stm32.12.3.rel1.win32_1.0.200.202406191623/tools/bin/../lib/gcc/arm-none-eabi/12.3.1/../../../../arm-none-eabi/lib/thumb/v7-m/nofp\libc.a
LOAD C:/ST/STM32CubeIDE_1.16.0/STM32CubeIDE/plugins/com.st.stm32cube.ide.mcu.externaltools.gnu-tools-for-stm32.12.3.rel1.win32_1.0.200.202406191623/tools/bin/../lib/gcc/arm-none-eabi/12.3.1/../../../../arm-none-eabi/lib/thumb/v7-m/nofp\libm.a
LOAD C:/ST/STM32CubeIDE_1.16.0/STM32CubeIDE/plugins/com.st.stm32cube.ide.mcu.externaltools.gnu-tools-for-stm32.12.3.rel1.win32_1.0.200.202406191623/tools/bin/../lib/gcc/arm-none-eabi/12.3.1/thumb/v7-m/nofp\libgcc.a

.debug_info     0x00000000    0x1400b
 .debug_info    0x00000000      0xcd9 ./CAN_BSW/can_drive.o
 .debug_info    0x00000cd9      0x493 ./CAN_GEN/appdesc.o
 .debug_info    0x0000116c      0xe6f ./CAN_GEN/desc.o
 .debug_info    0x00001fdb      0x2f3 ./CAN_GEN/drv_para.o
 .debug_info    0x000022ce      0x563 ./Core/Inc/drive_spi.o
 .debug_info    0x00002831      0x596 ./Core/Src/can_par.o
 .debug_info    0x00002dc7      0x27d ./Core/Src/drive_gpio.o
 .debug_info    0x00003044      0x7ea ./Core/Src/drive_time.o
 .debug_info    0x0000382e      0xf92 ./Core/Src/i2c_drive.o
 .debug_info    0x000047c0      0x1a9 ./Core/Src/il_para.o
 .debug_info    0x00004969     0x1618 ./Core/Src/main.o
 .debug_info    0x00005f81      0x585 ./Core/Src/mgr_com.o
 .debug_info    0x00006506     0x13ac ./Core/Src/stm32f1xx_hal_msp.o
 .debug_info    0x000078b2      0x57b ./Core/Src/stm32f1xx_it.o
 .debug_info    0x00007e2d      0x21e ./Core/Src/system_stm32f1xx.o
 .debug_info    0x0000804b       0xad ./Core/Src/version.o
 .debug_info    0x000080f8      0x4e0 ./Core/Src/w5500.o
 .debug_info    0x000085d8     0x12fa ./Core/Src/wizchip_conf.o
 .debug_info    0x000098d2       0x30 ./Core/Startup/startup_stm32f103c8tx.o
 .debug_info    0x00009902      0x700 ./Drivers/STM32F1xx_HAL_Driver/Src/stm32f1xx_hal.o
 .debug_info    0x0000a002      0xc4c ./Drivers/STM32F1xx_HAL_Driver/Src/stm32f1xx_hal_adc.o
 .debug_info    0x0000ac4e      0xa0c ./Drivers/STM32F1xx_HAL_Driver/Src/stm32f1xx_hal_adc_ex.o
 .debug_info    0x0000b65a      0xf0f ./Drivers/STM32F1xx_HAL_Driver/Src/stm32f1xx_hal_can.o
 .debug_info    0x0000c569      0xa83 ./Drivers/STM32F1xx_HAL_Driver/Src/stm32f1xx_hal_cortex.o
 .debug_info    0x0000cfec      0x4f4 ./Drivers/STM32F1xx_HAL_Driver/Src/stm32f1xx_hal_flash.o
 .debug_info    0x0000d4e0      0x5a7 ./Drivers/STM32F1xx_HAL_Driver/Src/stm32f1xx_hal_gpio.o
 .debug_info    0x0000da87     0x2520 ./Drivers/STM32F1xx_HAL_Driver/Src/stm32f1xx_hal_i2c.o
 .debug_info    0x0000ffa7      0x1d5 ./Drivers/STM32F1xx_HAL_Driver/Src/stm32f1xx_hal_iwdg.o
 .debug_info    0x0001017c      0x7d1 ./Drivers/STM32F1xx_HAL_Driver/Src/stm32f1xx_hal_rcc.o
 .debug_info    0x0001094d      0x3bc ./Drivers/STM32F1xx_HAL_Driver/Src/stm32f1xx_hal_rcc_ex.o
 .debug_info    0x00010d09     0x1429 ./Drivers/STM32F1xx_HAL_Driver/Src/stm32f1xx_hal_spi.o
 .debug_info    0x00012132       0xec ./modbus_rtu/modbus_common.o
 .debug_info    0x0001221e      0x44c ./modbus_rtu/modbus_msg_handle.o
 .debug_info    0x0001266a      0x99b ./modbus_rtu/modbus_slaver_base.o
 .debug_info    0x00013005      0x305 ./modbus_rtu/modbus_slaver_comp.o
 .debug_info    0x0001330a      0xd01 ./modbus_rtu/uart_drive.o

.debug_abbrev   0x00000000     0x4815
 .debug_abbrev  0x00000000      0x2f0 ./CAN_BSW/can_drive.o
 .debug_abbrev  0x000002f0      0x13c ./CAN_GEN/appdesc.o
 .debug_abbrev  0x0000042c      0x2c8 ./CAN_GEN/desc.o
 .debug_abbrev  0x000006f4       0xc6 ./CAN_GEN/drv_para.o
 .debug_abbrev  0x000007ba      0x255 ./Core/Inc/drive_spi.o
 .debug_abbrev  0x00000a0f      0x189 ./Core/Src/can_par.o
 .debug_abbrev  0x00000b98      0x159 ./Core/Src/drive_gpio.o
 .debug_abbrev  0x00000cf1      0x284 ./Core/Src/drive_time.o
 .debug_abbrev  0x00000f75      0x3a6 ./Core/Src/i2c_drive.o
 .debug_abbrev  0x0000131b      0x118 ./Core/Src/il_para.o
 .debug_abbrev  0x00001433      0x2ef ./Core/Src/main.o
 .debug_abbrev  0x00001722      0x1ff ./Core/Src/mgr_com.o
 .debug_abbrev  0x00001921      0x24d ./Core/Src/stm32f1xx_hal_msp.o
 .debug_abbrev  0x00001b6e      0x180 ./Core/Src/stm32f1xx_it.o
 .debug_abbrev  0x00001cee      0x13d ./Core/Src/system_stm32f1xx.o
 .debug_abbrev  0x00001e2b       0x67 ./Core/Src/version.o
 .debug_abbrev  0x00001e92      0x1eb ./Core/Src/w5500.o
 .debug_abbrev  0x0000207d      0x3bd ./Core/Src/wizchip_conf.o
 .debug_abbrev  0x0000243a       0x24 ./Core/Startup/startup_stm32f103c8tx.o
 .debug_abbrev  0x0000245e      0x1ff ./Drivers/STM32F1xx_HAL_Driver/Src/stm32f1xx_hal.o
 .debug_abbrev  0x0000265d      0x223 ./Drivers/STM32F1xx_HAL_Driver/Src/stm32f1xx_hal_adc.o
 .debug_abbrev  0x00002880      0x247 ./Drivers/STM32F1xx_HAL_Driver/Src/stm32f1xx_hal_adc_ex.o
 .debug_abbrev  0x00002ac7      0x21a ./Drivers/STM32F1xx_HAL_Driver/Src/stm32f1xx_hal_can.o
 .debug_abbrev  0x00002ce1      0x2f6 ./Drivers/STM32F1xx_HAL_Driver/Src/stm32f1xx_hal_cortex.o
 .debug_abbrev  0x00002fd7      0x24e ./Drivers/STM32F1xx_HAL_Driver/Src/stm32f1xx_hal_flash.o
 .debug_abbrev  0x00003225      0x1c8 ./Drivers/STM32F1xx_HAL_Driver/Src/stm32f1xx_hal_gpio.o
 .debug_abbrev  0x000033ed      0x2a1 ./Drivers/STM32F1xx_HAL_Driver/Src/stm32f1xx_hal_i2c.o
 .debug_abbrev  0x0000368e      0x12a ./Drivers/STM32F1xx_HAL_Driver/Src/stm32f1xx_hal_iwdg.o
 .debug_abbrev  0x000037b8      0x2b1 ./Drivers/STM32F1xx_HAL_Driver/Src/stm32f1xx_hal_rcc.o
 .debug_abbrev  0x00003a69      0x186 ./Drivers/STM32F1xx_HAL_Driver/Src/stm32f1xx_hal_rcc_ex.o
 .debug_abbrev  0x00003bef      0x278 ./Drivers/STM32F1xx_HAL_Driver/Src/stm32f1xx_hal_spi.o
 .debug_abbrev  0x00003e67       0xa6 ./modbus_rtu/modbus_common.o
 .debug_abbrev  0x00003f0d      0x1d2 ./modbus_rtu/modbus_msg_handle.o
 .debug_abbrev  0x000040df      0x259 ./modbus_rtu/modbus_slaver_base.o
 .debug_abbrev  0x00004338      0x18f ./modbus_rtu/modbus_slaver_comp.o
 .debug_abbrev  0x000044c7      0x34e ./modbus_rtu/uart_drive.o

.debug_aranges  0x00000000     0x14b0
 .debug_aranges
                0x00000000       0x80 ./CAN_BSW/can_drive.o
 .debug_aranges
                0x00000080       0xb0 ./CAN_GEN/appdesc.o
 .debug_aranges
                0x00000130      0x100 ./CAN_GEN/desc.o
 .debug_aranges
                0x00000230       0x18 ./CAN_GEN/drv_para.o
 .debug_aranges
                0x00000248       0x88 ./Core/Inc/drive_spi.o
 .debug_aranges
                0x000002d0       0x28 ./Core/Src/can_par.o
 .debug_aranges
                0x000002f8       0x28 ./Core/Src/drive_gpio.o
 .debug_aranges
                0x00000320       0x80 ./Core/Src/drive_time.o
 .debug_aranges
                0x000003a0       0xe0 ./Core/Src/i2c_drive.o
 .debug_aranges
                0x00000480       0x30 ./Core/Src/il_para.o
 .debug_aranges
                0x000004b0       0x60 ./Core/Src/main.o
 .debug_aranges
                0x00000510       0x30 ./Core/Src/mgr_com.o
 .debug_aranges
                0x00000540       0x60 ./Core/Src/stm32f1xx_hal_msp.o
 .debug_aranges
                0x000005a0       0x68 ./Core/Src/stm32f1xx_it.o
 .debug_aranges
                0x00000608       0x28 ./Core/Src/system_stm32f1xx.o
 .debug_aranges
                0x00000630       0x18 ./Core/Src/version.o
 .debug_aranges
                0x00000648       0x60 ./Core/Src/w5500.o
 .debug_aranges
                0x000006a8      0x140 ./Core/Src/wizchip_conf.o
 .debug_aranges
                0x000007e8       0x28 ./Core/Startup/startup_stm32f103c8tx.o
 .debug_aranges
                0x00000810       0xe0 ./Drivers/STM32F1xx_HAL_Driver/Src/stm32f1xx_hal.o
 .debug_aranges
                0x000008f0       0xf0 ./Drivers/STM32F1xx_HAL_Driver/Src/stm32f1xx_hal_adc.o
 .debug_aranges
                0x000009e0       0x80 ./Drivers/STM32F1xx_HAL_Driver/Src/stm32f1xx_hal_adc_ex.o
 .debug_aranges
                0x00000a60      0x138 ./Drivers/STM32F1xx_HAL_Driver/Src/stm32f1xx_hal_can.o
 .debug_aranges
                0x00000b98      0x100 ./Drivers/STM32F1xx_HAL_Driver/Src/stm32f1xx_hal_cortex.o
 .debug_aranges
                0x00000c98       0x88 ./Drivers/STM32F1xx_HAL_Driver/Src/stm32f1xx_hal_flash.o
 .debug_aranges
                0x00000d20       0x58 ./Drivers/STM32F1xx_HAL_Driver/Src/stm32f1xx_hal_gpio.o
 .debug_aranges
                0x00000d78      0x2a8 ./Drivers/STM32F1xx_HAL_Driver/Src/stm32f1xx_hal_i2c.o
 .debug_aranges
                0x00001020       0x28 ./Drivers/STM32F1xx_HAL_Driver/Src/stm32f1xx_hal_iwdg.o
 .debug_aranges
                0x00001048       0x90 ./Drivers/STM32F1xx_HAL_Driver/Src/stm32f1xx_hal_rcc.o
 .debug_aranges
                0x000010d8       0x30 ./Drivers/STM32F1xx_HAL_Driver/Src/stm32f1xx_hal_rcc_ex.o
 .debug_aranges
                0x00001108      0x1d0 ./Drivers/STM32F1xx_HAL_Driver/Src/stm32f1xx_hal_spi.o
 .debug_aranges
                0x000012d8       0x30 ./modbus_rtu/modbus_common.o
 .debug_aranges
                0x00001308       0x60 ./modbus_rtu/modbus_msg_handle.o
 .debug_aranges
                0x00001368       0xa8 ./modbus_rtu/modbus_slaver_base.o
 .debug_aranges
                0x00001410       0x38 ./modbus_rtu/modbus_slaver_comp.o
 .debug_aranges
                0x00001448       0x68 ./modbus_rtu/uart_drive.o

.debug_rnglists
                0x00000000      0xfc5
 .debug_rnglists
                0x00000000       0x66 ./CAN_BSW/can_drive.o
 .debug_rnglists
                0x00000066       0x7f ./CAN_GEN/appdesc.o
 .debug_rnglists
                0x000000e5       0xbd ./CAN_GEN/desc.o
 .debug_rnglists
                0x000001a2       0x62 ./Core/Inc/drive_spi.o
 .debug_rnglists
                0x00000204       0x19 ./Core/Src/can_par.o
 .debug_rnglists
                0x0000021d       0x1a ./Core/Src/drive_gpio.o
 .debug_rnglists
                0x00000237       0x5c ./Core/Src/drive_time.o
 .debug_rnglists
                0x00000293       0xad ./Core/Src/i2c_drive.o
 .debug_rnglists
                0x00000340       0x1f ./Core/Src/il_para.o
 .debug_rnglists
                0x0000035f       0x46 ./Core/Src/main.o
 .debug_rnglists
                0x000003a5       0x20 ./Core/Src/mgr_com.o
 .debug_rnglists
                0x000003c5       0x46 ./Core/Src/stm32f1xx_hal_msp.o
 .debug_rnglists
                0x0000040b       0x49 ./Core/Src/stm32f1xx_it.o
 .debug_rnglists
                0x00000454       0x1a ./Core/Src/system_stm32f1xx.o
 .debug_rnglists
                0x0000046e       0x4c ./Core/Src/w5500.o
 .debug_rnglists
                0x000004ba       0xf3 ./Core/Src/wizchip_conf.o
 .debug_rnglists
                0x000005ad       0x19 ./Core/Startup/startup_stm32f103c8tx.o
 .debug_rnglists
                0x000005c6       0xa3 ./Drivers/STM32F1xx_HAL_Driver/Src/stm32f1xx_hal.o
 .debug_rnglists
                0x00000669       0xbc ./Drivers/STM32F1xx_HAL_Driver/Src/stm32f1xx_hal_adc.o
 .debug_rnglists
                0x00000725       0x65 ./Drivers/STM32F1xx_HAL_Driver/Src/stm32f1xx_hal_adc_ex.o
 .debug_rnglists
                0x0000078a       0xed ./Drivers/STM32F1xx_HAL_Driver/Src/stm32f1xx_hal_can.o
 .debug_rnglists
                0x00000877       0xbb ./Drivers/STM32F1xx_HAL_Driver/Src/stm32f1xx_hal_cortex.o
 .debug_rnglists
                0x00000932       0x66 ./Drivers/STM32F1xx_HAL_Driver/Src/stm32f1xx_hal_flash.o
 .debug_rnglists
                0x00000998       0x3f ./Drivers/STM32F1xx_HAL_Driver/Src/stm32f1xx_hal_gpio.o
 .debug_rnglists
                0x000009d7      0x23c ./Drivers/STM32F1xx_HAL_Driver/Src/stm32f1xx_hal_i2c.o
 .debug_rnglists
                0x00000c13       0x1a ./Drivers/STM32F1xx_HAL_Driver/Src/stm32f1xx_hal_iwdg.o
 .debug_rnglists
                0x00000c2d       0x6c ./Drivers/STM32F1xx_HAL_Driver/Src/stm32f1xx_hal_rcc.o
 .debug_rnglists
                0x00000c99       0x21 ./Drivers/STM32F1xx_HAL_Driver/Src/stm32f1xx_hal_rcc_ex.o
 .debug_rnglists
                0x00000cba      0x16e ./Drivers/STM32F1xx_HAL_Driver/Src/stm32f1xx_hal_spi.o
 .debug_rnglists
                0x00000e28       0x1f ./modbus_rtu/modbus_common.o
 .debug_rnglists
                0x00000e47       0x44 ./modbus_rtu/modbus_msg_handle.o
 .debug_rnglists
                0x00000e8b       0xc4 ./modbus_rtu/modbus_slaver_base.o
 .debug_rnglists
                0x00000f4f       0x25 ./modbus_rtu/modbus_slaver_comp.o
 .debug_rnglists
                0x00000f74       0x51 ./modbus_rtu/uart_drive.o

.debug_line     0x00000000    0x11fea
 .debug_line    0x00000000      0xb0f ./CAN_BSW/can_drive.o
 .debug_line    0x00000b0f      0x3ae ./CAN_GEN/appdesc.o
 .debug_line    0x00000ebd      0x7a5 ./CAN_GEN/desc.o
 .debug_line    0x00001662      0x226 ./CAN_GEN/drv_para.o
 .debug_line    0x00001888      0x461 ./Core/Inc/drive_spi.o
 .debug_line    0x00001ce9      0x2ba ./Core/Src/can_par.o
 .debug_line    0x00001fa3      0x336 ./Core/Src/drive_gpio.o
 .debug_line    0x000022d9      0x611 ./Core/Src/drive_time.o
 .debug_line    0x000028ea      0xaea ./Core/Src/i2c_drive.o
 .debug_line    0x000033d4      0x283 ./Core/Src/il_para.o
 .debug_line    0x00003657      0x741 ./Core/Src/main.o
 .debug_line    0x00003d98      0x6d1 ./Core/Src/mgr_com.o
 .debug_line    0x00004469      0x4a8 ./Core/Src/stm32f1xx_hal_msp.o
 .debug_line    0x00004911      0x3cd ./Core/Src/stm32f1xx_it.o
 .debug_line    0x00004cde      0x327 ./Core/Src/system_stm32f1xx.o
 .debug_line    0x00005005      0x232 ./Core/Src/version.o
 .debug_line    0x00005237      0x56f ./Core/Src/w5500.o
 .debug_line    0x000057a6      0xa98 ./Core/Src/wizchip_conf.o
 .debug_line    0x0000623e       0x78 ./Core/Startup/startup_stm32f103c8tx.o
 .debug_line    0x000062b6      0x5d4 ./Drivers/STM32F1xx_HAL_Driver/Src/stm32f1xx_hal.o
 .debug_line    0x0000688a      0xc81 ./Drivers/STM32F1xx_HAL_Driver/Src/stm32f1xx_hal_adc.o
 .debug_line    0x0000750b      0x9bb ./Drivers/STM32F1xx_HAL_Driver/Src/stm32f1xx_hal_adc_ex.o
 .debug_line    0x00007ec6      0xdad ./Drivers/STM32F1xx_HAL_Driver/Src/stm32f1xx_hal_can.o
 .debug_line    0x00008c73      0x751 ./Drivers/STM32F1xx_HAL_Driver/Src/stm32f1xx_hal_cortex.o
 .debug_line    0x000093c4      0x68a ./Drivers/STM32F1xx_HAL_Driver/Src/stm32f1xx_hal_flash.o
 .debug_line    0x00009a4e      0x61b ./Drivers/STM32F1xx_HAL_Driver/Src/stm32f1xx_hal_gpio.o
 .debug_line    0x0000a069     0x38ac ./Drivers/STM32F1xx_HAL_Driver/Src/stm32f1xx_hal_i2c.o
 .debug_line    0x0000d915      0x360 ./Drivers/STM32F1xx_HAL_Driver/Src/stm32f1xx_hal_iwdg.o
 .debug_line    0x0000dc75      0x9f4 ./Drivers/STM32F1xx_HAL_Driver/Src/stm32f1xx_hal_rcc.o
 .debug_line    0x0000e669      0x507 ./Drivers/STM32F1xx_HAL_Driver/Src/stm32f1xx_hal_rcc_ex.o
 .debug_line    0x0000eb70     0x18f4 ./Drivers/STM32F1xx_HAL_Driver/Src/stm32f1xx_hal_spi.o
 .debug_line    0x00010464      0x28b ./modbus_rtu/modbus_common.o
 .debug_line    0x000106ef      0x3e6 ./modbus_rtu/modbus_msg_handle.o
 .debug_line    0x00010ad5      0x97b ./modbus_rtu/modbus_slaver_base.o
 .debug_line    0x00011450      0x335 ./modbus_rtu/modbus_slaver_comp.o
 .debug_line    0x00011785      0x865 ./modbus_rtu/uart_drive.o

.debug_str      0x00000000     0x6434
 .debug_str     0x00000000      0x806 ./CAN_BSW/can_drive.o
                                0x8ca (size before relaxing)
 .debug_str     0x00000806      0x37b ./CAN_GEN/appdesc.o
                                0x50b (size before relaxing)
 .debug_str     0x00000b81      0x9e2 ./CAN_GEN/desc.o
                                0xeb7 (size before relaxing)
 .debug_str     0x00001563      0x138 ./CAN_GEN/drv_para.o
                                0x32c (size before relaxing)
 .debug_str     0x0000169b      0x2b4 ./Core/Inc/drive_spi.o
                                0x490 (size before relaxing)
 .debug_str     0x0000194f      0x10c ./Core/Src/can_par.o
                                0x43e (size before relaxing)
 .debug_str     0x00001a5b       0xd3 ./Core/Src/drive_gpio.o
                                0x2e6 (size before relaxing)
 .debug_str     0x00001b2e      0x542 ./Core/Src/drive_time.o
                                0x734 (size before relaxing)
 .debug_str     0x00002070      0x72a ./Core/Src/i2c_drive.o
                                0xa8d (size before relaxing)
 .debug_str     0x0000279a       0x26 ./Core/Src/il_para.o
                                0x221 (size before relaxing)
 .debug_str     0x000027c0      0x650 ./Core/Src/main.o
                               0x10b6 (size before relaxing)
 .debug_str     0x00002e10      0x17a ./Core/Src/mgr_com.o
                                0x4c9 (size before relaxing)
 .debug_str     0x00002f8a      0x10f ./Core/Src/stm32f1xx_hal_msp.o
                                0xfe1 (size before relaxing)
 .debug_str     0x00003099       0xdc ./Core/Src/stm32f1xx_it.o
                                0x564 (size before relaxing)
 .debug_str     0x00003175       0x7e ./Core/Src/system_stm32f1xx.o
                                0x253 (size before relaxing)
 .debug_str     0x000031f3       0x23 ./Core/Src/version.o
                                0x19f (size before relaxing)
 .debug_str     0x00003216       0xdb ./Core/Src/w5500.o
                                0x2d8 (size before relaxing)
 .debug_str     0x000032f1      0x6e5 ./Core/Src/wizchip_conf.o
                                0xdc4 (size before relaxing)
 .debug_str     0x000039d6       0x44 ./Core/Startup/startup_stm32f103c8tx.o
                                 0x72 (size before relaxing)
 .debug_str     0x00003a1a      0x2e3 ./Drivers/STM32F1xx_HAL_Driver/Src/stm32f1xx_hal.o
                                0x82d (size before relaxing)
 .debug_str     0x00003cfd      0x326 ./Drivers/STM32F1xx_HAL_Driver/Src/stm32f1xx_hal_adc.o
                                0x8d9 (size before relaxing)
 .debug_str     0x00004023      0x291 ./Drivers/STM32F1xx_HAL_Driver/Src/stm32f1xx_hal_adc_ex.o
                                0x8a4 (size before relaxing)
 .debug_str     0x000042b4      0x3ea ./Drivers/STM32F1xx_HAL_Driver/Src/stm32f1xx_hal_can.o
                                0xa21 (size before relaxing)
 .debug_str     0x0000469e      0x31a ./Drivers/STM32F1xx_HAL_Driver/Src/stm32f1xx_hal_cortex.o
                                0x8d2 (size before relaxing)
 .debug_str     0x000049b8      0x253 ./Drivers/STM32F1xx_HAL_Driver/Src/stm32f1xx_hal_flash.o
                                0x52e (size before relaxing)
 .debug_str     0x00004c0b       0xfb ./Drivers/STM32F1xx_HAL_Driver/Src/stm32f1xx_hal_gpio.o
                                0x3ff (size before relaxing)
 .debug_str     0x00004d06      0x886 ./Drivers/STM32F1xx_HAL_Driver/Src/stm32f1xx_hal_i2c.o
                                0xfc4 (size before relaxing)
 .debug_str     0x0000558c       0x39 ./Drivers/STM32F1xx_HAL_Driver/Src/stm32f1xx_hal_iwdg.o
                                0x27a (size before relaxing)
 .debug_str     0x000055c5      0x1c5 ./Drivers/STM32F1xx_HAL_Driver/Src/stm32f1xx_hal_rcc.o
                                0x62a (size before relaxing)
 .debug_str     0x0000578a       0x84 ./Drivers/STM32F1xx_HAL_Driver/Src/stm32f1xx_hal_rcc_ex.o
                                0x3d2 (size before relaxing)
 .debug_str     0x0000580e      0x4dd ./Drivers/STM32F1xx_HAL_Driver/Src/stm32f1xx_hal_spi.o
                                0xb60 (size before relaxing)
 .debug_str     0x00005ceb       0x81 ./modbus_rtu/modbus_common.o
                                0x214 (size before relaxing)
 .debug_str     0x00005d6c      0x1bb ./modbus_rtu/modbus_msg_handle.o
                                0x41f (size before relaxing)
 .debug_str     0x00005f27      0x33a ./modbus_rtu/modbus_slaver_base.o
                                0x5d5 (size before relaxing)
 .debug_str     0x00006261       0x8a ./modbus_rtu/modbus_slaver_comp.o
                                0x394 (size before relaxing)
 .debug_str     0x000062eb      0x149 ./modbus_rtu/uart_drive.o
                                0x9d0 (size before relaxing)

.comment        0x00000000       0x43
 .comment       0x00000000       0x43 ./CAN_BSW/can_drive.o
                                 0x44 (size before relaxing)
 .comment       0x00000043       0x44 ./CAN_GEN/appdesc.o
 .comment       0x00000043       0x44 ./CAN_GEN/desc.o
 .comment       0x00000043       0x44 ./CAN_GEN/drv_para.o
 .comment       0x00000043       0x44 ./Core/Inc/drive_spi.o
 .comment       0x00000043       0x44 ./Core/Src/can_par.o
 .comment       0x00000043       0x44 ./Core/Src/drive_gpio.o
 .comment       0x00000043       0x44 ./Core/Src/drive_time.o
 .comment       0x00000043       0x44 ./Core/Src/i2c_drive.o
 .comment       0x00000043       0x44 ./Core/Src/il_para.o
 .comment       0x00000043       0x44 ./Core/Src/main.o
 .comment       0x00000043       0x44 ./Core/Src/mgr_com.o
 .comment       0x00000043       0x44 ./Core/Src/stm32f1xx_hal_msp.o
 .comment       0x00000043       0x44 ./Core/Src/stm32f1xx_it.o
 .comment       0x00000043       0x44 ./Core/Src/system_stm32f1xx.o
 .comment       0x00000043       0x44 ./Core/Src/version.o
 .comment       0x00000043       0x44 ./Core/Src/w5500.o
 .comment       0x00000043       0x44 ./Core/Src/wizchip_conf.o
 .comment       0x00000043       0x44 ./Drivers/STM32F1xx_HAL_Driver/Src/stm32f1xx_hal.o
 .comment       0x00000043       0x44 ./Drivers/STM32F1xx_HAL_Driver/Src/stm32f1xx_hal_adc.o
 .comment       0x00000043       0x44 ./Drivers/STM32F1xx_HAL_Driver/Src/stm32f1xx_hal_adc_ex.o
 .comment       0x00000043       0x44 ./Drivers/STM32F1xx_HAL_Driver/Src/stm32f1xx_hal_can.o
 .comment       0x00000043       0x44 ./Drivers/STM32F1xx_HAL_Driver/Src/stm32f1xx_hal_cortex.o
 .comment       0x00000043       0x44 ./Drivers/STM32F1xx_HAL_Driver/Src/stm32f1xx_hal_flash.o
 .comment       0x00000043       0x44 ./Drivers/STM32F1xx_HAL_Driver/Src/stm32f1xx_hal_gpio.o
 .comment       0x00000043       0x44 ./Drivers/STM32F1xx_HAL_Driver/Src/stm32f1xx_hal_i2c.o
 .comment       0x00000043       0x44 ./Drivers/STM32F1xx_HAL_Driver/Src/stm32f1xx_hal_iwdg.o
 .comment       0x00000043       0x44 ./Drivers/STM32F1xx_HAL_Driver/Src/stm32f1xx_hal_rcc.o
 .comment       0x00000043       0x44 ./Drivers/STM32F1xx_HAL_Driver/Src/stm32f1xx_hal_rcc_ex.o
 .comment       0x00000043       0x44 ./Drivers/STM32F1xx_HAL_Driver/Src/stm32f1xx_hal_spi.o
 .comment       0x00000043       0x44 ./modbus_rtu/modbus_common.o
 .comment       0x00000043       0x44 ./modbus_rtu/modbus_msg_handle.o
 .comment       0x00000043       0x44 ./modbus_rtu/modbus_slaver_base.o
 .comment       0x00000043       0x44 ./modbus_rtu/modbus_slaver_comp.o
 .comment       0x00000043       0x44 ./modbus_rtu/uart_drive.o

.debug_frame    0x00000000     0x51ec
 .debug_frame   0x00000000      0x1ec ./CAN_BSW/can_drive.o
 .debug_frame   0x000001ec      0x304 ./CAN_GEN/appdesc.o
 .debug_frame   0x000004f0      0x44c ./CAN_GEN/desc.o
 .debug_frame   0x0000093c      0x200 ./Core/Inc/drive_spi.o
 .debug_frame   0x00000b3c       0x58 ./Core/Src/can_par.o
 .debug_frame   0x00000b94       0x5c ./Core/Src/drive_gpio.o
 .debug_frame   0x00000bf0      0x1d0 ./Core/Src/drive_time.o
 .debug_frame   0x00000dc0      0x3bc ./Core/Src/i2c_drive.o
 .debug_frame   0x0000117c       0x80 ./Core/Src/il_para.o
 .debug_frame   0x000011fc      0x128 ./Core/Src/main.o
 .debug_frame   0x00001324       0x78 ./Core/Src/mgr_com.o
 .debug_frame   0x0000139c      0x158 ./Core/Src/stm32f1xx_hal_msp.o
 .debug_frame   0x000014f4      0x120 ./Core/Src/stm32f1xx_it.o
 .debug_frame   0x00001614       0x58 ./Core/Src/system_stm32f1xx.o
 .debug_frame   0x0000166c      0x16c ./Core/Src/w5500.o
 .debug_frame   0x000017d8      0x548 ./Core/Src/wizchip_conf.o
 .debug_frame   0x00001d20      0x334 ./Drivers/STM32F1xx_HAL_Driver/Src/stm32f1xx_hal.o
 .debug_frame   0x00002054      0x40c ./Drivers/STM32F1xx_HAL_Driver/Src/stm32f1xx_hal_adc.o
 .debug_frame   0x00002460      0x200 ./Drivers/STM32F1xx_HAL_Driver/Src/stm32f1xx_hal_adc_ex.o
 .debug_frame   0x00002660      0x5a0 ./Drivers/STM32F1xx_HAL_Driver/Src/stm32f1xx_hal_can.o
 .debug_frame   0x00002c00      0x428 ./Drivers/STM32F1xx_HAL_Driver/Src/stm32f1xx_hal_cortex.o
 .debug_frame   0x00003028      0x20c ./Drivers/STM32F1xx_HAL_Driver/Src/stm32f1xx_hal_flash.o
 .debug_frame   0x00003234      0x14c ./Drivers/STM32F1xx_HAL_Driver/Src/stm32f1xx_hal_gpio.o
 .debug_frame   0x00003380      0xc84 ./Drivers/STM32F1xx_HAL_Driver/Src/stm32f1xx_hal_i2c.o
 .debug_frame   0x00004004       0x5c ./Drivers/STM32F1xx_HAL_Driver/Src/stm32f1xx_hal_iwdg.o
 .debug_frame   0x00004060      0x218 ./Drivers/STM32F1xx_HAL_Driver/Src/stm32f1xx_hal_rcc.o
 .debug_frame   0x00004278       0x80 ./Drivers/STM32F1xx_HAL_Driver/Src/stm32f1xx_hal_rcc_ex.o
 .debug_frame   0x000042f8      0x824 ./Drivers/STM32F1xx_HAL_Driver/Src/stm32f1xx_hal_spi.o
 .debug_frame   0x00004b1c       0x70 ./modbus_rtu/modbus_common.o
 .debug_frame   0x00004b8c      0x154 ./modbus_rtu/modbus_msg_handle.o
 .debug_frame   0x00004ce0      0x2c0 ./modbus_rtu/modbus_slaver_base.o
 .debug_frame   0x00004fa0       0x8c ./modbus_rtu/modbus_slaver_comp.o
 .debug_frame   0x0000502c      0x174 ./modbus_rtu/uart_drive.o
 .debug_frame   0x000051a0       0x20 C:/ST/STM32CubeIDE_1.16.0/STM32CubeIDE/plugins/com.st.stm32cube.ide.mcu.externaltools.gnu-tools-for-stm32.12.3.rel1.win32_1.0.200.202406191623/tools/bin/../lib/gcc/arm-none-eabi/12.3.1/../../../../arm-none-eabi/lib/thumb/v7-m/nofp\libc_nano.a(libc_a-memset.o)
 .debug_frame   0x000051c0       0x2c C:/ST/STM32CubeIDE_1.16.0/STM32CubeIDE/plugins/com.st.stm32cube.ide.mcu.externaltools.gnu-tools-for-stm32.12.3.rel1.win32_1.0.200.202406191623/tools/bin/../lib/gcc/arm-none-eabi/12.3.1/../../../../arm-none-eabi/lib/thumb/v7-m/nofp\libc_nano.a(libc_a-init.o)

.debug_line_str
                0x00000000       0x56
 .debug_line_str
                0x00000000       0x56 ./Core/Startup/startup_stm32f103c8tx.o
