../CAN_BSW/can_drive.c:40:6:CanInit	24	static
../CAN_BSW/can_drive.c:57:6:FillterConfig	16	static
../CAN_BSW/can_drive.c:82:6:FillterConfigAll	8	static
../CAN_BSW/can_drive.c:102:6:CAN_TxMessage	8	static
../CAN_BSW/can_drive.c:111:6:CANTxMsgMessage	16	static
../CAN_BSW/can_drive.c:134:6:USB_LP_CAN1_RX0_IRQHandler	24	static
../CAN_BSW/can_drive.c:188:9:GetDataCanReceive	16	static
../CAN_BSW/can_drive.c:207:9:CAN_HL_Receive	24	static
../CAN_BSW/can_drive.c:233:6:SEND_7DF	16	static
../CAN_BSW/can_drive.c:346:6:SEND_796	16	static
../CAN_BSW/can_drive.c:632:6:SEND_541	16	static
../CAN_BSW/can_drive.c:650:9:TGT_Write_Flash	24	static
../CAN_BSW/can_drive.c:721:6:Mode_Complete	16	static
