../modbus_rtu/modbus_slaver_base.c:31:9:ModbusSlaver_GetFuntion	16	static
../modbus_rtu/modbus_slaver_base.c:36:10:ModbusSlaver_GetAddress	24	static
../modbus_rtu/modbus_slaver_base.c:43:10:ModbusSlaver_GetData	24	static
../modbus_rtu/modbus_slaver_base.c:50:9:ModbusSlaver_DecodeMsg	32	static
../modbus_rtu/modbus_slaver_base.c:70:6:Slaver_Do	16	static
../modbus_rtu/modbus_slaver_base.c:98:6:Slaver_PrepareRespond	24	static
../modbus_rtu/modbus_slaver_base.c:139:6:ModbusSlaver_ReadCoil	16	static
../modbus_rtu/modbus_slaver_base.c:143:6:ModbusSlaver_WriteSingleCoil	24	static
../modbus_rtu/modbus_slaver_base.c:163:6:ModbusSlaver_WriteMultipleCoils	40	static
../modbus_rtu/modbus_slaver_base.c:224:6:ModbusSlaver_PresetSingleRegister	24	static
../modbus_rtu/modbus_slaver_base.c:235:6:ModbusSlaver_WriteMultiRegister	48	static
../modbus_rtu/modbus_slaver_base.c:257:6:pack_coils	32	static
../modbus_rtu/modbus_slaver_base.c:270:6:ModbusSlaver_ReadCoils	40	static
../modbus_rtu/modbus_slaver_base.c:312:6:ModbusSlaver_ReadInpuState	48	static
../modbus_rtu/modbus_slaver_base.c:380:6:ModbusSlaver_ReadHoldingReg	40	static
../modbus_rtu/modbus_slaver_base.c:424:6:ModbusSlaver_ReadInputReg	40	static
../modbus_rtu/modbus_slaver_base.c:465:10:ModbusSlaver_CalculateCRC	32	static
../modbus_rtu/modbus_slaver_base.c:488:9:ModbusSlaver_CheckCRC	24	static
