../modbus_rtu/modbus_msg_handle.c:19:13:MsgHandle_Active	4	static
../modbus_rtu/modbus_msg_handle.c:24:13:SlaverSerial_MessageReadHoldingHandle	16	static
../modbus_rtu/modbus_msg_handle.c:29:13:SlaveSerial_WriteSigleCoil	24	static
../modbus_rtu/modbus_msg_handle.c:38:13:SlaverSerial_MessageReadInputHandle	24	static
../modbus_rtu/modbus_msg_handle.c:49:13:SlaverSerial_MessagePresetMutilHandle	56	static
../modbus_rtu/modbus_msg_handle.c:68:6:SlaverSerial_MessageHandle	16	static
../modbus_rtu/modbus_msg_handle.c:102:6:SlaverSerial_Update	16	static
../modbus_rtu/modbus_msg_handle.c:119:9:IsModbusConnect	4	static
../modbus_rtu/modbus_msg_handle.c:123:6:MsgHandle_Monitor	8	static
