../Drivers/CMSIS/Include/core_cm3.h:1511:22:__NVIC_EnableIRQ	16	static
../modbus_rtu/uart_drive.c:37:10:CRC16_CCITT_FALSE	24	static
../modbus_rtu/uart_drive.c:55:6:USART3_IRQHandler	4	static
../modbus_rtu/uart_drive.c:82:6:Uart_Init	8	static
../modbus_rtu/uart_drive.c:105:15:UART_WaitOnFlagUntilTimeout	24	static
../modbus_rtu/uart_drive.c:120:16:HAL_USART_TxMsg	24	static
../modbus_rtu/uart_drive.c:157:6:itoacode	48	static
../modbus_rtu/uart_drive.c:195:6:Task_uart	48	static
../modbus_rtu/uart_drive.c:251:6:PutTimeRtc	24	static
../modbus_rtu/uart_drive.c:306:6:UartCheckEndOffFrame	8	static
